\BOOKMARK [1][-]{section.1}{\376\377\000I\000n\000i\000t\000i\000a\000l\000\040\000D\000a\000t\000a\000s\000e\000t\000\040\000R\000e\000v\000i\000e\000w\000\040\000a\000n\000d\000\040\000F\000e\000a\000t\000u\000r\000e\000\040\000A\000n\000a\000l\000y\000s\000i\000s}{}% 1
\BOOKMARK [2][-]{subsection.1.1}{\376\377\000D\000a\000t\000a\000s\000e\000t\000\040\000P\000r\000e\000p\000r\000o\000c\000e\000s\000s\000i\000n\000g}{section.1}% 2
\BOOKMARK [2][-]{subsection.1.2}{\376\377\000D\000a\000t\000a\000\040\000Q\000u\000a\000l\000i\000t\000y\000\040\000C\000o\000n\000t\000r\000o\000l}{section.1}% 3
\BOOKMARK [2][-]{subsection.1.3}{\376\377\000O\000u\000t\000l\000i\000e\000r\000\040\000A\000n\000a\000l\000y\000s\000i\000s}{section.1}% 4
\BOOKMARK [2][-]{subsection.1.4}{\376\377\000C\000l\000a\000s\000s\000\040\000D\000i\000s\000t\000r\000i\000b\000u\000t\000i\000o\000n}{section.1}% 5
\BOOKMARK [2][-]{subsection.1.5}{\376\377\000F\000e\000a\000t\000u\000r\000e\000\040\000D\000i\000s\000t\000r\000i\000b\000u\000t\000i\000o\000n\000\040\000a\000n\000d\000\040\000S\000t\000a\000t\000i\000s\000t\000i\000c\000a\000l\000\040\000T\000e\000s\000t\000s}{section.1}% 6
\BOOKMARK [2][-]{subsection.1.6}{\376\377\000U\000n\000i\000d\000e\000n\000t\000i\000f\000i\000e\000d\000\040\000F\000e\000a\000t\000u\000r\000e\000\040\000C\000o\000l\000u\000m\000n}{section.1}% 7
\BOOKMARK [2][-]{subsection.1.7}{\376\377\000V\000i\000s\000u\000a\000l\000\040\000R\000e\000v\000i\000e\000w\000\040\000o\000f\000\040\000t\000h\000e\000\040\000D\000a\000t\000a\000s\000e\000t}{section.1}% 8
\BOOKMARK [3][-]{subsubsection.1.7.1}{\376\377\000T\000o\000p\000\040\000F\000D\000R\000-\000R\000a\000n\000k\000e\000d\000\040\000F\000e\000a\000t\000u\000r\000e\000s}{subsection.1.7}% 9
\BOOKMARK [3][-]{subsubsection.1.7.2}{\376\377\000C\000o\000r\000r\000e\000l\000a\000t\000i\000o\000n\000\040\000a\000m\000o\000n\000g\000\040\000I\000m\000p\000o\000r\000t\000a\000n\000t\000\040\000F\000e\000a\000t\000u\000r\000e\000s}{subsection.1.7}% 10
\BOOKMARK [3][-]{subsubsection.1.7.3}{\376\377\000F\000e\000a\000t\000u\000r\000e\000\040\000V\000a\000r\000i\000a\000n\000c\000e}{subsection.1.7}% 11
\BOOKMARK [3][-]{subsubsection.1.7.4}{\376\377\000P\000r\000i\000n\000c\000i\000p\000a\000l\000\040\000C\000o\000m\000p\000o\000n\000e\000n\000t\000\040\000A\000n\000a\000l\000y\000s\000i\000s}{subsection.1.7}% 12
\BOOKMARK [1][-]{section.2}{\376\377\000B\000a\000s\000e\000l\000i\000n\000e\000,\000\040\000M\000o\000d\000e\000l\000\040\000D\000e\000f\000i\000n\000i\000t\000i\000o\000n\000,\000\040\000a\000n\000d\000\040\000M\000a\000i\000n\000\040\000M\000e\000t\000h\000o\000d\000s}{}% 13
\BOOKMARK [2][-]{subsection.2.1}{\376\377\000B\000a\000s\000e\000l\000i\000n\000e\000\040\000E\000x\000p\000e\000r\000i\000m\000e\000n\000t}{section.2}% 14
\BOOKMARK [2][-]{subsection.2.2}{\376\377\000F\000e\000a\000t\000u\000r\000e\000-\000S\000e\000l\000e\000c\000t\000i\000o\000n\000\040\000M\000e\000t\000h\000o\000d\000s}{section.2}% 15
\BOOKMARK [2][-]{subsection.2.3}{\376\377\000A\000u\000t\000o\000m\000a\000t\000i\000c\000\040\000S\000e\000l\000e\000c\000t\000i\000o\000n\000\040\000o\000f\000\040\000F\000e\000a\000t\000u\000r\000e\000\040\000N\000u\000m\000b\000e\000r}{section.2}% 16
\BOOKMARK [2][-]{subsection.2.4}{\376\377\000M\000a\000c\000h\000i\000n\000e\000\040\000L\000e\000a\000r\000n\000i\000n\000g\000\040\000M\000o\000d\000e\000l\000s}{section.2}% 17
\BOOKMARK [2][-]{subsection.2.5}{\376\377\000E\000f\000f\000e\000c\000t\000\040\000o\000f\000\040\000S\000M\000O\000T\000E}{section.2}% 18
\BOOKMARK [2][-]{subsection.2.6}{\376\377\000H\000y\000p\000e\000r\000p\000a\000r\000a\000m\000e\000t\000e\000r\000\040\000O\000p\000t\000i\000m\000i\000s\000a\000t\000i\000o\000n}{section.2}% 19
\BOOKMARK [2][-]{subsection.2.7}{\376\377\000E\000x\000p\000e\000r\000i\000m\000e\000n\000t\000a\000l\000\040\000G\000r\000i\000d}{section.2}% 20
\BOOKMARK [2][-]{subsection.2.8}{\376\377\000N\000e\000s\000t\000e\000d\000\040\000C\000r\000o\000s\000s\000-\000V\000a\000l\000i\000d\000a\000t\000i\000o\000n}{section.2}% 21
\BOOKMARK [1][-]{section.3}{\376\377\000B\000a\000s\000e\000l\000i\000n\000e\000\040\000M\000o\000d\000e\000l\000\040\000R\000e\000s\000u\000l\000t\000s}{}% 22
\BOOKMARK [2][-]{subsection.3.1}{\376\377\000R\000O\000C\000\040\000C\000u\000r\000v\000e\000s}{section.3}% 23
\BOOKMARK [2][-]{subsection.3.2}{\376\377\000C\000o\000n\000f\000u\000s\000i\000o\000n\000\040\000M\000a\000t\000r\000i\000x}{section.3}% 24
\BOOKMARK [2][-]{subsection.3.3}{\376\377\000M\000e\000t\000r\000i\000c\000\040\000P\000r\000o\000f\000i\000l\000e}{section.3}% 25
\BOOKMARK [2][-]{subsection.3.4}{\376\377\000F\000e\000a\000t\000u\000r\000e\000-\000S\000e\000l\000e\000c\000t\000i\000o\000n\000\040\000S\000t\000a\000b\000i\000l\000i\000t\000y}{section.3}% 26
\BOOKMARK [1][-]{section.4}{\376\377\000M\000a\000i\000n\000\040\000E\000x\000p\000e\000r\000i\000m\000e\000n\000t\000a\000l\000\040\000R\000e\000s\000u\000l\000t\000s}{}% 27
\BOOKMARK [2][-]{subsection.4.1}{\376\377\000F\000o\000l\000d\000-\000L\000e\000v\000e\000l\000\040\000P\000e\000r\000f\000o\000r\000m\000a\000n\000c\000e}{section.4}% 28
\BOOKMARK [2][-]{subsection.4.2}{\376\377\000S\000e\000l\000e\000c\000t\000e\000d\000\040\000R\000u\000n\000\040\000f\000o\000r\000\040\000D\000e\000t\000a\000i\000l\000e\000d\000\040\000A\000n\000a\000l\000y\000s\000i\000s}{section.4}% 29
\BOOKMARK [2][-]{subsection.4.3}{\376\377\000U\000n\000c\000e\000r\000t\000a\000i\000n\000t\000y\000\040\000o\000f\000\040\000t\000h\000e\000\040\000R\000e\000s\000u\000l\000t}{section.4}% 30
\BOOKMARK [2][-]{subsection.4.4}{\376\377\000S\000t\000a\000t\000i\000s\000t\000i\000c\000a\000l\000\040\000C\000o\000m\000p\000a\000r\000i\000s\000o\000n}{section.4}% 31
\BOOKMARK [1][-]{section.5}{\376\377\000A\000n\000a\000l\000y\000s\000i\000s\000\040\000a\000n\000d\000\040\000M\000o\000d\000e\000l\000\040\000I\000n\000t\000e\000r\000p\000r\000e\000t\000a\000t\000i\000o\000n}{}% 32
\BOOKMARK [2][-]{subsection.5.1}{\376\377\000S\000H\000A\000P\000\040\000F\000e\000a\000t\000u\000r\000e\000\040\000I\000m\000p\000o\000r\000t\000a\000n\000c\000e}{section.5}% 33
\BOOKMARK [2][-]{subsection.5.2}{\376\377\000D\000i\000r\000e\000c\000t\000i\000o\000n\000\040\000o\000f\000\040\000F\000e\000a\000t\000u\000r\000e\000\040\000E\000f\000f\000e\000c\000t\000s}{section.5}% 34
\BOOKMARK [2][-]{subsection.5.3}{\376\377\000F\000e\000a\000t\000u\000r\000e\000-\000F\000a\000m\000i\000l\000y\000\040\000C\000o\000n\000t\000r\000i\000b\000u\000t\000i\000o\000n\000\040\000a\000n\000d\000\040\000S\000e\000l\000e\000c\000t\000i\000o\000n\000\040\000S\000t\000a\000b\000i\000l\000i\000t\000y}{section.5}% 35
\BOOKMARK [1][-]{section.6}{\376\377\000P\000a\000i\000r\000w\000i\000s\000e\000\040\000A\000n\000a\000l\000y\000s\000i\000s\000:\000\040\000P\000o\000s\000t\0002\000\040\000a\000n\000d\000\040\000A\000D\000C}{}% 36
\BOOKMARK [2][-]{subsection.6.1}{\376\377\000C\000o\000m\000b\000i\000n\000e\000d\000\040\000D\000a\000t\000a\000s\000e\000t}{section.6}% 37
\BOOKMARK [2][-]{subsection.6.2}{\376\377\000B\000a\000s\000e\000l\000i\000n\000e\000\040\000R\000e\000s\000u\000l\000t}{section.6}% 38
\BOOKMARK [2][-]{subsection.6.3}{\376\377\000N\000u\000m\000b\000e\000r\000\040\000o\000f\000\040\000S\000e\000l\000e\000c\000t\000e\000d\000\040\000F\000e\000a\000t\000u\000r\000e\000s}{section.6}% 39
\BOOKMARK [2][-]{subsection.6.4}{\376\377\000F\000e\000a\000t\000u\000r\000e\000\040\000S\000t\000a\000b\000i\000l\000i\000t\000y}{section.6}% 40
\BOOKMARK [2][-]{subsection.6.5}{\376\377\000C\000o\000m\000p\000a\000r\000i\000s\000o\000n\000\040\000w\000i\000t\000h\000\040\000A\000D\000C\000\040\000A\000l\000o\000n\000e}{section.6}% 41
\BOOKMARK [1][-]{section.7}{\376\377\000T\000r\000i\000p\000l\000e\000-\000D\000a\000t\000a\000s\000e\000t\000\040\000A\000n\000a\000l\000y\000s\000i\000s}{}% 42
\BOOKMARK [2][-]{subsection.7.1}{\376\377\000B\000e\000s\000t\000\040\000T\000r\000i\000p\000l\000e\000\040\000C\000o\000m\000b\000i\000n\000a\000t\000i\000o\000n\000s}{section.7}% 43
\BOOKMARK [2][-]{subsection.7.2}{\376\377\000F\000o\000l\000d\000-\000L\000e\000v\000e\000l\000\040\000P\000e\000r\000f\000o\000r\000m\000a\000n\000c\000e}{section.7}% 44
\BOOKMARK [2][-]{subsection.7.3}{\376\377\000I\000m\000p\000o\000r\000t\000a\000n\000c\000e\000\040\000o\000f\000\040\000A\000D\000C}{section.7}% 45
\BOOKMARK [2][-]{subsection.7.4}{\376\377\000F\000e\000a\000t\000u\000r\000e\000\040\000S\000e\000l\000e\000c\000t\000i\000o\000n\000\040\000a\000n\000d\000\040\000M\000o\000d\000e\000l\000\040\000T\000y\000p\000e}{section.7}% 46
\BOOKMARK [2][-]{subsection.7.5}{\376\377\000C\000o\000m\000p\000a\000r\000i\000s\000o\000n\000\040\000w\000i\000t\000h\000\040\000E\000a\000r\000l\000i\000e\000r\000\040\000R\000e\000s\000u\000l\000t\000s}{section.7}% 47
\BOOKMARK [1][-]{section.8}{\376\377\000F\000o\000u\000r\000-\000D\000a\000t\000a\000s\000e\000t\000\040\000R\000e\000s\000u\000l\000t\000s\000:\000\040\000A\000D\000C\040\023\000P\000o\000s\000t\0001\040\023\000P\000o\000s\000t\0002\040\023\000P\000r\000e}{}% 48
\BOOKMARK [2][-]{subsection.8.1}{\376\377\000B\000e\000s\000t\000\040\000R\000e\000s\000u\000l\000t}{section.8}% 49
\BOOKMARK [2][-]{subsection.8.2}{\376\377\000E\000f\000f\000e\000c\000t\000\040\000o\000f\000\040\000S\000M\000O\000T\000E}{section.8}% 50
\BOOKMARK [2][-]{subsection.8.3}{\376\377\000S\000e\000l\000e\000c\000t\000e\000d\000\040\000F\000e\000a\000t\000u\000r\000e\000s}{section.8}% 51
\BOOKMARK [1][-]{section.9}{\376\377\000F\000i\000v\000e\000-\000D\000a\000t\000a\000s\000e\000t\000\040\000R\000e\000s\000u\000l\000t\000s}{}% 52
