
Executing:   0%|          | 0/92 [00:00<?, ?cell/s]
Executing:   1%|          | 1/92 [00:00<01:24,  1.08cell/s]
Executing:   4%|▍         | 4/92 [00:02<00:51,  1.72cell/s]
Executing:   8%|▊         | 7/92 [00:03<00:41,  2.06cell/s]
Executing:  13%|█▎        | 12/92 [00:03<00:18,  4.43cell/s]
Executing:  16%|█▋        | 15/92 [00:03<00:13,  5.91cell/s]
Executing:  20%|█▉        | 18/92 [00:04<00:09,  7.73cell/s]
Executing:  23%|██▎       | 21/92 [00:06<00:27,  2.59cell/s]
Executing:  27%|██▋       | 25/92 [00:07<00:16,  3.96cell/s]
Executing:  30%|███       | 28/92 [00:07<00:13,  4.88cell/s]
Executing:  35%|███▍      | 32/92 [00:07<00:08,  7.02cell/s]
Executing:  38%|███▊      | 35/92 [00:07<00:06,  8.58cell/s]
Executing:  38%|███▊      | 35/92 [00:20<00:06,  8.58cell/s]
Executing:  39%|███▉      | 36/92 [01:32<09:12,  9.87s/cell]
Executing:  40%|████      | 37/92 [15:33<1:56:57, 127.58s/cell]
Executing:  41%|████▏     | 38/92 [15:34<1:35:35, 106.20s/cell]
Executing:  43%|████▎     | 40/92 [15:35<1:02:17, 71.88s/cell] 
Executing:  46%|████▌     | 42/92 [15:36<41:03, 49.28s/cell]  
Executing:  47%|████▋     | 43/92 [15:36<32:52, 40.26s/cell]
Executing:  48%|████▊     | 44/92 [15:37<25:33, 31.94s/cell]
Executing:  49%|████▉     | 45/92 [15:37<19:20, 24.70s/cell]
Executing:  50%|█████     | 46/92 [15:37<14:20, 18.70s/cell]
Executing:  51%|█████     | 47/92 [15:38<10:26, 13.92s/cell]
Executing:  52%|█████▏    | 48/92 [15:50<09:52, 13.46s/cell]
Executing:  53%|█████▎    | 49/92 [15:50<07:01,  9.79s/cell]
Executing:  54%|█████▍    | 50/92 [15:51<04:58,  7.10s/cell]
Executing:  55%|█████▌    | 51/92 [15:51<03:30,  5.14s/cell]
Executing:  57%|█████▋    | 52/92 [15:53<02:44,  4.11s/cell]
Executing:  58%|█████▊    | 53/92 [15:53<01:57,  3.00s/cell]
Executing:  59%|█████▊    | 54/92 [15:53<01:24,  2.21s/cell]
Executing:  60%|█████▉    | 55/92 [15:58<01:44,  2.81s/cell]
Executing:  61%|██████    | 56/92 [15:58<01:14,  2.07s/cell]
Executing:  62%|██████▏   | 57/92 [15:58<00:54,  1.55s/cell]
Executing:  63%|██████▎   | 58/92 [15:59<00:40,  1.19s/cell]
Executing:  64%|██████▍   | 59/92 [15:59<00:30,  1.07cell/s]
Executing:  65%|██████▌   | 60/92 [15:59<00:24,  1.30cell/s]
Executing:  66%|██████▋   | 61/92 [16:00<00:20,  1.54cell/s]
Executing:  67%|██████▋   | 62/92 [16:00<00:16,  1.77cell/s]
Executing:  68%|██████▊   | 63/92 [16:00<00:14,  1.97cell/s]
Executing:  70%|██████▉   | 64/92 [16:02<00:21,  1.29cell/s]
Executing:  71%|███████   | 65/92 [16:03<00:27,  1.03s/cell]
Executing:  72%|███████▏  | 66/92 [16:05<00:29,  1.15s/cell]
Executing:  73%|███████▎  | 67/92 [16:05<00:23,  1.07cell/s]
Executing:  74%|███████▍  | 68/92 [16:06<00:23,  1.00cell/s]
Executing:  75%|███████▌  | 69/92 [16:07<00:18,  1.25cell/s]
Executing:  76%|███████▌  | 70/92 [16:18<01:28,  4.00s/cell]
Executing:  77%|███████▋  | 71/92 [16:19<01:01,  2.91s/cell]
Executing:  78%|███████▊  | 72/92 [16:19<00:44,  2.24s/cell]
Executing:  79%|███████▉  | 73/92 [16:20<00:31,  1.67s/cell]
Executing:  80%|████████  | 74/92 [16:20<00:23,  1.28s/cell]
Executing:  82%|████████▏ | 75/92 [16:20<00:17,  1.01s/cell]
Executing:  83%|████████▎ | 76/92 [16:21<00:13,  1.23cell/s]
Executing:  84%|████████▎ | 77/92 [16:21<00:10,  1.48cell/s]
Executing:  85%|████████▍ | 78/92 [16:21<00:08,  1.70cell/s]
Executing:  86%|████████▌ | 79/92 [16:22<00:07,  1.83cell/s]
Executing:  87%|████████▋ | 80/92 [16:22<00:06,  1.99cell/s]
Executing:  88%|████████▊ | 81/92 [16:23<00:05,  2.15cell/s]
Executing:  89%|████████▉ | 82/92 [16:23<00:04,  2.28cell/s]
Executing:  90%|█████████ | 83/92 [16:23<00:03,  2.37cell/s]
Executing:  91%|█████████▏| 84/92 [16:24<00:03,  2.40cell/s]
Executing:  92%|█████████▏| 85/92 [16:24<00:02,  2.51cell/s]
Executing:  93%|█████████▎| 86/92 [16:25<00:02,  2.59cell/s]
Executing:  95%|█████████▍| 87/92 [16:25<00:01,  2.68cell/s]
Executing:  96%|█████████▌| 88/92 [16:25<00:01,  2.70cell/s]
Executing:  97%|█████████▋| 89/92 [16:26<00:01,  2.77cell/s]
Executing:  98%|█████████▊| 90/92 [16:26<00:00,  2.83cell/s]
Executing:  99%|█████████▉| 91/92 [16:26<00:00,  2.85cell/s]
Executing: 100%|██████████| 92/92 [16:27<00:00,  2.89cell/s]
Executing: 100%|██████████| 92/92 [16:27<00:00, 10.74s/cell]
