
Executing:   0%|          | 0/92 [00:00<?, ?cell/s]
Executing:   1%|          | 1/92 [00:00<01:03,  1.43cell/s]
Executing:   4%|▍         | 4/92 [00:02<00:51,  1.72cell/s]
Executing:   8%|▊         | 7/92 [00:03<00:37,  2.29cell/s]
Executing:  13%|█▎        | 12/92 [00:03<00:16,  4.92cell/s]
Executing:  18%|█▊        | 17/92 [00:03<00:09,  8.16cell/s]
Executing:  23%|██▎       | 21/92 [00:06<00:22,  3.10cell/s]
Executing:  27%|██▋       | 25/92 [00:06<00:15,  4.41cell/s]
Executing:  30%|███       | 28/92 [00:06<00:11,  5.54cell/s]
Executing:  35%|███▍      | 32/92 [00:06<00:07,  7.73cell/s]
Executing:  38%|███▊      | 35/92 [00:06<00:05,  9.57cell/s]
Executing:  38%|███▊      | 35/92 [00:20<00:05,  9.57cell/s]
Executing:  39%|███▉      | 36/92 [01:24<08:08,  8.73s/cell]
Executing:  40%|████      | 37/92 [14:33<1:45:34, 115.16s/cell]
Executing:  41%|████▏     | 38/92 [14:34<1:26:49, 96.46s/cell] 
Executing:  45%|████▍     | 41/92 [14:35<48:24, 56.95s/cell]  
Executing:  47%|████▋     | 43/92 [14:36<33:30, 41.04s/cell]
Executing:  49%|████▉     | 45/92 [14:37<23:02, 29.42s/cell]
Executing:  50%|█████     | 46/92 [14:37<18:45, 24.48s/cell]
Executing:  51%|█████     | 47/92 [14:38<14:49, 19.76s/cell]
Executing:  52%|█████▏    | 48/92 [14:52<13:34, 18.51s/cell]
Executing:  53%|█████▎    | 49/92 [14:52<10:10, 14.19s/cell]
Executing:  54%|█████▍    | 50/92 [14:52<07:28, 10.68s/cell]
Executing:  55%|█████▌    | 51/92 [14:53<05:25,  7.94s/cell]
Executing:  57%|█████▋    | 52/92 [14:55<04:10,  6.27s/cell]
Executing:  58%|█████▊    | 53/92 [14:55<02:59,  4.61s/cell]
Executing:  59%|█████▊    | 54/92 [14:56<02:09,  3.40s/cell]
Executing:  60%|█████▉    | 55/92 [15:00<02:19,  3.76s/cell]
Executing:  61%|██████    | 56/92 [15:00<01:39,  2.75s/cell]
Executing:  62%|██████▏   | 57/92 [15:01<01:11,  2.04s/cell]
Executing:  63%|██████▎   | 58/92 [15:01<00:54,  1.61s/cell]
Executing:  64%|██████▍   | 59/92 [15:02<00:41,  1.26s/cell]
Executing:  65%|██████▌   | 60/92 [15:02<00:33,  1.04s/cell]
Executing:  66%|██████▋   | 61/92 [15:03<00:26,  1.16cell/s]
Executing:  67%|██████▋   | 62/92 [15:03<00:21,  1.40cell/s]
Executing:  68%|██████▊   | 63/92 [15:04<00:17,  1.62cell/s]
Executing:  70%|██████▉   | 64/92 [15:05<00:24,  1.15cell/s]
Executing:  71%|███████   | 65/92 [15:07<00:29,  1.09s/cell]
Executing:  72%|███████▏  | 66/92 [15:08<00:32,  1.24s/cell]
Executing:  73%|███████▎  | 67/92 [15:09<00:25,  1.00s/cell]
Executing:  74%|███████▍  | 68/92 [15:10<00:25,  1.07s/cell]
Executing:  75%|███████▌  | 69/92 [15:10<00:19,  1.17cell/s]
ExactExplainer explainer:  94%|█████████▍| 106/113 [00:00<?, ?it/s]

ExactExplainer explainer:  96%|█████████▋| 109/113 [00:10<00:00, 19.37it/s]

ExactExplainer explainer:  98%|█████████▊| 111/113 [00:10<00:00, 16.20it/s]

ExactExplainer explainer: 100%|██████████| 113/113 [00:10<00:00, 12.06it/s]

ExactExplainer explainer: 114it [00:10,  1.33s/it]                         



Executing:  76%|███████▌  | 70/92 [15:23<01:39,  4.51s/cell]
Executing:  77%|███████▋  | 71/92 [15:24<01:09,  3.31s/cell]
Executing:  78%|███████▊  | 72/92 [15:25<00:50,  2.54s/cell]
Executing:  79%|███████▉  | 73/92 [15:25<00:35,  1.89s/cell]
Executing:  80%|████████  | 74/92 [15:25<00:25,  1.43s/cell]
Executing:  82%|████████▏ | 75/92 [15:26<00:18,  1.11s/cell]
Executing:  83%|████████▎ | 76/92 [15:26<00:14,  1.11cell/s]
Executing:  84%|████████▎ | 77/92 [15:26<00:11,  1.35cell/s]
Executing:  85%|████████▍ | 78/92 [15:27<00:08,  1.59cell/s]
Executing:  86%|████████▌ | 79/92 [15:27<00:07,  1.79cell/s]
Executing:  87%|████████▋ | 80/92 [15:28<00:06,  1.98cell/s]
Executing:  88%|████████▊ | 81/92 [15:28<00:05,  2.15cell/s]
Executing:  89%|████████▉ | 82/92 [15:28<00:04,  2.28cell/s]
Executing:  90%|█████████ | 83/92 [15:29<00:03,  2.38cell/s]
Executing:  91%|█████████▏| 84/92 [15:29<00:03,  2.28cell/s]
Executing:  92%|█████████▏| 85/92 [15:30<00:02,  2.42cell/s]
Executing:  93%|█████████▎| 86/92 [15:30<00:02,  2.54cell/s]
Executing:  95%|█████████▍| 87/92 [15:30<00:01,  2.65cell/s]
Executing:  96%|█████████▌| 88/92 [15:31<00:01,  2.67cell/s]
Executing:  97%|█████████▋| 89/92 [15:31<00:01,  2.74cell/s]
Executing:  98%|█████████▊| 90/92 [15:31<00:00,  2.64cell/s]
Executing:  99%|█████████▉| 91/92 [15:32<00:00,  2.73cell/s]
Executing: 100%|██████████| 92/92 [15:32<00:00,  2.81cell/s]
Executing: 100%|██████████| 92/92 [15:35<00:00, 10.16s/cell]
