
Executing:   0%|          | 0/92 [00:00<?, ?cell/s]
Executing:   1%|          | 1/92 [00:00<01:15,  1.20cell/s]
Executing:   4%|▍         | 4/92 [00:02<00:42,  2.09cell/s]
Executing:   8%|▊         | 7/92 [00:02<00:29,  2.87cell/s]
Executing:  13%|█▎        | 12/92 [00:02<00:13,  5.99cell/s]
Executing:  17%|█▋        | 16/92 [00:02<00:08,  8.89cell/s]
Executing:  21%|██        | 19/92 [00:03<00:06, 11.16cell/s]
Executing:  24%|██▍       | 22/92 [00:07<00:33,  2.10cell/s]
Executing:  27%|██▋       | 25/92 [00:07<00:23,  2.89cell/s]
Executing:  30%|███       | 28/92 [00:07<00:16,  3.78cell/s]
Executing:  34%|███▎      | 31/92 [00:07<00:12,  5.07cell/s]
Executing:  37%|███▋      | 34/92 [00:07<00:08,  6.65cell/s]
Executing:  38%|███▊      | 35/92 [00:20<00:08,  6.65cell/s]
Executing:  39%|███▉      | 36/92 [01:33<08:58,  9.61s/cell]
Executing:  40%|████      | 37/92 [15:50<1:54:58, 125.43s/cell]
Executing:  41%|████▏     | 38/92 [15:50<1:34:30, 105.02s/cell]
Executing:  43%|████▎     | 40/92 [15:51<1:02:09, 71.73s/cell] 
Executing:  46%|████▌     | 42/92 [15:52<41:12, 49.44s/cell]  
Executing:  47%|████▋     | 43/92 [15:52<33:04, 40.51s/cell]
Executing:  48%|████▊     | 44/92 [15:53<25:46, 32.22s/cell]
Executing:  49%|████▉     | 45/92 [15:53<19:34, 24.99s/cell]
Executing:  50%|█████     | 46/92 [15:54<14:32, 18.96s/cell]
Executing:  51%|█████     | 47/92 [15:54<10:37, 14.16s/cell]
Executing:  52%|█████▏    | 48/92 [16:07<10:02, 13.69s/cell]
Executing:  53%|█████▎    | 49/92 [16:07<07:08,  9.97s/cell]
Executing:  54%|█████▍    | 50/92 [16:07<05:03,  7.23s/cell]
Executing:  55%|█████▌    | 51/92 [16:08<03:34,  5.24s/cell]
Executing:  57%|█████▋    | 52/92 [16:09<02:48,  4.20s/cell]
Executing:  58%|█████▊    | 53/92 [16:10<02:00,  3.10s/cell]
Executing:  59%|█████▊    | 54/92 [16:10<01:28,  2.33s/cell]
Executing:  60%|█████▉    | 55/92 [16:15<01:47,  2.90s/cell]
Executing:  61%|██████    | 56/92 [16:15<01:16,  2.13s/cell]
Executing:  62%|██████▏   | 57/92 [16:15<00:55,  1.60s/cell]
Executing:  63%|██████▎   | 58/92 [16:16<00:41,  1.22s/cell]
Executing:  64%|██████▍   | 59/92 [16:16<00:31,  1.04cell/s]
Executing:  65%|██████▌   | 60/92 [16:16<00:24,  1.29cell/s]
Executing:  66%|██████▋   | 61/92 [16:17<00:19,  1.55cell/s]
Executing:  67%|██████▋   | 62/92 [16:17<00:16,  1.81cell/s]
Executing:  68%|██████▊   | 63/92 [16:17<00:14,  1.99cell/s]
Executing:  70%|██████▉   | 64/92 [16:19<00:21,  1.31cell/s]
Executing:  71%|███████   | 65/92 [16:20<00:26,  1.01cell/s]
Executing:  72%|███████▏  | 66/92 [16:22<00:30,  1.16s/cell]
Executing:  73%|███████▎  | 67/92 [16:22<00:23,  1.06cell/s]
Executing:  74%|███████▍  | 68/92 [16:23<00:24,  1.02s/cell]
Executing:  75%|███████▌  | 69/92 [16:24<00:18,  1.22cell/s]
PermutationExplainer explainer:  37%|███▋      | 43/116 [00:00<?, ?it/s]

PermutationExplainer explainer:  39%|███▉      | 45/116 [00:10<00:06, 10.48it/s]

PermutationExplainer explainer:  41%|████      | 47/116 [00:10<00:10,  6.48it/s]

PermutationExplainer explainer:  41%|████▏     | 48/116 [00:10<00:11,  6.12it/s]

PermutationExplainer explainer:  42%|████▏     | 49/116 [00:11<00:11,  5.81it/s]

PermutationExplainer explainer:  43%|████▎     | 50/116 [00:11<00:11,  5.69it/s]

PermutationExplainer explainer:  44%|████▍     | 51/116 [00:11<00:11,  5.60it/s]

PermutationExplainer explainer:  45%|████▍     | 52/116 [00:11<00:11,  5.52it/s]

PermutationExplainer explainer:  46%|████▌     | 53/116 [00:11<00:11,  5.48it/s]

PermutationExplainer explainer:  47%|████▋     | 54/116 [00:11<00:11,  5.35it/s]

PermutationExplainer explainer:  47%|████▋     | 55/116 [00:12<00:11,  5.26it/s]

PermutationExplainer explainer:  48%|████▊     | 56/116 [00:12<00:11,  5.28it/s]

PermutationExplainer explainer:  49%|████▉     | 57/116 [00:12<00:11,  5.19it/s]

PermutationExplainer explainer:  50%|█████     | 58/116 [00:12<00:11,  5.20it/s]

PermutationExplainer explainer:  51%|█████     | 59/116 [00:12<00:10,  5.27it/s]

PermutationExplainer explainer:  52%|█████▏    | 60/116 [00:13<00:10,  5.16it/s]

PermutationExplainer explainer:  53%|█████▎    | 61/116 [00:13<00:10,  5.24it/s]

PermutationExplainer explainer:  53%|█████▎    | 62/116 [00:13<00:10,  5.26it/s]

PermutationExplainer explainer:  54%|█████▍    | 63/116 [00:13<00:09,  5.32it/s]

PermutationExplainer explainer:  55%|█████▌    | 64/116 [00:13<00:09,  5.37it/s]

PermutationExplainer explainer:  56%|█████▌    | 65/116 [00:14<00:09,  5.39it/s]

PermutationExplainer explainer:  57%|█████▋    | 66/116 [00:14<00:09,  5.30it/s]

PermutationExplainer explainer:  58%|█████▊    | 67/116 [00:14<00:09,  5.28it/s]

PermutationExplainer explainer:  59%|█████▊    | 68/116 [00:14<00:09,  5.26it/s]

PermutationExplainer explainer:  59%|█████▉    | 69/116 [00:14<00:08,  5.23it/s]

PermutationExplainer explainer:  60%|██████    | 70/116 [00:15<00:08,  5.30it/s]

PermutationExplainer explainer:  61%|██████    | 71/116 [00:15<00:08,  5.33it/s]

PermutationExplainer explainer:  62%|██████▏   | 72/116 [00:15<00:08,  5.25it/s]

PermutationExplainer explainer:  63%|██████▎   | 73/116 [00:15<00:08,  5.30it/s]

PermutationExplainer explainer:  64%|██████▍   | 74/116 [00:15<00:08,  5.25it/s]

PermutationExplainer explainer:  65%|██████▍   | 75/116 [00:15<00:07,  5.23it/s]

PermutationExplainer explainer:  66%|██████▌   | 76/116 [00:16<00:07,  5.15it/s]

PermutationExplainer explainer:  66%|██████▋   | 77/116 [00:16<00:07,  5.18it/s]

PermutationExplainer explainer:  67%|██████▋   | 78/116 [00:16<00:07,  5.16it/s]

PermutationExplainer explainer:  68%|██████▊   | 79/116 [00:16<00:07,  5.11it/s]

PermutationExplainer explainer:  69%|██████▉   | 80/116 [00:16<00:06,  5.17it/s]

PermutationExplainer explainer:  70%|██████▉   | 81/116 [00:17<00:06,  5.21it/s]

PermutationExplainer explainer:  71%|███████   | 82/116 [00:17<00:06,  5.20it/s]

PermutationExplainer explainer:  72%|███████▏  | 83/116 [00:17<00:06,  5.07it/s]

PermutationExplainer explainer:  72%|███████▏  | 84/116 [00:17<00:06,  5.08it/s]

PermutationExplainer explainer:  73%|███████▎  | 85/116 [00:17<00:06,  5.06it/s]

PermutationExplainer explainer:  74%|███████▍  | 86/116 [00:18<00:05,  5.14it/s]

PermutationExplainer explainer:  75%|███████▌  | 87/116 [00:18<00:05,  5.16it/s]

PermutationExplainer explainer:  76%|███████▌  | 88/116 [00:18<00:05,  5.11it/s]

PermutationExplainer explainer:  77%|███████▋  | 89/116 [00:18<00:05,  5.10it/s]

PermutationExplainer explainer:  78%|███████▊  | 90/116 [00:18<00:05,  5.16it/s]

PermutationExplainer explainer:  78%|███████▊  | 91/116 [00:19<00:04,  5.19it/s]

PermutationExplainer explainer:  79%|███████▉  | 92/116 [00:19<00:04,  5.19it/s]

PermutationExplainer explainer:  80%|████████  | 93/116 [00:19<00:05,  3.91it/s]

PermutationExplainer explainer:  81%|████████  | 94/116 [00:20<00:06,  3.56it/s]

PermutationExplainer explainer:  82%|████████▏ | 95/116 [00:20<00:05,  3.90it/s]

PermutationExplainer explainer:  83%|████████▎ | 96/116 [00:20<00:05,  3.99it/s]

PermutationExplainer explainer:  84%|████████▎ | 97/116 [00:20<00:04,  4.28it/s]

PermutationExplainer explainer:  84%|████████▍ | 98/116 [00:20<00:04,  4.49it/s]

PermutationExplainer explainer:  85%|████████▌ | 99/116 [00:21<00:03,  4.65it/s]

PermutationExplainer explainer:  86%|████████▌ | 100/116 [00:21<00:03,  4.79it/s]

PermutationExplainer explainer:  87%|████████▋ | 101/116 [00:21<00:03,  4.88it/s]

PermutationExplainer explainer:  88%|████████▊ | 102/116 [00:21<00:02,  4.97it/s]

PermutationExplainer explainer:  89%|████████▉ | 103/116 [00:21<00:02,  5.00it/s]

PermutationExplainer explainer:  90%|████████▉ | 104/116 [00:22<00:02,  5.00it/s]

PermutationExplainer explainer:  91%|█████████ | 105/116 [00:22<00:02,  5.04it/s]

PermutationExplainer explainer:  91%|█████████▏| 106/116 [00:22<00:01,  5.09it/s]

PermutationExplainer explainer:  92%|█████████▏| 107/116 [00:22<00:01,  5.13it/s]

PermutationExplainer explainer:  93%|█████████▎| 108/116 [00:22<00:01,  5.10it/s]

PermutationExplainer explainer:  94%|█████████▍| 109/116 [00:22<00:01,  5.15it/s]

PermutationExplainer explainer:  95%|█████████▍| 110/116 [00:23<00:01,  5.12it/s]

PermutationExplainer explainer:  96%|█████████▌| 111/116 [00:23<00:00,  5.11it/s]

PermutationExplainer explainer:  97%|█████████▋| 112/116 [00:23<00:00,  5.14it/s]

PermutationExplainer explainer:  97%|█████████▋| 113/116 [00:23<00:00,  5.16it/s]

PermutationExplainer explainer:  98%|█████████▊| 114/116 [00:23<00:00,  5.03it/s]

PermutationExplainer explainer:  99%|█████████▉| 115/116 [00:24<00:00,  5.06it/s]

PermutationExplainer explainer: 100%|██████████| 116/116 [00:24<00:00,  5.06it/s]

PermutationExplainer explainer: 117it [00:24,  4.84it/s]                         

PermutationExplainer explainer: 117it [00:24,  3.01it/s]



Executing:  76%|███████▌  | 70/92 [16:53<03:22,  9.21s/cell]
Executing:  77%|███████▋  | 71/92 [16:53<02:17,  6.56s/cell]
Executing:  78%|███████▊  | 72/92 [16:54<01:38,  4.91s/cell]
Executing:  79%|███████▉  | 73/92 [16:54<01:07,  3.55s/cell]
Executing:  80%|████████  | 74/92 [16:55<00:47,  2.62s/cell]
Executing:  82%|████████▏ | 75/92 [16:55<00:33,  1.97s/cell]
Executing:  83%|████████▎ | 76/92 [16:56<00:24,  1.52s/cell]
Executing:  84%|████████▎ | 77/92 [16:56<00:17,  1.19s/cell]
Executing:  85%|████████▍ | 78/92 [16:57<00:13,  1.04cell/s]
Executing:  86%|████████▌ | 79/92 [16:57<00:10,  1.27cell/s]
Executing:  87%|████████▋ | 80/92 [16:57<00:07,  1.51cell/s]
Executing:  88%|████████▊ | 81/92 [16:58<00:06,  1.76cell/s]
Executing:  89%|████████▉ | 82/92 [16:58<00:05,  1.93cell/s]
Executing:  90%|█████████ | 83/92 [16:59<00:04,  1.98cell/s]
Executing:  91%|█████████▏| 84/92 [16:59<00:03,  2.15cell/s]
Executing:  92%|█████████▏| 85/92 [16:59<00:03,  2.29cell/s]
Executing:  93%|█████████▎| 86/92 [17:00<00:02,  2.38cell/s]
Executing:  95%|█████████▍| 87/92 [17:00<00:02,  2.31cell/s]
Executing:  96%|█████████▌| 88/92 [17:01<00:01,  2.40cell/s]
Executing:  97%|█████████▋| 89/92 [17:01<00:01,  2.45cell/s]
Executing:  98%|█████████▊| 90/92 [17:01<00:00,  2.43cell/s]
Executing:  99%|█████████▉| 91/92 [17:02<00:00,  2.56cell/s]
Executing: 100%|██████████| 92/92 [17:02<00:00,  2.64cell/s]
Executing: 100%|██████████| 92/92 [17:05<00:00, 11.14s/cell]
