This is XeTeX, Version 3.141592653-2.6-0.999997 (TeX Live 2025) (preloaded format=xelatex 2025.3.8)  7 AUG 2026 10:47
entering extended mode
 restricted \write18 enabled.
 file:line:error style messages enabled.
 %&-line parsing enabled.
**Simpler.tex
(./Simpler.tex
LaTeX2e <2024-11-01> patch level 2
L3 programming layer <2025-01-18>
(/usr/local/texlive/2025/texmf-dist/tex/latex/base/article.cls
Document Class: article 2024/06/29 v1.4n Standard LaTeX document class
(/usr/local/texlive/2025/texmf-dist/tex/latex/base/size12.clo
File: size12.clo 2024/06/29 v1.4n Standard LaTeX file (size option)
)
\c@part=\count192
\c@section=\count193
\c@subsection=\count194
\c@subsubsection=\count195
\c@paragraph=\count196
\c@subparagraph=\count197
\c@figure=\count198
\c@table=\count199
\abovecaptionskip=\skip49
\belowcaptionskip=\skip50
\bibindent=\dimen141
)
(/usr/local/texlive/2025/texmf-dist/tex/generic/babel/babel.sty
Package: babel 2025/02/14 v25.4 The multilingual framework for pdfLaTeX, LuaLaT
eX and XeLaTeX
\babel@savecnt=\count266
\U@D=\dimen142
\l@unhyphenated=\language90

(/usr/local/texlive/2025/texmf-dist/tex/generic/babel/xebabel.def)
\bbl@readstream=\read2
\bbl@dirlevel=\count267

(/usr/local/texlive/2025/texmf-dist/tex/generic/babel-english/english.ldf
Language: english 2017/06/06 v3.3r English support from the babel system
Package babel Info: Hyphen rules for 'canadian' set to \l@english
(babel)             (\language0). Reported on input line 102.
Package babel Info: Hyphen rules for 'australian' set to \l@ukenglish
(babel)             (\language22). Reported on input line 105.
Package babel Info: Hyphen rules for 'newzealand' set to \l@ukenglish
(babel)             (\language22). Reported on input line 108.
))
(/usr/local/texlive/2025/texmf-dist/tex/generic/babel/locale/en/babel-english.t
ex
Package babel Info: Importing font and identification data for english
(babel)             from babel-en.ini. Reported on input line 11.
) (/usr/local/texlive/2025/texmf-dist/tex/latex/tools/tabularx.sty
Package: tabularx 2023/12/11 v2.12a `tabularx' package (DPC)

(/usr/local/texlive/2025/texmf-dist/tex/latex/tools/array.sty
Package: array 2024/10/17 v2.6g Tabular extension package (FMi)
\col@sep=\dimen143
\ar@mcellbox=\box52
\extrarowheight=\dimen144
\NC@list=\toks17
\extratabsurround=\skip51
\backup@length=\skip52
\ar@cellbox=\box53
)
\TX@col@width=\dimen145
\TX@old@table=\dimen146
\TX@old@col=\dimen147
\TX@target=\dimen148
\TX@delta=\dimen149
\TX@cols=\count268
\TX@ftn=\toks18
)
(/usr/local/texlive/2025/texmf-dist/tex/latex/makecell/makecell.sty
Package: makecell 2009/08/03 V0.1e Managing of Tab Column Heads and Cells
\rotheadsize=\dimen150
\c@nlinenum=\count269
\TeXr@lab=\toks19
)
(/usr/local/texlive/2025/texmf-dist/tex/latex/geometry/geometry.sty
Package: geometry 2020/01/02 v5.9 Page Geometry

(/usr/local/texlive/2025/texmf-dist/tex/latex/graphics/keyval.sty
Package: keyval 2022/05/29 v1.15 key=value parser (DPC)
\KV@toks@=\toks20
)
(/usr/local/texlive/2025/texmf-dist/tex/generic/iftex/ifvtex.sty
Package: ifvtex 2019/10/25 v1.7 ifvtex legacy package. Use iftex instead.

(/usr/local/texlive/2025/texmf-dist/tex/generic/iftex/iftex.sty
Package: iftex 2024/12/12 v1.0g TeX engine tests
))
\Gm@cnth=\count270
\Gm@cntv=\count271
\c@Gm@tempcnt=\count272
\Gm@bindingoffset=\dimen151
\Gm@wd@mp=\dimen152
\Gm@odd@mp=\dimen153
\Gm@even@mp=\dimen154
\Gm@layoutwidth=\dimen155
\Gm@layoutheight=\dimen156
\Gm@layouthoffset=\dimen157
\Gm@layoutvoffset=\dimen158
\Gm@dimlist=\toks21
)
(/usr/local/texlive/2025/texmf-dist/tex/latex/amsmath/amsmath.sty
Package: amsmath 2024/11/05 v2.17t AMS math features
\@mathmargin=\skip53

For additional information on amsmath, use the `?' option.
(/usr/local/texlive/2025/texmf-dist/tex/latex/amsmath/amstext.sty
Package: amstext 2021/08/26 v2.01 AMS text

(/usr/local/texlive/2025/texmf-dist/tex/latex/amsmath/amsgen.sty
File: amsgen.sty 1999/11/30 v2.0 generic functions
\@emptytoks=\toks22
\ex@=\dimen159
))
(/usr/local/texlive/2025/texmf-dist/tex/latex/amsmath/amsbsy.sty
Package: amsbsy 1999/11/29 v1.2d Bold Symbols
\pmbraise@=\dimen160
)
(/usr/local/texlive/2025/texmf-dist/tex/latex/amsmath/amsopn.sty
Package: amsopn 2022/04/08 v2.04 operator names
)
\inf@bad=\count273
LaTeX Info: Redefining \frac on input line 233.
\uproot@=\count274
\leftroot@=\count275
LaTeX Info: Redefining \overline on input line 398.
LaTeX Info: Redefining \colon on input line 409.
\classnum@=\count276
\DOTSCASE@=\count277
LaTeX Info: Redefining \ldots on input line 495.
LaTeX Info: Redefining \dots on input line 498.
LaTeX Info: Redefining \cdots on input line 619.
\Mathstrutbox@=\box54
\strutbox@=\box55
LaTeX Info: Redefining \big on input line 721.
LaTeX Info: Redefining \Big on input line 722.
LaTeX Info: Redefining \bigg on input line 723.
LaTeX Info: Redefining \Bigg on input line 724.
\big@size=\dimen161
LaTeX Font Info:    Redeclaring font encoding OML on input line 742.
LaTeX Font Info:    Redeclaring font encoding OMS on input line 743.
\macc@depth=\count278
LaTeX Info: Redefining \bmod on input line 904.
LaTeX Info: Redefining \pmod on input line 909.
LaTeX Info: Redefining \smash on input line 939.
LaTeX Info: Redefining \relbar on input line 969.
LaTeX Info: Redefining \Relbar on input line 970.
\c@MaxMatrixCols=\count279
\dotsspace@=\muskip17
\c@parentequation=\count280
\dspbrk@lvl=\count281
\tag@help=\toks23
\row@=\count282
\column@=\count283
\maxfields@=\count284
\andhelp@=\toks24
\eqnshift@=\dimen162
\alignsep@=\dimen163
\tagshift@=\dimen164
\tagwidth@=\dimen165
\totwidth@=\dimen166
\lineht@=\dimen167
\@envbody=\toks25
\multlinegap=\skip54
\multlinetaggap=\skip55
\mathdisplay@stack=\toks26
LaTeX Info: Redefining \[ on input line 2953.
LaTeX Info: Redefining \] on input line 2954.
)
(/usr/local/texlive/2025/texmf-dist/tex/latex/amsfonts/amssymb.sty
Package: amssymb 2013/01/14 v3.01 AMS font symbols

(/usr/local/texlive/2025/texmf-dist/tex/latex/amsfonts/amsfonts.sty
Package: amsfonts 2013/01/14 v3.01 Basic AMSFonts support
\symAMSa=\mathgroup4
\symAMSb=\mathgroup5
LaTeX Font Info:    Redeclaring math symbol \hbar on input line 98.
LaTeX Font Info:    Overwriting math alphabet `\mathfrak' in version `bold'
(Font)                  U/euf/m/n --> U/euf/b/n on input line 106.
))
(/usr/local/texlive/2025/texmf-dist/tex/latex/fontspec/fontspec.sty
(/usr/local/texlive/2025/texmf-dist/tex/latex/l3packages/xparse/xparse.sty
(/usr/local/texlive/2025/texmf-dist/tex/latex/l3kernel/expl3.sty
Package: expl3 2025-01-18 L3 programming layer (loader) 

(/usr/local/texlive/2025/texmf-dist/tex/latex/l3backend/l3backend-xetex.def
File: l3backend-xetex.def 2024-05-08 L3 backend support: XeTeX
\g__graphics_track_int=\count285
\l__pdf_internal_box=\box56
\g__pdf_backend_annotation_int=\count286
\g__pdf_backend_link_int=\count287
))
Package: xparse 2024-08-16 L3 Experimental document command parser
)
Package: fontspec 2024/05/11 v2.9e Font selection for XeLaTeX and LuaLaTeX

(/usr/local/texlive/2025/texmf-dist/tex/latex/fontspec/fontspec-xetex.sty
Package: fontspec-xetex 2024/05/11 v2.9e Font selection for XeLaTeX and LuaLaTe
X
\l__fontspec_script_int=\count288
\l__fontspec_language_int=\count289
\l__fontspec_strnum_int=\count290
\l__fontspec_tmp_int=\count291
\l__fontspec_tmpa_int=\count292
\l__fontspec_tmpb_int=\count293
\l__fontspec_tmpc_int=\count294
\l__fontspec_em_int=\count295
\l__fontspec_emdef_int=\count296
\l__fontspec_strong_int=\count297
\l__fontspec_strongdef_int=\count298
\l__fontspec_tmpa_dim=\dimen168
\l__fontspec_tmpb_dim=\dimen169
\l__fontspec_tmpc_dim=\dimen170

(/usr/local/texlive/2025/texmf-dist/tex/latex/base/fontenc.sty
Package: fontenc 2021/04/29 v2.0v Standard LaTeX package
)
(/usr/local/texlive/2025/texmf-dist/tex/latex/fontspec/fontspec.cfg)))
(/usr/local/texlive/2025/texmf-dist/tex/latex/unicode-math/unicode-math.sty
Package: unicode-math 2023/08/13 v0.8r Unicode maths in XeLaTeX and LuaLaTeX

(/usr/local/texlive/2025/texmf-dist/tex/latex/unicode-math/unicode-math-xetex.s
ty
Package: unicode-math-xetex 2023/08/13 v0.8r Unicode maths in XeLaTeX and LuaLa
TeX

(/usr/local/texlive/2025/texmf-dist/tex/latex/l3packages/l3keys2e/l3keys2e.sty
Package: l3keys2e 2024-08-16 LaTeX2e option processing using LaTeX3 keys
) (/usr/local/texlive/2025/texmf-dist/tex/latex/base/fix-cm.sty
Package: fix-cm 2020/11/24 v1.1t fixes to LaTeX

(/usr/local/texlive/2025/texmf-dist/tex/latex/base/ts1enc.def
File: ts1enc.def 2001/06/05 v3.0e (jk/car/fm) Standard LaTeX file
LaTeX Font Info:    Redeclaring font encoding TS1 on input line 47.
))
\g__um_fam_int=\count299
\g__um_fonts_used_int=\count300
\l__um_primecount_int=\count301
\g__um_primekern_muskip=\muskip18

(/usr/local/texlive/2025/texmf-dist/tex/latex/unicode-math/unicode-math-table.t
ex)))

Package fontspec Info: 
(fontspec)             Font family 'TimesNewRoman(0)' created for font 'Times
(fontspec)             New Roman' with options [Ligatures=TeX].
(fontspec)              
(fontspec)              This font family consists of the following NFSS
(fontspec)             series/shapes:
(fontspec)              
(fontspec)             - 'normal' (m/n) with NFSS spec.: <->"Times New
(fontspec)             Roman/OT:script=latn;language=dflt;mapping=tex-text;"
(fontspec)             - 'bold' (b/n) with NFSS spec.: <->"Times New
(fontspec)             Roman/B/OT:script=latn;language=dflt;mapping=tex-text;"
(fontspec)             - 'italic' (m/it) with NFSS spec.: <->"Times New
(fontspec)             Roman/I/OT:script=latn;language=dflt;mapping=tex-text;"
(fontspec)             - 'bold italic' (b/it) with NFSS spec.: <->"Times New
(fontspec)             Roman/BI/OT:script=latn;language=dflt;mapping=tex-text;"



Package fontspec Info: 
(fontspec)             Font family 'TimesNewRoman(1)' created for font 'Times
(fontspec)             New Roman' with options [].
(fontspec)              
(fontspec)              This font family consists of the following NFSS
(fontspec)             series/shapes:
(fontspec)              
(fontspec)             - 'normal' (m/n) with NFSS spec.: <->"Times New
(fontspec)             Roman/OT:script=latn;language=dflt;"
(fontspec)             - 'bold' (b/n) with NFSS spec.: <->"Times New
(fontspec)             Roman/B/OT:script=latn;language=dflt;"
(fontspec)             - 'italic' (m/it) with NFSS spec.: <->"Times New
(fontspec)             Roman/I/OT:script=latn;language=dflt;"
(fontspec)             - 'bold italic' (b/it) with NFSS spec.: <->"Times New
(fontspec)             Roman/BI/OT:script=latn;language=dflt;"

LaTeX Font Info:    Overwriting math alphabet `\mathrm' in version `normal'
(Font)                  OT1/cmr/m/n --> TU/TimesNewRoman(1)/m/n on input line 3
9.
LaTeX Font Info:    Overwriting math alphabet `\mathit' in version `normal'
(Font)                  OT1/cmr/m/it --> TU/TimesNewRoman(1)/m/it on input line
 39.
LaTeX Font Info:    Overwriting math alphabet `\mathbf' in version `normal'
(Font)                  OT1/cmr/bx/n --> TU/TimesNewRoman(1)/b/n on input line 
39.

Package fontspec Info: 
(fontspec)             Font family 'texgyretermes-math.otf(0)' created for
(fontspec)             font 'texgyretermes-math.otf' with options
(fontspec)             [BoldItalicFont={},ItalicFont={},SmallCapsFont={},Script
=Math].
(fontspec)              
(fontspec)              This font family consists of the following NFSS
(fontspec)             series/shapes:
(fontspec)              
(fontspec)             - 'normal' (m/n) with NFSS spec.:
(fontspec)             <->"[texgyretermes-math.otf]/OT:script=math;language=dfl
t;"


Package fontspec Info: 
(fontspec)             Font family 'texgyretermes-math.otf(1)' created for
(fontspec)             font 'texgyretermes-math.otf' with options
(fontspec)             [BoldItalicFont={},ItalicFont={},SmallCapsFont={},Script
=Math,SizeFeatures={{Size=10.44-},{Size=7.74-10.44,Font=texgyretermes-math.otf,
Style=MathScript},{Size=-7.74,Font=texgyretermes-math.otf,Style=MathScriptScrip
t}}].
(fontspec)              
(fontspec)              This font family consists of the following NFSS
(fontspec)             series/shapes:
(fontspec)              
(fontspec)             - 'normal' (m/n) with NFSS spec.:
(fontspec)             <10.44->"[texgyretermes-math.otf]/OT:script=math;languag
e=dflt;"<7.74-10.44>"[texgyretermes-math.otf]/OT:script=math;language=dflt;+sst
y=0;"<-7.74>"[texgyretermes-math.otf]/OT:script=math;language=dflt;+ssty=1;"

LaTeX Font Info:    Encoding `OT1' has changed to `TU' for symbol font
(Font)              `operators' in the math version `normal' on input line 42.
LaTeX Font Info:    Overwriting symbol font `operators' in version `normal'
(Font)                  OT1/cmr/m/n --> TU/texgyretermes-math.otf(1)/m/n on inp
ut line 42.
LaTeX Font Info:    Encoding `OT1' has changed to `TU' for symbol font
(Font)              `operators' in the math version `bold' on input line 42.
LaTeX Font Info:    Overwriting symbol font `operators' in version `bold'
(Font)                  OT1/cmr/bx/n --> TU/texgyretermes-math.otf(1)/b/n on in
put line 42.

Package fontspec Info: 
(fontspec)             texgyretermes-math scale = 1.0001.


Package fontspec Info: 
(fontspec)             texgyretermes-math scale = 1.0001.


Package fontspec Info: 
(fontspec)             texgyretermes-math scale = 1.0001.


Package fontspec Info: 
(fontspec)             texgyretermes-math scale = 1.0001.


Package fontspec Info: 
(fontspec)             Font family 'texgyretermes-math.otf(2)' created for
(fontspec)             font 'texgyretermes-math.otf' with options
(fontspec)             [BoldItalicFont={},ItalicFont={},SmallCapsFont={},Script
=Math,SizeFeatures={{Size=10.44-},{Size=7.74-10.44,Font=texgyretermes-math.otf,
Style=MathScript},{Size=-7.74,Font=texgyretermes-math.otf,Style=MathScriptScrip
t}},ScaleAgain=1.0001,FontAdjustment={\fontdimen
(fontspec)             8\font =7.608pt\relax \fontdimen 9\font =5.16pt\relax
(fontspec)             \fontdimen 10\font =5.16pt\relax \fontdimen 11\font
(fontspec)             =7.176pt\relax \fontdimen 12\font =3.192pt\relax
(fontspec)             \fontdimen 13\font =4.068pt\relax \fontdimen 14\font
(fontspec)             =4.068pt\relax \fontdimen 15\font =3.408pt\relax
(fontspec)             \fontdimen 16\font =2.664pt\relax \fontdimen 17\font
(fontspec)             =2.664pt\relax \fontdimen 18\font =2.664pt\relax
(fontspec)             \fontdimen 19\font =1.332pt\relax \fontdimen 22\font
(fontspec)             =3.0pt\relax \fontdimen 20\font =0pt\relax \fontdimen
(fontspec)             21\font =0pt\relax }].
(fontspec)              
(fontspec)              This font family consists of the following NFSS
(fontspec)             series/shapes:
(fontspec)              
(fontspec)             - 'normal' (m/n) with NFSS spec.:
(fontspec)             <10.44->s*[1.0001]"[texgyretermes-math.otf]/OT:script=ma
th;language=dflt;"<7.74-10.44>s*[1.0001]"[texgyretermes-math.otf]/OT:script=mat
h;language=dflt;+ssty=0;"<-7.74>s*[1.0001]"[texgyretermes-math.otf]/OT:script=m
ath;language=dflt;+ssty=1;"

LaTeX Font Info:    Encoding `OMS' has changed to `TU' for symbol font
(Font)              `symbols' in the math version `normal' on input line 42.
LaTeX Font Info:    Overwriting symbol font `symbols' in version `normal'
(Font)                  OMS/cmsy/m/n --> TU/texgyretermes-math.otf(2)/m/n on in
put line 42.
LaTeX Font Info:    Encoding `OMS' has changed to `TU' for symbol font
(Font)              `symbols' in the math version `bold' on input line 42.
LaTeX Font Info:    Overwriting symbol font `symbols' in version `bold'
(Font)                  OMS/cmsy/b/n --> TU/texgyretermes-math.otf(2)/b/n on in
put line 42.

Package fontspec Info: 
(fontspec)             texgyretermes-math scale = 0.9999.


Package fontspec Info: 
(fontspec)             texgyretermes-math scale = 0.9999.


Package fontspec Info: 
(fontspec)             texgyretermes-math scale = 0.9999.


Package fontspec Info: 
(fontspec)             texgyretermes-math scale = 0.9999.


Package fontspec Info: 
(fontspec)             Font family 'texgyretermes-math.otf(3)' created for
(fontspec)             font 'texgyretermes-math.otf' with options
(fontspec)             [BoldItalicFont={},ItalicFont={},SmallCapsFont={},Script
=Math,SizeFeatures={{Size=10.44-},{Size=7.74-10.44,Font=texgyretermes-math.otf,
Style=MathScript},{Size=-7.74,Font=texgyretermes-math.otf,Style=MathScriptScrip
t}},ScaleAgain=0.9999,FontAdjustment={\fontdimen
(fontspec)             8\font =0.624pt\relax \fontdimen 9\font =1.2pt\relax
(fontspec)             \fontdimen 10\font =1.2pt\relax \fontdimen 11\font
(fontspec)             =1.2pt\relax \fontdimen 12\font =5.196pt\relax
(fontspec)             \fontdimen 13\font =0pt\relax }].
(fontspec)              
(fontspec)              This font family consists of the following NFSS
(fontspec)             series/shapes:
(fontspec)              
(fontspec)             - 'normal' (m/n) with NFSS spec.:
(fontspec)             <10.44->s*[0.9999]"[texgyretermes-math.otf]/OT:script=ma
th;language=dflt;"<7.74-10.44>s*[0.9999]"[texgyretermes-math.otf]/OT:script=mat
h;language=dflt;+ssty=0;"<-7.74>s*[0.9999]"[texgyretermes-math.otf]/OT:script=m
ath;language=dflt;+ssty=1;"

LaTeX Font Info:    Encoding `OMX' has changed to `TU' for symbol font
(Font)              `largesymbols' in the math version `normal' on input line 4
2.
LaTeX Font Info:    Overwriting symbol font `largesymbols' in version `normal'
(Font)                  OMX/cmex/m/n --> TU/texgyretermes-math.otf(3)/m/n on in
put line 42.
LaTeX Font Info:    Encoding `OMX' has changed to `TU' for symbol font
(Font)              `largesymbols' in the math version `bold' on input line 42.

LaTeX Font Info:    Overwriting symbol font `largesymbols' in version `bold'
(Font)                  OMX/cmex/m/n --> TU/texgyretermes-math.otf(3)/b/n on in
put line 42.
 (/usr/local/texlive/2025/texmf-dist/tex/latex/graphics/graphicx.sty
Package: graphicx 2021/09/16 v1.2d Enhanced LaTeX Graphics (DPC,SPQR)

(/usr/local/texlive/2025/texmf-dist/tex/latex/graphics/graphics.sty
Package: graphics 2024/08/06 v1.4g Standard LaTeX Graphics (DPC,SPQR)

(/usr/local/texlive/2025/texmf-dist/tex/latex/graphics/trig.sty
Package: trig 2023/12/02 v1.11 sin cos tan (DPC)
)
(/usr/local/texlive/2025/texmf-dist/tex/latex/graphics-cfg/graphics.cfg
File: graphics.cfg 2016/06/04 v1.11 sample graphics configuration
)
Package graphics Info: Driver file: xetex.def on input line 106.

(/usr/local/texlive/2025/texmf-dist/tex/latex/graphics-def/xetex.def
File: xetex.def 2022/09/22 v5.0n Graphics/color driver for xetex
))
\Gin@req@height=\dimen171
\Gin@req@width=\dimen172
)
(/usr/local/texlive/2025/texmf-dist/tex/latex/booktabs/booktabs.sty
Package: booktabs 2020/01/12 v1.61803398 Publication quality tables
\heavyrulewidth=\dimen173
\lightrulewidth=\dimen174
\cmidrulewidth=\dimen175
\belowrulesep=\dimen176
\belowbottomsep=\dimen177
\aboverulesep=\dimen178
\abovetopsep=\dimen179
\cmidrulesep=\dimen180
\cmidrulekern=\dimen181
\defaultaddspace=\dimen182
\@cmidla=\count302
\@cmidlb=\count303
\@aboverulesep=\dimen183
\@belowrulesep=\dimen184
\@thisruleclass=\count304
\@lastruleclass=\count305
\@thisrulewidth=\dimen185
)
(/usr/local/texlive/2025/texmf-dist/tex/latex/caption/caption.sty
Package: caption 2023/08/05 v3.6o Customizing captions (AR)

(/usr/local/texlive/2025/texmf-dist/tex/latex/caption/caption3.sty
Package: caption3 2023/07/31 v2.4d caption3 kernel (AR)
\caption@tempdima=\dimen186
\captionmargin=\dimen187
\caption@leftmargin=\dimen188
\caption@rightmargin=\dimen189
\caption@width=\dimen190
\caption@indent=\dimen191
\caption@parindent=\dimen192
\caption@hangindent=\dimen193
Package caption Info: Standard document class detected.
)
\c@caption@flags=\count306
\c@continuedfloat=\count307
)
(/usr/local/texlive/2025/texmf-dist/tex/latex/csquotes/csquotes.sty
Package: csquotes 2024-04-04 v5.2o context-sensitive quotations (JAW)

(/usr/local/texlive/2025/texmf-dist/tex/latex/etoolbox/etoolbox.sty
Package: etoolbox 2025/02/11 v2.5l e-TeX tools for LaTeX (JAW)
\etb@tempcnta=\count308
)
\csq@reset=\count309
\csq@gtype=\count310
\csq@glevel=\count311
\csq@qlevel=\count312
\csq@maxlvl=\count313
\csq@tshold=\count314
\csq@ltx@everypar=\toks27

(/usr/local/texlive/2025/texmf-dist/tex/latex/csquotes/csquotes.def
File: csquotes.def 2024-04-04 v5.2o csquotes generic definitions (JAW)
)
Package csquotes Info: Trying to load configuration file 'csquotes.cfg'...
Package csquotes Info: ... configuration file loaded successfully.

(/usr/local/texlive/2025/texmf-dist/tex/latex/csquotes/csquotes.cfg
File: csquotes.cfg 
))
(/usr/local/texlive/2025/texmf-dist/tex/latex/biblatex/biblatex.sty
Package: biblatex 2024/03/21 v3.20 programmable bibliographies (PK/MW)

(/usr/local/texlive/2025/texmf-dist/tex/generic/pdftexcmds/pdftexcmds.sty
Package: pdftexcmds 2020-06-27 v0.33 Utility functions of pdfTeX for LuaTeX (HO
)

(/usr/local/texlive/2025/texmf-dist/tex/generic/infwarerr/infwarerr.sty
Package: infwarerr 2019/12/03 v1.5 Providing info/warning/error messages (HO)
)
(/usr/local/texlive/2025/texmf-dist/tex/generic/ltxcmds/ltxcmds.sty
Package: ltxcmds 2023-12-04 v1.26 LaTeX kernel commands for general use (HO)
)
Package pdftexcmds Info: \pdf@primitive is available.
Package pdftexcmds Info: \pdf@ifprimitive is available.
Package pdftexcmds Info: \pdfdraftmode not found.
)
(/usr/local/texlive/2025/texmf-dist/tex/latex/kvoptions/kvoptions.sty
Package: kvoptions 2022-06-15 v3.15 Key value format for package options (HO)

(/usr/local/texlive/2025/texmf-dist/tex/latex/kvsetkeys/kvsetkeys.sty
Package: kvsetkeys 2022-10-05 v1.19 Key value parser (HO)
))
(/usr/local/texlive/2025/texmf-dist/tex/latex/logreq/logreq.sty
Package: logreq 2010/08/04 v1.0 xml request logger
\lrq@indent=\count315

(/usr/local/texlive/2025/texmf-dist/tex/latex/logreq/logreq.def
File: logreq.def 2010/08/04 v1.0 logreq spec v1.0
))
(/usr/local/texlive/2025/texmf-dist/tex/latex/base/ifthen.sty
Package: ifthen 2024/03/16 v1.1e Standard LaTeX ifthen package (DPC)
)
(/usr/local/texlive/2025/texmf-dist/tex/latex/url/url.sty
\Urlmuskip=\muskip19
Package: url 2013/09/16  ver 3.4  Verb mode for urls, etc.
)
\c@tabx@nest=\count316
\c@listtotal=\count317
\c@listcount=\count318
\c@liststart=\count319
\c@liststop=\count320
\c@citecount=\count321
\c@citetotal=\count322
\c@multicitecount=\count323
\c@multicitetotal=\count324
\c@instcount=\count325
\c@maxnames=\count326
\c@minnames=\count327
\c@maxitems=\count328
\c@minitems=\count329
\c@citecounter=\count330
\c@maxcitecounter=\count331
\c@savedcitecounter=\count332
\c@uniquelist=\count333
\c@uniquename=\count334
\c@refsection=\count335
\c@refsegment=\count336
\c@maxextratitle=\count337
\c@maxextratitleyear=\count338
\c@maxextraname=\count339
\c@maxextradate=\count340
\c@maxextraalpha=\count341
\c@abbrvpenalty=\count342
\c@highnamepenalty=\count343
\c@lownamepenalty=\count344
\c@maxparens=\count345
\c@parenlevel=\count346
\blx@tempcnta=\count347
\blx@tempcntb=\count348
\blx@tempcntc=\count349
\c@blx@maxsection=\count350
\blx@maxsegment@0=\count351
\blx@notetype=\count352
\blx@parenlevel@text=\count353
\blx@parenlevel@foot=\count354
\blx@sectionciteorder@0=\count355
\blx@sectionciteorderinternal@0=\count356
\blx@entrysetcounter=\count357
\blx@biblioinstance=\count358
\labelnumberwidth=\skip56
\labelalphawidth=\skip57
\biblabelsep=\skip58
\bibitemsep=\skip59
\bibnamesep=\skip60
\bibinitsep=\skip61
\bibparsep=\skip62
\bibhang=\skip63
\blx@bcfin=\read3
\blx@bcfout=\write3
\blx@langwohyphens=\language91
\c@mincomprange=\count359
\c@maxcomprange=\count360
\c@mincompwidth=\count361
Package biblatex Info: Trying to load biblatex default data model...
Package biblatex Info: ... file 'blx-dm.def' found.

(/usr/local/texlive/2025/texmf-dist/tex/latex/biblatex/blx-dm.def
File: blx-dm.def 2024/03/21 v3.20 biblatex datamodel (PK/MW)
)
Package biblatex Info: Trying to load biblatex style data model...
Package biblatex Info: ... file 'vancouver.dbx' not found.
Package biblatex Info: Trying to load biblatex custom data model...
Package biblatex Info: ... file 'biblatex-dm.cfg' not found.
\c@afterword=\count362
\c@savedafterword=\count363
\c@annotator=\count364
\c@savedannotator=\count365
\c@author=\count366
\c@savedauthor=\count367
\c@bookauthor=\count368
\c@savedbookauthor=\count369
\c@commentator=\count370
\c@savedcommentator=\count371
\c@editor=\count372
\c@savededitor=\count373
\c@editora=\count374
\c@savededitora=\count375
\c@editorb=\count376
\c@savededitorb=\count377
\c@editorc=\count378
\c@savededitorc=\count379
\c@foreword=\count380
\c@savedforeword=\count381
\c@holder=\count382
\c@savedholder=\count383
\c@introduction=\count384
\c@savedintroduction=\count385
\c@namea=\count386
\c@savednamea=\count387
\c@nameb=\count388
\c@savednameb=\count389
\c@namec=\count390
\c@savednamec=\count391
\c@translator=\count392
\c@savedtranslator=\count393
\c@shortauthor=\count394
\c@savedshortauthor=\count395
\c@shorteditor=\count396
\c@savedshorteditor=\count397
\c@labelname=\count398
\c@savedlabelname=\count399
\c@institution=\count400
\c@savedinstitution=\count401
\c@lista=\count402
\c@savedlista=\count403
\c@listb=\count404
\c@savedlistb=\count405
\c@listc=\count406
\c@savedlistc=\count407
\c@listd=\count408
\c@savedlistd=\count409
\c@liste=\count410
\c@savedliste=\count411
\c@listf=\count412
\c@savedlistf=\count413
\c@location=\count414
\c@savedlocation=\count415
\c@organization=\count416
\c@savedorganization=\count417
\c@origlocation=\count418
\c@savedoriglocation=\count419
\c@origpublisher=\count420
\c@savedorigpublisher=\count421
\c@publisher=\count422
\c@savedpublisher=\count423
\c@language=\count424
\c@savedlanguage=\count425
\c@origlanguage=\count426
\c@savedoriglanguage=\count427
\c@pageref=\count428
\c@savedpageref=\count429
\shorthandwidth=\skip64
\shortjournalwidth=\skip65
\shortserieswidth=\skip66
\shorttitlewidth=\skip67
\shortauthorwidth=\skip68
\shorteditorwidth=\skip69
\locallabelnumberwidth=\skip70
\locallabelalphawidth=\skip71
\localshorthandwidth=\skip72
\localshortjournalwidth=\skip73
\localshortserieswidth=\skip74
\localshorttitlewidth=\skip75
\localshortauthorwidth=\skip76
\localshorteditorwidth=\skip77
Package biblatex Info: Trying to load enhanced support for Unicode engines...
Package biblatex Info: ... file 'blx-unicode.def' found.

(/usr/local/texlive/2025/texmf-dist/tex/latex/biblatex/blx-unicode.def)
Package biblatex Info: Trying to load compatibility code...
Package biblatex Info: ... file 'blx-compat.def' found.

(/usr/local/texlive/2025/texmf-dist/tex/latex/biblatex/blx-compat.def
File: blx-compat.def 2024/03/21 v3.20 biblatex compatibility (PK/MW)
)
Package biblatex Info: Trying to load generic definitions...
Package biblatex Info: ... file 'biblatex.def' found.

(/usr/local/texlive/2025/texmf-dist/tex/latex/biblatex/biblatex.def
File: biblatex.def 2024/03/21 v3.20 biblatex compatibility (PK/MW)
\c@textcitecount=\count430
\c@textcitetotal=\count431
\c@textcitemaxnames=\count432
\c@biburlbigbreakpenalty=\count433
\c@biburlbreakpenalty=\count434
\c@biburlnumpenalty=\count435
\c@biburlucpenalty=\count436
\c@biburllcpenalty=\count437
\biburlbigskip=\muskip20
\biburlnumskip=\muskip21
\biburlucskip=\muskip22
\biburllcskip=\muskip23
\c@smartand=\count438
)
Package biblatex Info: Trying to load bibliography style 'vancouver'...
Package biblatex Info: ... file 'vancouver.bbx' found.

(/usr/local/texlive/2025/texmf-dist/tex/latex/biblatex-vancouver/vancouver.bbx
File: vancouver.bbx 2020/05/20 v0.1 biblatex vancouver
Package biblatex Info: Trying to load bibliography style 'numeric'...
Package biblatex Info: ... file 'numeric.bbx' found.

(/usr/local/texlive/2025/texmf-dist/tex/latex/biblatex/bbx/numeric.bbx
File: numeric.bbx 2024/03/21 v3.20 biblatex bibliography style (PK/MW)
Package biblatex Info: Trying to load bibliography style 'standard'...
Package biblatex Info: ... file 'standard.bbx' found.

(/usr/local/texlive/2025/texmf-dist/tex/latex/biblatex/bbx/standard.bbx
File: standard.bbx 2024/03/21 v3.20 biblatex bibliography style (PK/MW)
\c@bbx:relatedcount=\count439
\c@bbx:relatedtotal=\count440
)))
Package biblatex Info: Trying to load citation style 'vancouver'...
Package biblatex Info: ... file 'vancouver.cbx' found.

(/usr/local/texlive/2025/texmf-dist/tex/latex/biblatex-vancouver/vancouver.cbx
File: vancouver.bbx 2020/05/20 v0.1 biblatex vancouver
Package biblatex Info: Trying to load citation style 'numeric'...
Package biblatex Info: ... file 'numeric.cbx' found.

(/usr/local/texlive/2025/texmf-dist/tex/latex/biblatex/cbx/numeric.cbx
File: numeric.cbx 2024/03/21 v3.20 biblatex citation style (PK/MW)
Package biblatex Info: Redefining '\cite'.
Package biblatex Info: Redefining '\parencite'.
Package biblatex Info: Redefining '\footcite'.
Package biblatex Info: Redefining '\footcitetext'.
Package biblatex Info: Redefining '\smartcite'.
Package biblatex Info: Redefining '\supercite'.
Package biblatex Info: Redefining '\textcite'.
Package biblatex Info: Redefining '\textcites'.
Package biblatex Info: Redefining '\cites'.
Package biblatex Info: Redefining '\parencites'.
Package biblatex Info: Redefining '\smartcites'.
))
Package biblatex Info: Trying to load configuration file...
Package biblatex Info: ... file 'biblatex.cfg' found.

(/usr/local/texlive/2025/texmf-dist/tex/latex/biblatex/biblatex.cfg
File: biblatex.cfg 
)
Package biblatex Info: XeTeX detected.
(biblatex)             Assuming input encoding 'utf8'.
Package biblatex Info: Document encoding is UTF8 ....
Package biblatex Info: ... and expl3
(biblatex)             2025-01-18 L3 programming layer (loader) 
(biblatex)             is new enough (at least 2020/04/06),
(biblatex)             setting 'casechanger=expl3'.

(/usr/local/texlive/2025/texmf-dist/tex/latex/biblatex/blx-case-expl3.sty
Package: blx-case-expl3 2024/03/21 v3.20 expl3 case changing code for biblatex
))
(/usr/local/texlive/2025/texmf-dist/tex/latex/hyperref/hyperref.sty
Package: hyperref 2024-11-05 v7.01l Hypertext links for LaTeX

(/usr/local/texlive/2025/texmf-dist/tex/generic/kvdefinekeys/kvdefinekeys.sty
Package: kvdefinekeys 2019-12-19 v1.6 Define keys (HO)
)
(/usr/local/texlive/2025/texmf-dist/tex/generic/pdfescape/pdfescape.sty
Package: pdfescape 2019/12/09 v1.15 Implements pdfTeX's escape features (HO)
)
(/usr/local/texlive/2025/texmf-dist/tex/latex/hycolor/hycolor.sty
Package: hycolor 2020-01-27 v1.10 Color options for hyperref/bookmark (HO)
)
(/usr/local/texlive/2025/texmf-dist/tex/latex/hyperref/nameref.sty
Package: nameref 2023-11-26 v2.56 Cross-referencing by name of section

(/usr/local/texlive/2025/texmf-dist/tex/latex/refcount/refcount.sty
Package: refcount 2019/12/15 v3.6 Data extraction from label references (HO)
)
(/usr/local/texlive/2025/texmf-dist/tex/generic/gettitlestring/gettitlestring.s
ty
Package: gettitlestring 2019/12/15 v1.6 Cleanup title references (HO)
)
\c@section@level=\count441
) (/usr/local/texlive/2025/texmf-dist/tex/generic/stringenc/stringenc.sty
Package: stringenc 2019/11/29 v1.12 Convert strings between diff. encodings (HO
)
)
\@linkdim=\dimen194
\Hy@linkcounter=\count442
\Hy@pagecounter=\count443

(/usr/local/texlive/2025/texmf-dist/tex/latex/hyperref/pd1enc.def
File: pd1enc.def 2024-11-05 v7.01l Hyperref: PDFDocEncoding definition (HO)
)
(/usr/local/texlive/2025/texmf-dist/tex/generic/intcalc/intcalc.sty
Package: intcalc 2019/12/15 v1.3 Expandable calculations with integers (HO)
)
\Hy@SavedSpaceFactor=\count444

(/usr/local/texlive/2025/texmf-dist/tex/latex/hyperref/puenc.def
File: puenc.def 2024-11-05 v7.01l Hyperref: PDF Unicode definition (HO)
)
Package hyperref Info: Option `colorlinks' set `true' on input line 4040.
Package hyperref Info: Hyper figures OFF on input line 4157.
Package hyperref Info: Link nesting OFF on input line 4162.
Package hyperref Info: Hyper index ON on input line 4165.
Package hyperref Info: Plain pages OFF on input line 4172.
Package hyperref Info: Backreferencing OFF on input line 4177.
Package hyperref Info: Implicit mode ON; LaTeX internals redefined.
Package hyperref Info: Bookmarks ON on input line 4424.
\c@Hy@tempcnt=\count445
LaTeX Info: Redefining \url on input line 4763.
\XeTeXLinkMargin=\dimen195

(/usr/local/texlive/2025/texmf-dist/tex/generic/bitset/bitset.sty
Package: bitset 2019/12/09 v1.3 Handle bit-vector datatype (HO)

(/usr/local/texlive/2025/texmf-dist/tex/generic/bigintcalc/bigintcalc.sty
Package: bigintcalc 2019/12/15 v1.5 Expandable calculations on big integers (HO
)
))
\Fld@menulength=\count446
\Field@Width=\dimen196
\Fld@charsize=\dimen197
Package hyperref Info: Hyper figures OFF on input line 6042.
Package hyperref Info: Link nesting OFF on input line 6047.
Package hyperref Info: Hyper index ON on input line 6050.
Package hyperref Info: backreferencing OFF on input line 6057.
Package hyperref Info: Link coloring ON on input line 6060.
Package hyperref Info: Link coloring with OCG OFF on input line 6067.
Package hyperref Info: PDF/A mode OFF on input line 6072.

(/usr/local/texlive/2025/texmf-dist/tex/latex/base/atbegshi-ltx.sty
Package: atbegshi-ltx 2021/01/10 v1.0c Emulation of the original atbegshi
package with kernel methods
)
\Hy@abspage=\count447
\c@Item=\count448
\c@Hfootnote=\count449
)
Package hyperref Info: Driver (autodetected): hxetex.

(/usr/local/texlive/2025/texmf-dist/tex/latex/hyperref/hxetex.def
File: hxetex.def 2024-11-05 v7.01l Hyperref driver for XeTeX
\pdfm@box=\box57
\c@Hy@AnnotLevel=\count450
\HyField@AnnotCount=\count451
\Fld@listcount=\count452
\c@bookmark@seq@number=\count453

(/usr/local/texlive/2025/texmf-dist/tex/latex/rerunfilecheck/rerunfilecheck.sty
Package: rerunfilecheck 2022-07-10 v1.10 Rerun checks for auxiliary files (HO)
(/usr/local/texlive/2025/texmf-dist/tex/latex/base/atveryend-ltx.sty
Package: atveryend-ltx 2020/08/19 v1.0a Emulation of the original atveryend pac
kage
with kernel methods
)
(/usr/local/texlive/2025/texmf-dist/tex/generic/uniquecounter/uniquecounter.sty
Package: uniquecounter 2019/12/15 v1.4 Provide unlimited unique counter (HO)
)
Package uniquecounter Info: New unique counter `rerunfilecheck' on input line 2
85.
)
\Hy@SectionHShift=\skip78
)
Package csquotes Info: Checking for multilingual support...
Package csquotes Info: ... found 'babel' package.
Package csquotes Info: Adjusting default style.
Package csquotes Info: Redefining alias 'default' -> 'english'.
 (./Simpler.aux)
\openout1 = `Simpler.aux'.

LaTeX Font Info:    Checking defaults for OML/cmm/m/it on input line 104.
LaTeX Font Info:    ... okay on input line 104.
LaTeX Font Info:    Checking defaults for OMS/cmsy/m/n on input line 104.
LaTeX Font Info:    ... okay on input line 104.
LaTeX Font Info:    Checking defaults for OT1/cmr/m/n on input line 104.
LaTeX Font Info:    ... okay on input line 104.
LaTeX Font Info:    Checking defaults for T1/cmr/m/n on input line 104.
LaTeX Font Info:    ... okay on input line 104.
LaTeX Font Info:    Checking defaults for TS1/cmr/m/n on input line 104.
LaTeX Font Info:    ... okay on input line 104.
LaTeX Font Info:    Checking defaults for TU/lmr/m/n on input line 104.
LaTeX Font Info:    ... okay on input line 104.
LaTeX Font Info:    Checking defaults for OMX/cmex/m/n on input line 104.
LaTeX Font Info:    ... okay on input line 104.
LaTeX Font Info:    Checking defaults for U/cmr/m/n on input line 104.
LaTeX Font Info:    ... okay on input line 104.
LaTeX Font Info:    Checking defaults for PD1/pdf/m/n on input line 104.
LaTeX Font Info:    ... okay on input line 104.
LaTeX Font Info:    Checking defaults for PU/pdf/m/n on input line 104.
LaTeX Font Info:    ... okay on input line 104.

*geometry* driver: auto-detecting
*geometry* detected driver: xetex
*geometry* verbose mode - [ preamble ] result:
* driver: xetex
* paper: letterpaper
* layout: <same size as paper>
* layoutoffset:(h,v)=(0.0pt,0.0pt)
* modes: 
* h-part:(L,W,R)=(56.9055pt, 500.484pt, 56.9055pt)
* v-part:(T,H,B)=(56.9055pt, 681.15898pt, 56.9055pt)
* \paperwidth=614.295pt
* \paperheight=794.96999pt
* \textwidth=500.484pt
* \textheight=681.15898pt
* \oddsidemargin=-15.36449pt
* \evensidemargin=-15.36449pt
* \topmargin=-52.36449pt
* \headheight=12.0pt
* \headsep=25.0pt
* \topskip=12.0pt
* \footskip=30.0pt
* \marginparwidth=4.0pt
* \marginparsep=10.0pt
* \columnsep=21.33955pt
* \skip\footins=10.8pt plus 4.0pt minus 2.0pt
* \hoffset=0.0pt
* \voffset=0.0pt
* \mag=1000
* \@twocolumntrue
* \@twosidefalse
* \@mparswitchfalse
* \@reversemarginfalse
* (1in=72.27pt=25.4mm, 1cm=28.453pt)

LaTeX Font Info:    Overwriting math alphabet `\mathsf' in version `normal'
(Font)                  OT1/cmss/m/n --> TU/lmss/m/n on input line 104.
LaTeX Font Info:    Overwriting math alphabet `\mathsf' in version `bold'
(Font)                  OT1/cmss/bx/n --> TU/lmss/b/n on input line 104.
LaTeX Font Info:    Overwriting math alphabet `\mathtt' in version `normal'
(Font)                  OT1/cmtt/m/n --> TU/lmtt/m/n on input line 104.
LaTeX Font Info:    Overwriting math alphabet `\mathtt' in version `bold'
(Font)                  OT1/cmtt/m/n --> TU/lmtt/b/n on input line 104.
Package caption Info: Begin \AtBeginDocument code.
Package caption Info: hyperref package is loaded.
Package caption Info: End \AtBeginDocument code.
Package biblatex Info: Trying to load language 'english'...
Package biblatex Info: ... file 'english.lbx' found.
(/usr/local/texlive/2025/texmf-dist/tex/latex/biblatex/lbx/english.lbx
File: english.lbx 2024/03/21 v3.20 biblatex localization (PK/MW)
)
Package biblatex Info: XeTeX detected.
(biblatex)             Assuming input encoding 'utf8'.
Package biblatex Info: Automatic encoding selection.
(biblatex)             Assuming data encoding 'utf8'.
\openout3 = `Simpler.bcf'.

Package biblatex Info: Trying to load bibliographic data...
Package biblatex Info: ... file 'Simpler.bbl' not found.

No file Simpler.bbl.
Package biblatex Info: Reference section=0 on input line 104.
Package biblatex Info: Reference segment=0 on input line 104.
(/usr/local/texlive/2025/texmf-dist/tex/latex/graphics/color.sty
Package: color 2024/06/23 v1.3e Standard LaTeX Color (DPC)

(/usr/local/texlive/2025/texmf-dist/tex/latex/graphics-cfg/color.cfg
File: color.cfg 2016/01/02 v1.6 sample color configuration
)
Package color Info: Driver file: xetex.def on input line 149.

(/usr/local/texlive/2025/texmf-dist/tex/latex/graphics/mathcolor.ltx))
Package hyperref Info: Link coloring ON on input line 104.

(./Simpler.out) (./Simpler.out)
\@outlinefile=\write4
\openout4 = `Simpler.out'.

LaTeX Font Info:    Font shape `TU/texgyretermes-math.otf(2)/m/n' will be
(Font)              scaled to size 14.40152pt on input line 107.
LaTeX Font Info:    Font shape `TU/texgyretermes-math.otf(2)/m/n' will be
(Font)              scaled to size 10.00107pt on input line 107.
LaTeX Font Info:    Font shape `TU/texgyretermes-math.otf(2)/m/n' will be
(Font)              scaled to size 7.00075pt on input line 107.
LaTeX Font Info:    Font shape `TU/texgyretermes-math.otf(3)/m/n' will be
(Font)              scaled to size 14.39845pt on input line 107.
LaTeX Font Info:    Font shape `TU/texgyretermes-math.otf(3)/m/n' will be
(Font)              scaled to size 9.99893pt on input line 107.
LaTeX Font Info:    Font shape `TU/texgyretermes-math.otf(3)/m/n' will be
(Font)              scaled to size 6.99925pt on input line 107.
LaTeX Font Info:    Trying to load font information for U+msa on input line 107
.

(/usr/local/texlive/2025/texmf-dist/tex/latex/amsfonts/umsa.fd
File: umsa.fd 2013/01/14 v3.01 AMS symbols A
)
LaTeX Font Info:    Trying to load font information for U+msb on input line 107
.

(/usr/local/texlive/2025/texmf-dist/tex/latex/amsfonts/umsb.fd
File: umsb.fd 2013/01/14 v3.01 AMS symbols B
)

LaTeX Warning: No \author given.


Underfull \hbox (badness 1072) in paragraph at lines 126--132
\TU/TimesNewRoman(0)/m/n/12 ture selection, and validation are therefore re-
 []


Underfull \hbox (badness 4582) in paragraph at lines 133--138
[]\TU/TimesNewRoman(0)/m/n/12 Radiomic features from different MRI se-
 []


Underfull \hbox (badness 1048) in paragraph at lines 145--152
\TU/TimesNewRoman(0)/m/n/12 configuration, three feature-selection strategies,
 []





[1


]
LaTeX Font Info:    Font shape `TU/texgyretermes-math.otf(2)/m/n' will be
(Font)              scaled to size 12.00128pt on input line 190.
LaTeX Font Info:    Font shape `TU/texgyretermes-math.otf(2)/m/n' will be
(Font)              scaled to size 8.88095pt on input line 190.
LaTeX Font Info:    Font shape `TU/texgyretermes-math.otf(2)/m/n' will be
(Font)              scaled to size 6.60071pt on input line 190.
LaTeX Font Info:    Font shape `TU/texgyretermes-math.otf(3)/m/n' will be
(Font)              scaled to size 11.99872pt on input line 190.
LaTeX Font Info:    Font shape `TU/texgyretermes-math.otf(3)/m/n' will be
(Font)              scaled to size 8.87904pt on input line 190.
LaTeX Font Info:    Font shape `TU/texgyretermes-math.otf(3)/m/n' will be
(Font)              scaled to size 6.59929pt on input line 190.

Overfull \hbox (14.97449pt too wide) detected at line 195
[][][][] [] [] [] [] [] [] [] [] [] [] [] [][] [] [][] [] [] [] [] [] [][][]
 []


Underfull \hbox (badness 7186) in paragraph at lines 197--199
[]\TU/TimesNewRoman(0)/m/n/12 These configurations included five single-
 []


Underfull \hbox (badness 6658) in paragraph at lines 197--199
\TU/TimesNewRoman(0)/m/n/12 source, ten pairwise, ten triple-source, five
 []


Underfull \hbox (badness 2165) in paragraph at lines 200--204
[]\TU/TimesNewRoman(0)/m/n/12 The same workflow was applied to all 31
 []


Underfull \hbox (badness 3942) in paragraph at lines 200--204
\TU/TimesNewRoman(0)/m/n/12 tomatic selection of the number of features,
 []

File: Figs/computational_workflow.png Graphic file (type bmp)
<Figs/computational_workflow.png>

Underfull \hbox (badness 8113) in paragraph at lines 233--235
[]\TU/TimesNewRoman(0)/m/n/12 candidate pipelines, giving 1,860 primary
 []


Underfull \hbox (badness 7722) in paragraph at lines 245--245
[]\TU/TimesNewRoman(0)/b/n/14.4 Input Datasets and Prediction
 []




Underfull \hbox (badness 5133) in paragraph at lines 294--299
[]\TU/TimesNewRoman(0)/m/n/12 Five single-source datasets were available:
 []

LaTeX Font Info:    Font shape `TU/texgyretermes-math.otf(2)/m/n' will be
(Font)              scaled to size 10.95116pt on input line 307.
LaTeX Font Info:    Font shape `TU/texgyretermes-math.otf(2)/m/n' will be
(Font)              scaled to size 8.00085pt on input line 307.
LaTeX Font Info:    Font shape `TU/texgyretermes-math.otf(2)/m/n' will be
(Font)              scaled to size 6.00064pt on input line 307.
LaTeX Font Info:    Font shape `TU/texgyretermes-math.otf(3)/m/n' will be
(Font)              scaled to size 10.94882pt on input line 307.
LaTeX Font Info:    Font shape `TU/texgyretermes-math.otf(3)/m/n' will be
(Font)              scaled to size 7.99915pt on input line 307.
LaTeX Font Info:    Font shape `TU/texgyretermes-math.otf(3)/m/n' will be
(Font)              scaled to size 5.99936pt on input line 307.

Underfull \hbox (badness 10000) in paragraph at lines 335--335
[]\TU/TimesNewRoman(0)/b/n/14.4 Construction of Multi-Source
 []


Underfull \hbox (badness 1210) in paragraph at lines 338--343
\TU/TimesNewRoman(0)/m/n/12 were concatenated column-wise, so combining
 []



[2]
Underfull \hbox (badness 10000) in paragraph at lines 368--374
[]\TU/TimesNewRoman(0)/m/n/12 ROIs were primarily matched using
 []


Underfull \hbox (badness 1038) in paragraph at lines 368--374
\TU/TimesNewRoman(0)/m/n/12 key containing the patient and ROI identifiers
 []


Underfull \hbox (badness 4805) in paragraph at lines 368--374
\TU/TimesNewRoman(0)/m/n/12 unintended many-to-many joins. Row-order
 []


Underfull \hbox (badness 1142) in paragraph at lines 368--374
\TU/TimesNewRoman(0)/m/n/12 matching was allowed only when the datasets
 []




Underfull \hbox (badness 2689) in paragraph at lines 392--394
[]\TU/TimesNewRoman(0)/m/n/12 The patient identifier and class label were
 []



[3]
Underfull \hbox (badness 1968) in paragraph at lines 406--410
[]\TU/TimesNewRoman(0)/m/n/12 The same procedure was used to construct
 []


Underfull \hbox (badness 7740) in paragraph at lines 415--415
[]\TU/TimesNewRoman(0)/b/n/14.4 Data Preparation and Quality
 []




Underfull \hbox (badness 5189) in paragraph at lines 436--441
[]\TU/TimesNewRoman(0)/m/n/12 Feature names were cleaned by removing
 []


Underfull \hbox (badness 1168) in paragraph at lines 442--448
\TU/TimesNewRoman(0)/m/n/12 while features with variance up to $[][][]$ were
 []



[4]
Underfull \hbox (badness 10000) in paragraph at lines 485--485
[]\TU/TimesNewRoman(0)/b/n/14.4 Patient-Aware Nested Cross-
 []


Underfull \hbox (badness 10000) in paragraph at lines 488--492
\TU/TimesNewRoman(0)/m/n/12 Model development and evaluation were
 []


Underfull \hbox (badness 10000) in paragraph at lines 488--492
\TU/TimesNewRoman(0)/m/n/12 performed using patient-aware nested cross-
 []


Underfull \hbox (badness 1189) in paragraph at lines 488--492
\TU/TimesNewRoman(0)/m/n/12 to select the number of features and optimise
 []




Underfull \hbox (badness 1715) in paragraph at lines 536--539
\TU/TimesNewRoman(0)/m/n/12 outer-training data and evaluated once on the
 []


Underfull \hbox (badness 1005) in paragraph at lines 549--550
[]\TU/TimesNewRoman(0)/m/n/12 After feature selection, the retained features
 []


Underfull \hbox (badness 2302) in paragraph at lines 574--579
[]\TU/TimesNewRoman(0)/m/n/12 The inner loop compared candidate feature
 []



[5]
Underfull \hbox (badness 2409) in paragraph at lines 590--590
[]\TU/TimesNewRoman(0)/b/n/12 Outer-fold evaluation and out-of-fold
 []




Underfull \hbox (badness 10000) in paragraph at lines 678--680
\TU/TimesNewRoman(0)/m/n/12 Minimum redundancy maximum relevance
 []


Underfull \hbox (badness 2088) in paragraph at lines 678--680
\TU/TimesNewRoman(0)/m/n/12 (mRMR) selected features that were informa-
 []


Underfull \hbox (badness 3646) in paragraph at lines 678--680
\TU/TimesNewRoman(0)/m/n/12 tive about the target while limiting repeated
 []



[6]
Underfull \hbox (badness 1394) in paragraph at lines 740--742
\TU/TimesNewRoman(0)/m/n/12 strongly correlated predictors, and mRMR se-
 []




Underfull \hbox (badness 10000) in paragraph at lines 800--800
[]\TU/TimesNewRoman(0)/b/n/14.4 Automatic Selection of the
 []


Underfull \hbox (badness 1675) in paragraph at lines 821--826
\TU/TimesNewRoman(0)/m/n/12 outer-training data. These data were divided
 []



[7]
Underfull \hbox (badness 1521) in paragraph at lines 862--864
[]\TU/TimesNewRoman(0)/m/n/12 When two values produced the same mean
 []


Underfull \hbox (badness 1442) in paragraph at lines 870--872
[]\TU/TimesNewRoman(0)/m/n/12 The candidate values, inner-fold ROC-AUC
 []


Overfull \hbox (77.16888pt too wide) detected at line 920
[][][][][]
 []




Underfull \hbox (badness 3375) in paragraph at lines 960--964
\TU/TimesNewRoman(0)/m/n/12 contained only one class or fewer than two
 []


Underfull \hbox (badness 1253) in paragraph at lines 976--981
[]\TU/TimesNewRoman(0)/m/n/12 The two SMOTE conditions used the same
 []



[8]

LaTeX Font Warning: Font shape `TU/texgyretermes-math.otf(1)/b/n' undefined
(Font)              using `TU/texgyretermes-math.otf(1)/m/n' instead on input l
ine 1004.


LaTeX Font Warning: Font shape `TU/texgyretermes-math.otf(2)/b/n' undefined
(Font)              using `TU/texgyretermes-math.otf(2)/m/n' instead on input l
ine 1004.

LaTeX Font Info:    Font shape `TU/texgyretermes-math.otf(2)/b/n' will be
(Font)              scaled to size 8.88095pt on input line 1004.
LaTeX Font Info:    Font shape `TU/texgyretermes-math.otf(2)/b/n' will be
(Font)              scaled to size 6.60071pt on input line 1004.

LaTeX Font Warning: Font shape `TU/texgyretermes-math.otf(3)/b/n' undefined
(Font)              using `TU/texgyretermes-math.otf(3)/m/n' instead on input l
ine 1004.

LaTeX Font Info:    Font shape `TU/texgyretermes-math.otf(3)/b/n' will be
(Font)              scaled to size 8.87904pt on input line 1004.
LaTeX Font Info:    Font shape `TU/texgyretermes-math.otf(3)/b/n' will be
(Font)              scaled to size 6.59929pt on input line 1004.
LaTeX Font Info:    Font shape `TU/texgyretermes-math.otf(2)/b/n' will be
(Font)              scaled to size 12.00128pt on input line 1009.
LaTeX Font Info:    Font shape `TU/texgyretermes-math.otf(3)/b/n' will be
(Font)              scaled to size 11.99872pt on input line 1009.

Underfull \hbox (badness 1377) in paragraph at lines 1031--1033
\TU/TimesNewRoman(0)/m/n/12 uated: Random Forest, Extra Trees, Gradient
 []




Underfull \hbox (badness 10000) in paragraph at lines 1066--1066
[]|\TU/TimesNewRoman(0)/m/n/10.95 Regularised linear
 []


Underfull \hbox (badness 10000) in paragraph at lines 1071--1071
[]|\TU/TimesNewRoman(0)/m/n/10.95 Linear margin-based
 []


Underfull \hbox (badness 10000) in paragraph at lines 1084--1084
[]|\TU/TimesNewRoman(0)/m/n/10.95 Randomised tree en-
 []


Underfull \hbox (badness 10000) in paragraph at lines 1093--1093
[]|\TU/TimesNewRoman(0)/m/n/10.95 K-Nearest Neigh-
 []


Underfull \hbox (badness 10000) in paragraph at lines 1097--1097
[]|\TU/TimesNewRoman(0)/m/n/10.95 Gaussian Naive
 []


Underfull \hbox (badness 10000) in paragraph at lines 1102--1102
[]|\TU/TimesNewRoman(0)/m/n/10.95 Regularised boosted-
 []


Underfull \hbox (badness 10000) in paragraph at lines 1107--1107
[]|\TU/TimesNewRoman(0)/m/n/10.95 Gradient-boosted tree
 []


Underfull \hbox (badness 1418) in paragraph at lines 1115--1120
\TU/TimesNewRoman(0)/m/n/12 outer patient folds, selected features, SMOTE
 []


Underfull \hbox (badness 2856) in paragraph at lines 1115--1120
\TU/TimesNewRoman(0)/m/n/12 specific hyperparameters were tuned indepen-
 []


Underfull \hbox (badness 3118) in paragraph at lines 1115--1120
\TU/TimesNewRoman(0)/m/n/12 dently within the inner cross-validation loop.
 []


Underfull \hbox (badness 10000) in paragraph at lines 1130--1130
[]\TU/TimesNewRoman(0)/b/n/14.4 Hyperparameter Optimisation
 []


Underfull \hbox (badness 1038) in paragraph at lines 1133--1137
\TU/TimesNewRoman(0)/m/n/12 Optuna within the inner loop of patient-aware
 []



[9]
Underfull \hbox (badness 1077) in paragraph at lines 1178--1184
\TU/TimesNewRoman(0)/m/n/12 formed inner-training samples. The candidate
 []


Underfull \hbox (badness 1264) in paragraph at lines 1185--1189
\TU/TimesNewRoman(0)/m/n/12 excluded. Model-fitting or prediction failures
 []


Underfull \vbox (badness 10000) has occurred while \output is active []




Underfull \vbox (badness 1953) has occurred while \output is active []



[10]
Underfull \hbox (badness 1248) in paragraph at lines 1438--1441
\TU/TimesNewRoman(0)/m/n/12 classification, agreement, and calibration mea-
 []


Underfull \hbox (badness 10000) in paragraph at lines 1442--1442
[]\TU/TimesNewRoman(0)/b/n/12 Primary and Pooled Performance
 []




Underfull \hbox (badness 2269) in paragraph at lines 1477--1481
\TU/TimesNewRoman(0)/m/n/12 formance differently. Precision–recall perfor-
 []


Underfull \hbox (badness 1460) in paragraph at lines 1477--1481
\TU/TimesNewRoman(0)/m/n/12 mance was evaluated using average precision,
 []


Underfull \hbox (badness 1270) in paragraph at lines 1495--1498
\TU/TimesNewRoman(0)/m/n/12 ing accuracy, sensitivity, specificity, precision,
 []



[11] [12]
Underfull \hbox (badness 1365) in paragraph at lines 1538--1539
[]\TU/TimesNewRoman(0)/m/n/12 Calibration error was summarised using the
 []


Underfull \hbox (badness 10000) in paragraph at lines 1554--1554
[]\TU/TimesNewRoman(0)/b/n/12 Patient-Clustered Confidence Inter-
 []


Underfull \hbox (badness 1888) in paragraph at lines 1591--1594
\TU/TimesNewRoman(0)/m/n/12 Candidate pipelines were ranked primarily by
 []


Underfull \hbox (badness 1881) in paragraph at lines 1595--1598
\TU/TimesNewRoman(0)/m/n/12 ined in greater detail using pooled ROC and
 []




Underfull \hbox (badness 10000) in paragraph at lines 1653--1653
[]|\TU/TimesNewRoman(0)/b/n/10.95 Preferred
 []


Underfull \hbox (badness 10000) in paragraph at lines 1653--1653
[]|\TU/TimesNewRoman(0)/m/n/10.95 Balanced accu-
 []


Underfull \hbox (badness 2042) in paragraph at lines 1665--1665
[]\TU/TimesNewRoman(0)/b/n/14.4 Feature-Selection Stability and
 []



[13]


Underfull \hbox (badness 10000) in paragraph at lines 1810--1810
[]\TU/TimesNewRoman(0)/b/n/14.4 Software Implementation and
 []


Underfull \hbox (badness 3536) in paragraph at lines 1813--1815
\TU/TimesNewRoman(0)/m/n/12 The complete workflow was implemented in
 []



[14]
Underfull \hbox (badness 1005) in paragraph at lines 1833--1837
\TU/TimesNewRoman(0)/m/n/12 The analysis was organised into parameterised
 []


Underfull \hbox (badness 2165) in paragraph at lines 1838--1842
[]\TU/TimesNewRoman(0)/m/n/12 Papermill was used to run the same mod-
 []


Underfull \hbox (badness 1953) in paragraph at lines 1838--1842
\TU/TimesNewRoman(0)/m/n/12 elling code across different dataset configura-
 []


Underfull \hbox (badness 2744) in paragraph at lines 1849--1854
\TU/TimesNewRoman(0)/m/n/12 The workflow supported both interactive and
 []




Underfull \hbox (badness 1552) in paragraph at lines 1870--1875
[]\TU/TimesNewRoman(0)/m/n/12 Tabular results were mainly stored as CSV
 []


Underfull \hbox (badness 6078) in paragraph at lines 1876--1880
\TU/TimesNewRoman(0)/m/n/12 datasets, feature-selection strategies, SMOTE
 []


Underfull \hbox (badness 10000) in paragraph at lines 1904--1904
[]\TU/TimesNewRoman(0)/b/n/14.4 Dataset Characteristics and
 []


Underfull \hbox (badness 6658) in paragraph at lines 1907--1910
\TU/TimesNewRoman(0)/m/n/12 source, ten pairwise, ten triple-source, five
 []



[15]
Underfull \hbox (badness 2126) in paragraph at lines 1950--1955
\TU/TimesNewRoman(0)/m/n/12 missing values were found across six feature
 []

File: Figs/overall_31_configuration_performance.png Graphic file (type bmp)
<Figs/overall_31_configuration_performance.png>

Underfull \hbox (badness 6675) in paragraph at lines 1992--1996
\TU/TimesNewRoman(0)/m/n/12 Auto-$[]$, no SMOTE, and linear SVM, and
 []




Underfull \hbox (badness 1342) in paragraph at lines 2006--2009
[]\TU/TimesNewRoman(0)/m/n/12 The ADC–Post2–T2 triple combination pro-
 []


Underfull \hbox (badness 5008) in paragraph at lines 2010--2015
[]\TU/TimesNewRoman(0)/m/n/12 The highest-ranked single-source, pairwise,
 []


Overfull \hbox (16.7871pt too wide) in paragraph at lines 2114--2114
 []|\TU/TimesNewRoman(0)/b/n/10.95 SMOTE| 
 []


Overfull \hbox (8.83289pt too wide) in paragraph at lines 2114--2114
[]|\TU/TimesNewRoman(0)/b/n/10.95 Classifier|  
 []


Overfull \hbox (2.57512pt too wide) in paragraph at lines 2114--2114
 []|\TU/TimesNewRoman(0)/b/n/10.95 Mean 
 []


Overfull \hbox (7.8053pt too wide) in paragraph at lines 2114--2114
[]|\TU/TimesNewRoman(0)/m/n/10.95 Quadruple|  
 []


Underfull \hbox (badness 2582) in paragraph at lines 2131--2131
[]\TU/TimesNewRoman(0)/b/n/14.4 Single-Source Classification Re-
 []


Underfull \hbox (badness 1097) in paragraph at lines 2134--2137
\TU/TimesNewRoman(0)/m/n/12 The five single-source datasets achieved mean
 []


Underfull \hbox (badness 6188) in paragraph at lines 2144--2148
[]\TU/TimesNewRoman(0)/m/n/12 Post1 ranked second with a mean ROC-
 []


Overfull \hbox (4.42998pt too wide) in paragraph at lines 2251--2251
[]|\TU/TimesNewRoman(0)/b/n/8 Dataset|  
 []


Overfull \hbox (7.55498pt too wide) in paragraph at lines 2251--2251
 []|\TU/TimesNewRoman(0)/b/n/8 SMOTE| 
 []


Underfull \hbox (badness 10000) in alignment at lines 2251--2251
[][][][][][][][][][] 
 []



[16] [17]
Underfull \hbox (badness 2277) in paragraph at lines 2262--2265
[]\TU/TimesNewRoman(0)/m/n/12 ADC–T2 achieved the highest mean ROC-
 []


Underfull \hbox (badness 2790) in paragraph at lines 2391--2391
[]\TU/TimesNewRoman(0)/b/n/14.4 Triple-Source Classification Re-
 []


Underfull \hbox (badness 4699) in paragraph at lines 2394--2397
\TU/TimesNewRoman(0)/m/n/12 The ten triple-source configurations achieved
 []


Underfull \vbox (badness 10000) has occurred while \output is active []




Underfull \hbox (badness 4132) in paragraph at lines 2533--2533
[]\TU/TimesNewRoman(0)/b/n/14.4 Quadruple-Source Classification
 []


Underfull \hbox (badness 2538) in paragraph at lines 2536--2539
\TU/TimesNewRoman(0)/m/n/12 The five quadruple-source configurations pro-
 []


Underfull \vbox (badness 2521) has occurred while \output is active []



[18]
Underfull \hbox (badness 7030) in paragraph at lines 2544--2548
[]\TU/TimesNewRoman(0)/m/n/12 ADC–Pre–Post1–Post2 ranked second with
 []


Underfull \hbox (badness 10000) in paragraph at lines 2544--2548
[][][][][] [] [][][][][]$\TU/TimesNewRoman(0)/m/n/12 , while ADC–Post1–Post2–T2

 []


Underfull \hbox (badness 10000) in paragraph at lines 2624--2624
[]|\TU/TimesNewRoman(0)/b/n/10.95 Feature selec-
 []


Overfull \hbox (8.25117pt too wide) in paragraph at lines 2624--2624
[]|\TU/TimesNewRoman(0)/b/n/10.95 SMOTE| 
 []


Underfull \hbox (badness 10000) in paragraph at lines 2624--2624
[]|\TU/TimesNewRoman(0)/b/n/10.95 Pooled
 []


Underfull \hbox (badness 10000) in paragraph at lines 2624--2624
[]|\TU/TimesNewRoman(0)/m/n/10.95 ADC–Pre–Post2–
 []


Underfull \hbox (badness 10000) in paragraph at lines 2624--2624
[]|\TU/TimesNewRoman(0)/m/n/10.95 ADC–Pre–Post1–
 []


Underfull \hbox (badness 10000) in paragraph at lines 2624--2624
[]|\TU/TimesNewRoman(0)/m/n/10.95 ADC–Post1–
 []


Underfull \hbox (badness 10000) in paragraph at lines 2624--2624
[]|\TU/TimesNewRoman(0)/m/n/10.95 Logistic Re-
 []


Underfull \hbox (badness 10000) in paragraph at lines 2624--2624
[]|\TU/TimesNewRoman(0)/m/n/10.95 ADC–Pre–Post1–
 []


Underfull \hbox (badness 10000) in paragraph at lines 2624--2624
[]|\TU/TimesNewRoman(0)/m/n/10.95 Pre–Post1–Post2–
 []


Underfull \hbox (badness 1033) in paragraph at lines 2631--2634
\TU/TimesNewRoman(0)/m/n/12 by mRMR, Auto-$[]$, no SMOTE, and an RBF
 []


Underfull \vbox (badness 1221) has occurred while \output is active []




Underfull \vbox (badness 1221) has occurred while \output is active []



[19] [20]
Underfull \hbox (badness 1297) in paragraph at lines 2648--2653
\TU/TimesNewRoman(0)/m/n/12 performed below the best triple-source model.
 []

File: Figs/feature_selection_strategy_comparison.pdf Graphic file (type pdf)
<use Figs/feature_selection_strategy_comparison.pdf>

Underfull \hbox (badness 2894) in paragraph at lines 2709--2713
[]\TU/TimesNewRoman(0)/m/n/12 The advantage of Elastic Net followed by
 []


Underfull \vbox (badness 10000) has occurred while \output is active []



File: Figs/smote_effect_across_31_configurations.pdf Graphic file (type pdf)
<use Figs/smote_effect_across_31_configurations.pdf>

Underfull \hbox (badness 1087) in paragraph at lines 2774--2779
\TU/TimesNewRoman(0)/m/n/12 no-SMOTE condition performed better for the
 []


Underfull \hbox (badness 10000) in paragraph at lines 2785--2785
[]\TU/TimesNewRoman(0)/b/n/14.4 Comparison of Machine-
 []

File: Figs/classifier_win_counts_across_31_configurations.pdf Graphic file (typ
e pdf)
<use Figs/classifier_win_counts_across_31_configurations.pdf>


[21]
Underfull \vbox (badness 1776) has occurred while \output is active []




Underfull \hbox (badness 10000) in paragraph at lines 2840--2840
[]\TU/TimesNewRoman(0)/b/n/14.4 Detailed Performance of the
 []


Underfull \hbox (badness 5592) in paragraph at lines 2843--2845
\TU/TimesNewRoman(0)/m/n/12 The highest-ranked configuration was ADC–
 []

File: Figs/best_overall_model_oof_performance.pdf Graphic file (type pdf)
<use Figs/best_overall_model_oof_performance.pdf>


[22] [23] [24] [25]
Underfull \hbox (badness 2529) in paragraph at lines 2880--2884
[]\TU/TimesNewRoman(0)/m/n/12 The corresponding sensitivity and precision
 []


Underfull \hbox (badness 2261) in paragraph at lines 2885--2889
[]\TU/TimesNewRoman(0)/m/n/12 Auto-$[]$ selected an average of 9.6 features
 []


Underfull \hbox (badness 2042) in paragraph at lines 2901--2901
[]\TU/TimesNewRoman(0)/b/n/14.4 Feature-Selection Stability and
 []


Underfull \hbox (badness 10000) in paragraph at lines 2913--2920
[]\TU/TimesNewRoman(0)/m/n/12 Thirteen features met this criterion (Fig-
 []


Underfull \hbox (badness 1048) in paragraph at lines 2913--2920
\TU/TimesNewRoman(0)/m/n/12 intensity-histogram median, which appeared in
 []


Underfull \hbox (badness 3724) in paragraph at lines 2913--2920
\TU/TimesNewRoman(0)/m/n/12 folds, while the remaining recurrent features
 []

File: Figs/best_model_feature_stability_and_shap.pdf Graphic file (type pdf)
<use Figs/best_model_feature_stability_and_shap.pdf>



Underfull \hbox (badness 1117) in paragraph at lines 2967--2973
\TU/TimesNewRoman(0)/m/n/12 retained across patient groups, whereas SHAP
 []


Underfull \hbox (badness 1014) in paragraph at lines 3006--3011
\TU/TimesNewRoman(0)/m/n/12 using the same patient-aware machine-learning
 []



[26] [27]
Underfull \hbox (badness 2689) in paragraph at lines 3039--3043
[]\TU/TimesNewRoman(0)/m/n/12 Overall, the findings suggest that selective
 []




Underfull \hbox (badness 10000) in paragraph at lines 3078--3081
[]\TU/TimesNewRoman(0)/m/n/12 These results support evaluating different
 []


Underfull \hbox (badness 10000) in paragraph at lines 3083--3083
[]\TU/TimesNewRoman(0)/b/n/14.4 Influence of Feature-Selection
 []


Underfull \hbox (badness 1400) in paragraph at lines 3086--3090
\TU/TimesNewRoman(0)/m/n/12 model performance. Elastic Net followed by
 []



[28]
Underfull \hbox (badness 10000) in paragraph at lines 3144--3144
[]\TU/TimesNewRoman(0)/b/n/14.4 Classifier Performance and
 []




Underfull \hbox (badness 1038) in paragraph at lines 3156--3160
[]\TU/TimesNewRoman(0)/m/n/12 The strong performance of linear SVM and
 []


Underfull \hbox (badness 2221) in paragraph at lines 3161--3164
[]\TU/TimesNewRoman(0)/m/n/12 Tree-based ensemble models were less fre-
 []


Underfull \hbox (badness 4479) in paragraph at lines 3161--3164
\TU/TimesNewRoman(0)/m/n/12 appeared once, while Random Forest, Extra
 []


Underfull \hbox (badness 3098) in paragraph at lines 3192--3197
[]\TU/TimesNewRoman(0)/m/n/12 This variability may result from the high-
 []



[29]
Underfull \hbox (badness 1715) in paragraph at lines 3198--3203
[]\TU/TimesNewRoman(0)/m/n/12 The recurrent feature set contained features
 []


Underfull \hbox (badness 1033) in paragraph at lines 3233--3237
\TU/TimesNewRoman(0)/m/n/12 ported in addition to the primary mean outer-
 []


Underfull \hbox (badness 1975) in paragraph at lines 3233--3237
\TU/TimesNewRoman(0)/m/n/12 fold ROC-AUC, including pooled ROC-AUC,
 []


Underfull \hbox (badness 1033) in paragraph at lines 3233--3237
\TU/TimesNewRoman(0)/m/n/12 PR-AUC, threshold-dependent metrics, calibra-
 []




Underfull \hbox (badness 1769) in paragraph at lines 3281--3286
\TU/TimesNewRoman(0)/m/n/12 lective source integration continues to outper-
 []



[30]
Underfull \hbox (badness 1248) in paragraph at lines 3287--3290
[]\TU/TimesNewRoman(0)/m/n/12 A larger hyperparameter-optimisation budget
 []


Underfull \hbox (badness 10000) in paragraph at lines 3296--3299
[]\TU/TimesNewRoman(0)/m/n/12 Feature stability and SHAP interpretation
 []


Underfull \hbox (badness 4621) in paragraph at lines 3296--3299
\TU/TimesNewRoman(0)/m/n/12 should also be repeated in external datasets
 []


Underfull \hbox (badness 2856) in paragraph at lines 3296--3299
\TU/TimesNewRoman(0)/m/n/12 to determine whether the same sources, fea-
 []


Underfull \hbox (badness 1205) in paragraph at lines 3300--3305
[]\TU/TimesNewRoman(0)/m/n/12 Overall, the ADC–Post1–Pre pipeline repre-
 []


Underfull \hbox (badness 1803) in paragraph at lines 3300--3305
\TU/TimesNewRoman(0)/m/n/12 sents the strongest candidate identified in the
 []


Underfull \hbox (badness 2521) in paragraph at lines 3328--3334
[]\TU/TimesNewRoman(0)/m/n/12 Performance also depended on the feature-
 []





[31] (./Simpler.aux)
 ***********
LaTeX2e <2024-11-01> patch level 2
L3 programming layer <2025-01-18>
 ***********


LaTeX Font Warning: Some font shapes were not available, defaults substituted.


LaTeX Warning: Label(s) may have changed. Rerun to get cross-references right.


Package rerunfilecheck Warning: File `Simpler.out' has changed.
(rerunfilecheck)                Rerun to get outlines right
(rerunfilecheck)                or use package `bookmark'.

Package rerunfilecheck Info: Checksums for `Simpler.out':
(rerunfilecheck)             Before: 75FE7C6A049AB2475E99064F7A41BB16;14267
(rerunfilecheck)             After:  4792AE0AA2D872B74C08A23C1B6F78F5;16132.
Package logreq Info: Writing requests to 'Simpler.run.xml'.
\openout1 = `Simpler.run.xml'.

 ) 
Here is how much of TeX's memory you used:
 26660 strings out of 473832
 509227 string characters out of 5729482
 1547726 words of memory out of 5000000
 49393 multiletter control sequences out of 15000+600000
 570449 words of font info for 147 fonts, out of 8000000 for 9000
 1348 hyphenation exceptions out of 8191
 79i,23n,107p,1200b,3906s stack positions out of 10000i,1000n,20000p,200000b,200000s

Output written on Simpler.pdf (31 pages).
