This is XeTeX, Version 3.141592653-2.6-0.999997 (TeX Live 2025) (preloaded format=xelatex 2025.3.8)  7 AUG 2026 10:47
entering extended mode
 restricted \write18 enabled.
 file:line:error style messages enabled.
 %&-line parsing enabled.
**main.tex
(./main.tex
LaTeX2e <2024-11-01> patch level 2
L3 programming layer <2025-01-18>
(/usr/local/texlive/2025/texmf-dist/tex/latex/base/article.cls
Document Class: article 2024/06/29 v1.4n Standard LaTeX document class
(/usr/local/texlive/2025/texmf-dist/tex/latex/base/size12.clo
File: size12.clo 2024/06/29 v1.4n Standard LaTeX file (size option)
)
\c@part=\count192
\c@section=\count193
\c@subsection=\count194
\c@subsubsection=\count195
\c@paragraph=\count196
\c@subparagraph=\count197
\c@figure=\count198
\c@table=\count199
\abovecaptionskip=\skip49
\belowcaptionskip=\skip50
\bibindent=\dimen141
)
(/usr/local/texlive/2025/texmf-dist/tex/generic/babel/babel.sty
Package: babel 2025/02/14 v25.4 The multilingual framework for pdfLaTeX, LuaLaT
eX and XeLaTeX
\babel@savecnt=\count266
\U@D=\dimen142
\l@unhyphenated=\language90

(/usr/local/texlive/2025/texmf-dist/tex/generic/babel/xebabel.def)
\bbl@readstream=\read2
\bbl@dirlevel=\count267

(/usr/local/texlive/2025/texmf-dist/tex/generic/babel-english/english.ldf
Language: english 2017/06/06 v3.3r English support from the babel system
Package babel Info: Hyphen rules for 'canadian' set to \l@english
(babel)             (\language0). Reported on input line 102.
Package babel Info: Hyphen rules for 'australian' set to \l@ukenglish
(babel)             (\language22). Reported on input line 105.
Package babel Info: Hyphen rules for 'newzealand' set to \l@ukenglish
(babel)             (\language22). Reported on input line 108.
))
(/usr/local/texlive/2025/texmf-dist/tex/generic/babel/locale/en/babel-english.t
ex
Package babel Info: Importing font and identification data for english
(babel)             from babel-en.ini. Reported on input line 11.
) (/usr/local/texlive/2025/texmf-dist/tex/latex/tools/tabularx.sty
Package: tabularx 2023/12/11 v2.12a `tabularx' package (DPC)

(/usr/local/texlive/2025/texmf-dist/tex/latex/tools/array.sty
Package: array 2024/10/17 v2.6g Tabular extension package (FMi)
\col@sep=\dimen143
\ar@mcellbox=\box52
\extrarowheight=\dimen144
\NC@list=\toks17
\extratabsurround=\skip51
\backup@length=\skip52
\ar@cellbox=\box53
)
\TX@col@width=\dimen145
\TX@old@table=\dimen146
\TX@old@col=\dimen147
\TX@target=\dimen148
\TX@delta=\dimen149
\TX@cols=\count268
\TX@ftn=\toks18
)
(/usr/local/texlive/2025/texmf-dist/tex/latex/makecell/makecell.sty
Package: makecell 2009/08/03 V0.1e Managing of Tab Column Heads and Cells
\rotheadsize=\dimen150
\c@nlinenum=\count269
\TeXr@lab=\toks19
)
(/usr/local/texlive/2025/texmf-dist/tex/latex/geometry/geometry.sty
Package: geometry 2020/01/02 v5.9 Page Geometry

(/usr/local/texlive/2025/texmf-dist/tex/latex/graphics/keyval.sty
Package: keyval 2022/05/29 v1.15 key=value parser (DPC)
\KV@toks@=\toks20
)
(/usr/local/texlive/2025/texmf-dist/tex/generic/iftex/ifvtex.sty
Package: ifvtex 2019/10/25 v1.7 ifvtex legacy package. Use iftex instead.

(/usr/local/texlive/2025/texmf-dist/tex/generic/iftex/iftex.sty
Package: iftex 2024/12/12 v1.0g TeX engine tests
))
\Gm@cnth=\count270
\Gm@cntv=\count271
\c@Gm@tempcnt=\count272
\Gm@bindingoffset=\dimen151
\Gm@wd@mp=\dimen152
\Gm@odd@mp=\dimen153
\Gm@even@mp=\dimen154
\Gm@layoutwidth=\dimen155
\Gm@layoutheight=\dimen156
\Gm@layouthoffset=\dimen157
\Gm@layoutvoffset=\dimen158
\Gm@dimlist=\toks21
)
(/usr/local/texlive/2025/texmf-dist/tex/latex/amsmath/amsmath.sty
Package: amsmath 2024/11/05 v2.17t AMS math features
\@mathmargin=\skip53

For additional information on amsmath, use the `?' option.
(/usr/local/texlive/2025/texmf-dist/tex/latex/amsmath/amstext.sty
Package: amstext 2021/08/26 v2.01 AMS text

(/usr/local/texlive/2025/texmf-dist/tex/latex/amsmath/amsgen.sty
File: amsgen.sty 1999/11/30 v2.0 generic functions
\@emptytoks=\toks22
\ex@=\dimen159
))
(/usr/local/texlive/2025/texmf-dist/tex/latex/amsmath/amsbsy.sty
Package: amsbsy 1999/11/29 v1.2d Bold Symbols
\pmbraise@=\dimen160
)
(/usr/local/texlive/2025/texmf-dist/tex/latex/amsmath/amsopn.sty
Package: amsopn 2022/04/08 v2.04 operator names
)
\inf@bad=\count273
LaTeX Info: Redefining \frac on input line 233.
\uproot@=\count274
\leftroot@=\count275
LaTeX Info: Redefining \overline on input line 398.
LaTeX Info: Redefining \colon on input line 409.
\classnum@=\count276
\DOTSCASE@=\count277
LaTeX Info: Redefining \ldots on input line 495.
LaTeX Info: Redefining \dots on input line 498.
LaTeX Info: Redefining \cdots on input line 619.
\Mathstrutbox@=\box54
\strutbox@=\box55
LaTeX Info: Redefining \big on input line 721.
LaTeX Info: Redefining \Big on input line 722.
LaTeX Info: Redefining \bigg on input line 723.
LaTeX Info: Redefining \Bigg on input line 724.
\big@size=\dimen161
LaTeX Font Info:    Redeclaring font encoding OML on input line 742.
LaTeX Font Info:    Redeclaring font encoding OMS on input line 743.
\macc@depth=\count278
LaTeX Info: Redefining \bmod on input line 904.
LaTeX Info: Redefining \pmod on input line 909.
LaTeX Info: Redefining \smash on input line 939.
LaTeX Info: Redefining \relbar on input line 969.
LaTeX Info: Redefining \Relbar on input line 970.
\c@MaxMatrixCols=\count279
\dotsspace@=\muskip17
\c@parentequation=\count280
\dspbrk@lvl=\count281
\tag@help=\toks23
\row@=\count282
\column@=\count283
\maxfields@=\count284
\andhelp@=\toks24
\eqnshift@=\dimen162
\alignsep@=\dimen163
\tagshift@=\dimen164
\tagwidth@=\dimen165
\totwidth@=\dimen166
\lineht@=\dimen167
\@envbody=\toks25
\multlinegap=\skip54
\multlinetaggap=\skip55
\mathdisplay@stack=\toks26
LaTeX Info: Redefining \[ on input line 2953.
LaTeX Info: Redefining \] on input line 2954.
)
(/usr/local/texlive/2025/texmf-dist/tex/latex/amsfonts/amssymb.sty
Package: amssymb 2013/01/14 v3.01 AMS font symbols

(/usr/local/texlive/2025/texmf-dist/tex/latex/amsfonts/amsfonts.sty
Package: amsfonts 2013/01/14 v3.01 Basic AMSFonts support
\symAMSa=\mathgroup4
\symAMSb=\mathgroup5
LaTeX Font Info:    Redeclaring math symbol \hbar on input line 98.
LaTeX Font Info:    Overwriting math alphabet `\mathfrak' in version `bold'
(Font)                  U/euf/m/n --> U/euf/b/n on input line 106.
))
(/usr/local/texlive/2025/texmf-dist/tex/latex/fontspec/fontspec.sty
(/usr/local/texlive/2025/texmf-dist/tex/latex/l3packages/xparse/xparse.sty
(/usr/local/texlive/2025/texmf-dist/tex/latex/l3kernel/expl3.sty
Package: expl3 2025-01-18 L3 programming layer (loader) 

(/usr/local/texlive/2025/texmf-dist/tex/latex/l3backend/l3backend-xetex.def
File: l3backend-xetex.def 2024-05-08 L3 backend support: XeTeX
\g__graphics_track_int=\count285
\l__pdf_internal_box=\box56
\g__pdf_backend_annotation_int=\count286
\g__pdf_backend_link_int=\count287
))
Package: xparse 2024-08-16 L3 Experimental document command parser
)
Package: fontspec 2024/05/11 v2.9e Font selection for XeLaTeX and LuaLaTeX

(/usr/local/texlive/2025/texmf-dist/tex/latex/fontspec/fontspec-xetex.sty
Package: fontspec-xetex 2024/05/11 v2.9e Font selection for XeLaTeX and LuaLaTe
X
\l__fontspec_script_int=\count288
\l__fontspec_language_int=\count289
\l__fontspec_strnum_int=\count290
\l__fontspec_tmp_int=\count291
\l__fontspec_tmpa_int=\count292
\l__fontspec_tmpb_int=\count293
\l__fontspec_tmpc_int=\count294
\l__fontspec_em_int=\count295
\l__fontspec_emdef_int=\count296
\l__fontspec_strong_int=\count297
\l__fontspec_strongdef_int=\count298
\l__fontspec_tmpa_dim=\dimen168
\l__fontspec_tmpb_dim=\dimen169
\l__fontspec_tmpc_dim=\dimen170

(/usr/local/texlive/2025/texmf-dist/tex/latex/base/fontenc.sty
Package: fontenc 2021/04/29 v2.0v Standard LaTeX package
)
(/usr/local/texlive/2025/texmf-dist/tex/latex/fontspec/fontspec.cfg)))
(/usr/local/texlive/2025/texmf-dist/tex/latex/unicode-math/unicode-math.sty
Package: unicode-math 2023/08/13 v0.8r Unicode maths in XeLaTeX and LuaLaTeX

(/usr/local/texlive/2025/texmf-dist/tex/latex/unicode-math/unicode-math-xetex.s
ty
Package: unicode-math-xetex 2023/08/13 v0.8r Unicode maths in XeLaTeX and LuaLa
TeX

(/usr/local/texlive/2025/texmf-dist/tex/latex/l3packages/l3keys2e/l3keys2e.sty
Package: l3keys2e 2024-08-16 LaTeX2e option processing using LaTeX3 keys
) (/usr/local/texlive/2025/texmf-dist/tex/latex/base/fix-cm.sty
Package: fix-cm 2020/11/24 v1.1t fixes to LaTeX

(/usr/local/texlive/2025/texmf-dist/tex/latex/base/ts1enc.def
File: ts1enc.def 2001/06/05 v3.0e (jk/car/fm) Standard LaTeX file
LaTeX Font Info:    Redeclaring font encoding TS1 on input line 47.
))
\g__um_fam_int=\count299
\g__um_fonts_used_int=\count300
\l__um_primecount_int=\count301
\g__um_primekern_muskip=\muskip18

(/usr/local/texlive/2025/texmf-dist/tex/latex/unicode-math/unicode-math-table.t
ex)))

Package fontspec Info: 
(fontspec)             Font family 'TimesNewRoman(0)' created for font 'Times
(fontspec)             New Roman' with options [Ligatures=TeX].
(fontspec)              
(fontspec)              This font family consists of the following NFSS
(fontspec)             series/shapes:
(fontspec)              
(fontspec)             - 'normal' (m/n) with NFSS spec.: <->"Times New
(fontspec)             Roman/OT:script=latn;language=dflt;mapping=tex-text;"
(fontspec)             - 'bold' (b/n) with NFSS spec.: <->"Times New
(fontspec)             Roman/B/OT:script=latn;language=dflt;mapping=tex-text;"
(fontspec)             - 'italic' (m/it) with NFSS spec.: <->"Times New
(fontspec)             Roman/I/OT:script=latn;language=dflt;mapping=tex-text;"
(fontspec)             - 'bold italic' (b/it) with NFSS spec.: <->"Times New
(fontspec)             Roman/BI/OT:script=latn;language=dflt;mapping=tex-text;"



Package fontspec Info: 
(fontspec)             Font family 'TimesNewRoman(1)' created for font 'Times
(fontspec)             New Roman' with options [].
(fontspec)              
(fontspec)              This font family consists of the following NFSS
(fontspec)             series/shapes:
(fontspec)              
(fontspec)             - 'normal' (m/n) with NFSS spec.: <->"Times New
(fontspec)             Roman/OT:script=latn;language=dflt;"
(fontspec)             - 'bold' (b/n) with NFSS spec.: <->"Times New
(fontspec)             Roman/B/OT:script=latn;language=dflt;"
(fontspec)             - 'italic' (m/it) with NFSS spec.: <->"Times New
(fontspec)             Roman/I/OT:script=latn;language=dflt;"
(fontspec)             - 'bold italic' (b/it) with NFSS spec.: <->"Times New
(fontspec)             Roman/BI/OT:script=latn;language=dflt;"

LaTeX Font Info:    Overwriting math alphabet `\mathrm' in version `normal'
(Font)                  OT1/cmr/m/n --> TU/TimesNewRoman(1)/m/n on input line 3
9.
LaTeX Font Info:    Overwriting math alphabet `\mathit' in version `normal'
(Font)                  OT1/cmr/m/it --> TU/TimesNewRoman(1)/m/it on input line
 39.
LaTeX Font Info:    Overwriting math alphabet `\mathbf' in version `normal'
(Font)                  OT1/cmr/bx/n --> TU/TimesNewRoman(1)/b/n on input line 
39.

Package fontspec Info: 
(fontspec)             Font family 'texgyretermes-math.otf(0)' created for
(fontspec)             font 'texgyretermes-math.otf' with options
(fontspec)             [BoldItalicFont={},ItalicFont={},SmallCapsFont={},Script
=Math].
(fontspec)              
(fontspec)              This font family consists of the following NFSS
(fontspec)             series/shapes:
(fontspec)              
(fontspec)             - 'normal' (m/n) with NFSS spec.:
(fontspec)             <->"[texgyretermes-math.otf]/OT:script=math;language=dfl
t;"


Package fontspec Info: 
(fontspec)             Font family 'texgyretermes-math.otf(1)' created for
(fontspec)             font 'texgyretermes-math.otf' with options
(fontspec)             [BoldItalicFont={},ItalicFont={},SmallCapsFont={},Script
=Math,SizeFeatures={{Size=10.44-},{Size=7.74-10.44,Font=texgyretermes-math.otf,
Style=MathScript},{Size=-7.74,Font=texgyretermes-math.otf,Style=MathScriptScrip
t}}].
(fontspec)              
(fontspec)              This font family consists of the following NFSS
(fontspec)             series/shapes:
(fontspec)              
(fontspec)             - 'normal' (m/n) with NFSS spec.:
(fontspec)             <10.44->"[texgyretermes-math.otf]/OT:script=math;languag
e=dflt;"<7.74-10.44>"[texgyretermes-math.otf]/OT:script=math;language=dflt;+sst
y=0;"<-7.74>"[texgyretermes-math.otf]/OT:script=math;language=dflt;+ssty=1;"

LaTeX Font Info:    Encoding `OT1' has changed to `TU' for symbol font
(Font)              `operators' in the math version `normal' on input line 42.
LaTeX Font Info:    Overwriting symbol font `operators' in version `normal'
(Font)                  OT1/cmr/m/n --> TU/texgyretermes-math.otf(1)/m/n on inp
ut line 42.
LaTeX Font Info:    Encoding `OT1' has changed to `TU' for symbol font
(Font)              `operators' in the math version `bold' on input line 42.
LaTeX Font Info:    Overwriting symbol font `operators' in version `bold'
(Font)                  OT1/cmr/bx/n --> TU/texgyretermes-math.otf(1)/b/n on in
put line 42.

Package fontspec Info: 
(fontspec)             texgyretermes-math scale = 1.0001.


Package fontspec Info: 
(fontspec)             texgyretermes-math scale = 1.0001.


Package fontspec Info: 
(fontspec)             texgyretermes-math scale = 1.0001.


Package fontspec Info: 
(fontspec)             texgyretermes-math scale = 1.0001.


Package fontspec Info: 
(fontspec)             Font family 'texgyretermes-math.otf(2)' created for
(fontspec)             font 'texgyretermes-math.otf' with options
(fontspec)             [BoldItalicFont={},ItalicFont={},SmallCapsFont={},Script
=Math,SizeFeatures={{Size=10.44-},{Size=7.74-10.44,Font=texgyretermes-math.otf,
Style=MathScript},{Size=-7.74,Font=texgyretermes-math.otf,Style=MathScriptScrip
t}},ScaleAgain=1.0001,FontAdjustment={\fontdimen
(fontspec)             8\font =7.608pt\relax \fontdimen 9\font =5.16pt\relax
(fontspec)             \fontdimen 10\font =5.16pt\relax \fontdimen 11\font
(fontspec)             =7.176pt\relax \fontdimen 12\font =3.192pt\relax
(fontspec)             \fontdimen 13\font =4.068pt\relax \fontdimen 14\font
(fontspec)             =4.068pt\relax \fontdimen 15\font =3.408pt\relax
(fontspec)             \fontdimen 16\font =2.664pt\relax \fontdimen 17\font
(fontspec)             =2.664pt\relax \fontdimen 18\font =2.664pt\relax
(fontspec)             \fontdimen 19\font =1.332pt\relax \fontdimen 22\font
(fontspec)             =3.0pt\relax \fontdimen 20\font =0pt\relax \fontdimen
(fontspec)             21\font =0pt\relax }].
(fontspec)              
(fontspec)              This font family consists of the following NFSS
(fontspec)             series/shapes:
(fontspec)              
(fontspec)             - 'normal' (m/n) with NFSS spec.:
(fontspec)             <10.44->s*[1.0001]"[texgyretermes-math.otf]/OT:script=ma
th;language=dflt;"<7.74-10.44>s*[1.0001]"[texgyretermes-math.otf]/OT:script=mat
h;language=dflt;+ssty=0;"<-7.74>s*[1.0001]"[texgyretermes-math.otf]/OT:script=m
ath;language=dflt;+ssty=1;"

LaTeX Font Info:    Encoding `OMS' has changed to `TU' for symbol font
(Font)              `symbols' in the math version `normal' on input line 42.
LaTeX Font Info:    Overwriting symbol font `symbols' in version `normal'
(Font)                  OMS/cmsy/m/n --> TU/texgyretermes-math.otf(2)/m/n on in
put line 42.
LaTeX Font Info:    Encoding `OMS' has changed to `TU' for symbol font
(Font)              `symbols' in the math version `bold' on input line 42.
LaTeX Font Info:    Overwriting symbol font `symbols' in version `bold'
(Font)                  OMS/cmsy/b/n --> TU/texgyretermes-math.otf(2)/b/n on in
put line 42.

Package fontspec Info: 
(fontspec)             texgyretermes-math scale = 0.9999.


Package fontspec Info: 
(fontspec)             texgyretermes-math scale = 0.9999.


Package fontspec Info: 
(fontspec)             texgyretermes-math scale = 0.9999.


Package fontspec Info: 
(fontspec)             texgyretermes-math scale = 0.9999.


Package fontspec Info: 
(fontspec)             Font family 'texgyretermes-math.otf(3)' created for
(fontspec)             font 'texgyretermes-math.otf' with options
(fontspec)             [BoldItalicFont={},ItalicFont={},SmallCapsFont={},Script
=Math,SizeFeatures={{Size=10.44-},{Size=7.74-10.44,Font=texgyretermes-math.otf,
Style=MathScript},{Size=-7.74,Font=texgyretermes-math.otf,Style=MathScriptScrip
t}},ScaleAgain=0.9999,FontAdjustment={\fontdimen
(fontspec)             8\font =0.624pt\relax \fontdimen 9\font =1.2pt\relax
(fontspec)             \fontdimen 10\font =1.2pt\relax \fontdimen 11\font
(fontspec)             =1.2pt\relax \fontdimen 12\font =5.196pt\relax
(fontspec)             \fontdimen 13\font =0pt\relax }].
(fontspec)              
(fontspec)              This font family consists of the following NFSS
(fontspec)             series/shapes:
(fontspec)              
(fontspec)             - 'normal' (m/n) with NFSS spec.:
(fontspec)             <10.44->s*[0.9999]"[texgyretermes-math.otf]/OT:script=ma
th;language=dflt;"<7.74-10.44>s*[0.9999]"[texgyretermes-math.otf]/OT:script=mat
h;language=dflt;+ssty=0;"<-7.74>s*[0.9999]"[texgyretermes-math.otf]/OT:script=m
ath;language=dflt;+ssty=1;"

LaTeX Font Info:    Encoding `OMX' has changed to `TU' for symbol font
(Font)              `largesymbols' in the math version `normal' on input line 4
2.
LaTeX Font Info:    Overwriting symbol font `largesymbols' in version `normal'
(Font)                  OMX/cmex/m/n --> TU/texgyretermes-math.otf(3)/m/n on in
put line 42.
LaTeX Font Info:    Encoding `OMX' has changed to `TU' for symbol font
(Font)              `largesymbols' in the math version `bold' on input line 42.

LaTeX Font Info:    Overwriting symbol font `largesymbols' in version `bold'
(Font)                  OMX/cmex/m/n --> TU/texgyretermes-math.otf(3)/b/n on in
put line 42.
 (/usr/local/texlive/2025/texmf-dist/tex/latex/graphics/graphicx.sty
Package: graphicx 2021/09/16 v1.2d Enhanced LaTeX Graphics (DPC,SPQR)

(/usr/local/texlive/2025/texmf-dist/tex/latex/graphics/graphics.sty
Package: graphics 2024/08/06 v1.4g Standard LaTeX Graphics (DPC,SPQR)

(/usr/local/texlive/2025/texmf-dist/tex/latex/graphics/trig.sty
Package: trig 2023/12/02 v1.11 sin cos tan (DPC)
)
(/usr/local/texlive/2025/texmf-dist/tex/latex/graphics-cfg/graphics.cfg
File: graphics.cfg 2016/06/04 v1.11 sample graphics configuration
)
Package graphics Info: Driver file: xetex.def on input line 106.

(/usr/local/texlive/2025/texmf-dist/tex/latex/graphics-def/xetex.def
File: xetex.def 2022/09/22 v5.0n Graphics/color driver for xetex
))
\Gin@req@height=\dimen171
\Gin@req@width=\dimen172
)
(/usr/local/texlive/2025/texmf-dist/tex/latex/booktabs/booktabs.sty
Package: booktabs 2020/01/12 v1.61803398 Publication quality tables
\heavyrulewidth=\dimen173
\lightrulewidth=\dimen174
\cmidrulewidth=\dimen175
\belowrulesep=\dimen176
\belowbottomsep=\dimen177
\aboverulesep=\dimen178
\abovetopsep=\dimen179
\cmidrulesep=\dimen180
\cmidrulekern=\dimen181
\defaultaddspace=\dimen182
\@cmidla=\count302
\@cmidlb=\count303
\@aboverulesep=\dimen183
\@belowrulesep=\dimen184
\@thisruleclass=\count304
\@lastruleclass=\count305
\@thisrulewidth=\dimen185
)
(/usr/local/texlive/2025/texmf-dist/tex/latex/caption/caption.sty
Package: caption 2023/08/05 v3.6o Customizing captions (AR)

(/usr/local/texlive/2025/texmf-dist/tex/latex/caption/caption3.sty
Package: caption3 2023/07/31 v2.4d caption3 kernel (AR)
\caption@tempdima=\dimen186
\captionmargin=\dimen187
\caption@leftmargin=\dimen188
\caption@rightmargin=\dimen189
\caption@width=\dimen190
\caption@indent=\dimen191
\caption@parindent=\dimen192
\caption@hangindent=\dimen193
Package caption Info: Standard document class detected.
)
\c@caption@flags=\count306
\c@continuedfloat=\count307
)
(/usr/local/texlive/2025/texmf-dist/tex/latex/csquotes/csquotes.sty
Package: csquotes 2024-04-04 v5.2o context-sensitive quotations (JAW)

(/usr/local/texlive/2025/texmf-dist/tex/latex/etoolbox/etoolbox.sty
Package: etoolbox 2025/02/11 v2.5l e-TeX tools for LaTeX (JAW)
\etb@tempcnta=\count308
)
\csq@reset=\count309
\csq@gtype=\count310
\csq@glevel=\count311
\csq@qlevel=\count312
\csq@maxlvl=\count313
\csq@tshold=\count314
\csq@ltx@everypar=\toks27

(/usr/local/texlive/2025/texmf-dist/tex/latex/csquotes/csquotes.def
File: csquotes.def 2024-04-04 v5.2o csquotes generic definitions (JAW)
)
Package csquotes Info: Trying to load configuration file 'csquotes.cfg'...
Package csquotes Info: ... configuration file loaded successfully.

(/usr/local/texlive/2025/texmf-dist/tex/latex/csquotes/csquotes.cfg
File: csquotes.cfg 
))
(/usr/local/texlive/2025/texmf-dist/tex/latex/biblatex/biblatex.sty
Package: biblatex 2024/03/21 v3.20 programmable bibliographies (PK/MW)

(/usr/local/texlive/2025/texmf-dist/tex/generic/pdftexcmds/pdftexcmds.sty
Package: pdftexcmds 2020-06-27 v0.33 Utility functions of pdfTeX for LuaTeX (HO
)

(/usr/local/texlive/2025/texmf-dist/tex/generic/infwarerr/infwarerr.sty
Package: infwarerr 2019/12/03 v1.5 Providing info/warning/error messages (HO)
)
(/usr/local/texlive/2025/texmf-dist/tex/generic/ltxcmds/ltxcmds.sty
Package: ltxcmds 2023-12-04 v1.26 LaTeX kernel commands for general use (HO)
)
Package pdftexcmds Info: \pdf@primitive is available.
Package pdftexcmds Info: \pdf@ifprimitive is available.
Package pdftexcmds Info: \pdfdraftmode not found.
)
(/usr/local/texlive/2025/texmf-dist/tex/latex/kvoptions/kvoptions.sty
Package: kvoptions 2022-06-15 v3.15 Key value format for package options (HO)

(/usr/local/texlive/2025/texmf-dist/tex/latex/kvsetkeys/kvsetkeys.sty
Package: kvsetkeys 2022-10-05 v1.19 Key value parser (HO)
))
(/usr/local/texlive/2025/texmf-dist/tex/latex/logreq/logreq.sty
Package: logreq 2010/08/04 v1.0 xml request logger
\lrq@indent=\count315

(/usr/local/texlive/2025/texmf-dist/tex/latex/logreq/logreq.def
File: logreq.def 2010/08/04 v1.0 logreq spec v1.0
))
(/usr/local/texlive/2025/texmf-dist/tex/latex/base/ifthen.sty
Package: ifthen 2024/03/16 v1.1e Standard LaTeX ifthen package (DPC)
)
(/usr/local/texlive/2025/texmf-dist/tex/latex/url/url.sty
\Urlmuskip=\muskip19
Package: url 2013/09/16  ver 3.4  Verb mode for urls, etc.
)
\c@tabx@nest=\count316
\c@listtotal=\count317
\c@listcount=\count318
\c@liststart=\count319
\c@liststop=\count320
\c@citecount=\count321
\c@citetotal=\count322
\c@multicitecount=\count323
\c@multicitetotal=\count324
\c@instcount=\count325
\c@maxnames=\count326
\c@minnames=\count327
\c@maxitems=\count328
\c@minitems=\count329
\c@citecounter=\count330
\c@maxcitecounter=\count331
\c@savedcitecounter=\count332
\c@uniquelist=\count333
\c@uniquename=\count334
\c@refsection=\count335
\c@refsegment=\count336
\c@maxextratitle=\count337
\c@maxextratitleyear=\count338
\c@maxextraname=\count339
\c@maxextradate=\count340
\c@maxextraalpha=\count341
\c@abbrvpenalty=\count342
\c@highnamepenalty=\count343
\c@lownamepenalty=\count344
\c@maxparens=\count345
\c@parenlevel=\count346
\blx@tempcnta=\count347
\blx@tempcntb=\count348
\blx@tempcntc=\count349
\c@blx@maxsection=\count350
\blx@maxsegment@0=\count351
\blx@notetype=\count352
\blx@parenlevel@text=\count353
\blx@parenlevel@foot=\count354
\blx@sectionciteorder@0=\count355
\blx@sectionciteorderinternal@0=\count356
\blx@entrysetcounter=\count357
\blx@biblioinstance=\count358
\labelnumberwidth=\skip56
\labelalphawidth=\skip57
\biblabelsep=\skip58
\bibitemsep=\skip59
\bibnamesep=\skip60
\bibinitsep=\skip61
\bibparsep=\skip62
\bibhang=\skip63
\blx@bcfin=\read3
\blx@bcfout=\write3
\blx@langwohyphens=\language91
\c@mincomprange=\count359
\c@maxcomprange=\count360
\c@mincompwidth=\count361
Package biblatex Info: Trying to load biblatex default data model...
Package biblatex Info: ... file 'blx-dm.def' found.

(/usr/local/texlive/2025/texmf-dist/tex/latex/biblatex/blx-dm.def
File: blx-dm.def 2024/03/21 v3.20 biblatex datamodel (PK/MW)
)
Package biblatex Info: Trying to load biblatex style data model...
Package biblatex Info: ... file 'vancouver.dbx' not found.
Package biblatex Info: Trying to load biblatex custom data model...
Package biblatex Info: ... file 'biblatex-dm.cfg' not found.
\c@afterword=\count362
\c@savedafterword=\count363
\c@annotator=\count364
\c@savedannotator=\count365
\c@author=\count366
\c@savedauthor=\count367
\c@bookauthor=\count368
\c@savedbookauthor=\count369
\c@commentator=\count370
\c@savedcommentator=\count371
\c@editor=\count372
\c@savededitor=\count373
\c@editora=\count374
\c@savededitora=\count375
\c@editorb=\count376
\c@savededitorb=\count377
\c@editorc=\count378
\c@savededitorc=\count379
\c@foreword=\count380
\c@savedforeword=\count381
\c@holder=\count382
\c@savedholder=\count383
\c@introduction=\count384
\c@savedintroduction=\count385
\c@namea=\count386
\c@savednamea=\count387
\c@nameb=\count388
\c@savednameb=\count389
\c@namec=\count390
\c@savednamec=\count391
\c@translator=\count392
\c@savedtranslator=\count393
\c@shortauthor=\count394
\c@savedshortauthor=\count395
\c@shorteditor=\count396
\c@savedshorteditor=\count397
\c@labelname=\count398
\c@savedlabelname=\count399
\c@institution=\count400
\c@savedinstitution=\count401
\c@lista=\count402
\c@savedlista=\count403
\c@listb=\count404
\c@savedlistb=\count405
\c@listc=\count406
\c@savedlistc=\count407
\c@listd=\count408
\c@savedlistd=\count409
\c@liste=\count410
\c@savedliste=\count411
\c@listf=\count412
\c@savedlistf=\count413
\c@location=\count414
\c@savedlocation=\count415
\c@organization=\count416
\c@savedorganization=\count417
\c@origlocation=\count418
\c@savedoriglocation=\count419
\c@origpublisher=\count420
\c@savedorigpublisher=\count421
\c@publisher=\count422
\c@savedpublisher=\count423
\c@language=\count424
\c@savedlanguage=\count425
\c@origlanguage=\count426
\c@savedoriglanguage=\count427
\c@pageref=\count428
\c@savedpageref=\count429
\shorthandwidth=\skip64
\shortjournalwidth=\skip65
\shortserieswidth=\skip66
\shorttitlewidth=\skip67
\shortauthorwidth=\skip68
\shorteditorwidth=\skip69
\locallabelnumberwidth=\skip70
\locallabelalphawidth=\skip71
\localshorthandwidth=\skip72
\localshortjournalwidth=\skip73
\localshortserieswidth=\skip74
\localshorttitlewidth=\skip75
\localshortauthorwidth=\skip76
\localshorteditorwidth=\skip77
Package biblatex Info: Trying to load enhanced support for Unicode engines...
Package biblatex Info: ... file 'blx-unicode.def' found.

(/usr/local/texlive/2025/texmf-dist/tex/latex/biblatex/blx-unicode.def)
Package biblatex Info: Trying to load compatibility code...
Package biblatex Info: ... file 'blx-compat.def' found.

(/usr/local/texlive/2025/texmf-dist/tex/latex/biblatex/blx-compat.def
File: blx-compat.def 2024/03/21 v3.20 biblatex compatibility (PK/MW)
)
Package biblatex Info: Trying to load generic definitions...
Package biblatex Info: ... file 'biblatex.def' found.

(/usr/local/texlive/2025/texmf-dist/tex/latex/biblatex/biblatex.def
File: biblatex.def 2024/03/21 v3.20 biblatex compatibility (PK/MW)
\c@textcitecount=\count430
\c@textcitetotal=\count431
\c@textcitemaxnames=\count432
\c@biburlbigbreakpenalty=\count433
\c@biburlbreakpenalty=\count434
\c@biburlnumpenalty=\count435
\c@biburlucpenalty=\count436
\c@biburllcpenalty=\count437
\biburlbigskip=\muskip20
\biburlnumskip=\muskip21
\biburlucskip=\muskip22
\biburllcskip=\muskip23
\c@smartand=\count438
)
Package biblatex Info: Trying to load bibliography style 'vancouver'...
Package biblatex Info: ... file 'vancouver.bbx' found.

(/usr/local/texlive/2025/texmf-dist/tex/latex/biblatex-vancouver/vancouver.bbx
File: vancouver.bbx 2020/05/20 v0.1 biblatex vancouver
Package biblatex Info: Trying to load bibliography style 'numeric'...
Package biblatex Info: ... file 'numeric.bbx' found.

(/usr/local/texlive/2025/texmf-dist/tex/latex/biblatex/bbx/numeric.bbx
File: numeric.bbx 2024/03/21 v3.20 biblatex bibliography style (PK/MW)
Package biblatex Info: Trying to load bibliography style 'standard'...
Package biblatex Info: ... file 'standard.bbx' found.

(/usr/local/texlive/2025/texmf-dist/tex/latex/biblatex/bbx/standard.bbx
File: standard.bbx 2024/03/21 v3.20 biblatex bibliography style (PK/MW)
\c@bbx:relatedcount=\count439
\c@bbx:relatedtotal=\count440
)))
Package biblatex Info: Trying to load citation style 'vancouver'...
Package biblatex Info: ... file 'vancouver.cbx' found.

(/usr/local/texlive/2025/texmf-dist/tex/latex/biblatex-vancouver/vancouver.cbx
File: vancouver.bbx 2020/05/20 v0.1 biblatex vancouver
Package biblatex Info: Trying to load citation style 'numeric'...
Package biblatex Info: ... file 'numeric.cbx' found.

(/usr/local/texlive/2025/texmf-dist/tex/latex/biblatex/cbx/numeric.cbx
File: numeric.cbx 2024/03/21 v3.20 biblatex citation style (PK/MW)
Package biblatex Info: Redefining '\cite'.
Package biblatex Info: Redefining '\parencite'.
Package biblatex Info: Redefining '\footcite'.
Package biblatex Info: Redefining '\footcitetext'.
Package biblatex Info: Redefining '\smartcite'.
Package biblatex Info: Redefining '\supercite'.
Package biblatex Info: Redefining '\textcite'.
Package biblatex Info: Redefining '\textcites'.
Package biblatex Info: Redefining '\cites'.
Package biblatex Info: Redefining '\parencites'.
Package biblatex Info: Redefining '\smartcites'.
))
Package biblatex Info: Trying to load configuration file...
Package biblatex Info: ... file 'biblatex.cfg' found.

(/usr/local/texlive/2025/texmf-dist/tex/latex/biblatex/biblatex.cfg
File: biblatex.cfg 
)
Package biblatex Info: XeTeX detected.
(biblatex)             Assuming input encoding 'utf8'.
Package biblatex Info: Document encoding is UTF8 ....
Package biblatex Info: ... and expl3
(biblatex)             2025-01-18 L3 programming layer (loader) 
(biblatex)             is new enough (at least 2020/04/06),
(biblatex)             setting 'casechanger=expl3'.

(/usr/local/texlive/2025/texmf-dist/tex/latex/biblatex/blx-case-expl3.sty
Package: blx-case-expl3 2024/03/21 v3.20 expl3 case changing code for biblatex
))
(/usr/local/texlive/2025/texmf-dist/tex/latex/hyperref/hyperref.sty
Package: hyperref 2024-11-05 v7.01l Hypertext links for LaTeX

(/usr/local/texlive/2025/texmf-dist/tex/generic/kvdefinekeys/kvdefinekeys.sty
Package: kvdefinekeys 2019-12-19 v1.6 Define keys (HO)
)
(/usr/local/texlive/2025/texmf-dist/tex/generic/pdfescape/pdfescape.sty
Package: pdfescape 2019/12/09 v1.15 Implements pdfTeX's escape features (HO)
)
(/usr/local/texlive/2025/texmf-dist/tex/latex/hycolor/hycolor.sty
Package: hycolor 2020-01-27 v1.10 Color options for hyperref/bookmark (HO)
)
(/usr/local/texlive/2025/texmf-dist/tex/latex/hyperref/nameref.sty
Package: nameref 2023-11-26 v2.56 Cross-referencing by name of section

(/usr/local/texlive/2025/texmf-dist/tex/latex/refcount/refcount.sty
Package: refcount 2019/12/15 v3.6 Data extraction from label references (HO)
)
(/usr/local/texlive/2025/texmf-dist/tex/generic/gettitlestring/gettitlestring.s
ty
Package: gettitlestring 2019/12/15 v1.6 Cleanup title references (HO)
)
\c@section@level=\count441
) (/usr/local/texlive/2025/texmf-dist/tex/generic/stringenc/stringenc.sty
Package: stringenc 2019/11/29 v1.12 Convert strings between diff. encodings (HO
)
)
\@linkdim=\dimen194
\Hy@linkcounter=\count442
\Hy@pagecounter=\count443

(/usr/local/texlive/2025/texmf-dist/tex/latex/hyperref/pd1enc.def
File: pd1enc.def 2024-11-05 v7.01l Hyperref: PDFDocEncoding definition (HO)
)
(/usr/local/texlive/2025/texmf-dist/tex/generic/intcalc/intcalc.sty
Package: intcalc 2019/12/15 v1.3 Expandable calculations with integers (HO)
)
\Hy@SavedSpaceFactor=\count444

(/usr/local/texlive/2025/texmf-dist/tex/latex/hyperref/puenc.def
File: puenc.def 2024-11-05 v7.01l Hyperref: PDF Unicode definition (HO)
)
Package hyperref Info: Option `colorlinks' set `true' on input line 4040.
Package hyperref Info: Hyper figures OFF on input line 4157.
Package hyperref Info: Link nesting OFF on input line 4162.
Package hyperref Info: Hyper index ON on input line 4165.
Package hyperref Info: Plain pages OFF on input line 4172.
Package hyperref Info: Backreferencing OFF on input line 4177.
Package hyperref Info: Implicit mode ON; LaTeX internals redefined.
Package hyperref Info: Bookmarks ON on input line 4424.
\c@Hy@tempcnt=\count445
LaTeX Info: Redefining \url on input line 4763.
\XeTeXLinkMargin=\dimen195

(/usr/local/texlive/2025/texmf-dist/tex/generic/bitset/bitset.sty
Package: bitset 2019/12/09 v1.3 Handle bit-vector datatype (HO)

(/usr/local/texlive/2025/texmf-dist/tex/generic/bigintcalc/bigintcalc.sty
Package: bigintcalc 2019/12/15 v1.5 Expandable calculations on big integers (HO
)
))
\Fld@menulength=\count446
\Field@Width=\dimen196
\Fld@charsize=\dimen197
Package hyperref Info: Hyper figures OFF on input line 6042.
Package hyperref Info: Link nesting OFF on input line 6047.
Package hyperref Info: Hyper index ON on input line 6050.
Package hyperref Info: backreferencing OFF on input line 6057.
Package hyperref Info: Link coloring ON on input line 6060.
Package hyperref Info: Link coloring with OCG OFF on input line 6067.
Package hyperref Info: PDF/A mode OFF on input line 6072.

(/usr/local/texlive/2025/texmf-dist/tex/latex/base/atbegshi-ltx.sty
Package: atbegshi-ltx 2021/01/10 v1.0c Emulation of the original atbegshi
package with kernel methods
)
\Hy@abspage=\count447
\c@Item=\count448
\c@Hfootnote=\count449
)
Package hyperref Info: Driver (autodetected): hxetex.

(/usr/local/texlive/2025/texmf-dist/tex/latex/hyperref/hxetex.def
File: hxetex.def 2024-11-05 v7.01l Hyperref driver for XeTeX
\pdfm@box=\box57
\c@Hy@AnnotLevel=\count450
\HyField@AnnotCount=\count451
\Fld@listcount=\count452
\c@bookmark@seq@number=\count453

(/usr/local/texlive/2025/texmf-dist/tex/latex/rerunfilecheck/rerunfilecheck.sty
Package: rerunfilecheck 2022-07-10 v1.10 Rerun checks for auxiliary files (HO)
(/usr/local/texlive/2025/texmf-dist/tex/latex/base/atveryend-ltx.sty
Package: atveryend-ltx 2020/08/19 v1.0a Emulation of the original atveryend pac
kage
with kernel methods
)
(/usr/local/texlive/2025/texmf-dist/tex/generic/uniquecounter/uniquecounter.sty
Package: uniquecounter 2019/12/15 v1.4 Provide unlimited unique counter (HO)
)
Package uniquecounter Info: New unique counter `rerunfilecheck' on input line 2
85.
)
\Hy@SectionHShift=\skip78
)
Package csquotes Info: Checking for multilingual support...
Package csquotes Info: ... found 'babel' package.
Package csquotes Info: Adjusting default style.
Package csquotes Info: Redefining alias 'default' -> 'english'.
 (./main.aux)
\openout1 = `main.aux'.

LaTeX Font Info:    Checking defaults for OML/cmm/m/it on input line 104.
LaTeX Font Info:    ... okay on input line 104.
LaTeX Font Info:    Checking defaults for OMS/cmsy/m/n on input line 104.
LaTeX Font Info:    ... okay on input line 104.
LaTeX Font Info:    Checking defaults for OT1/cmr/m/n on input line 104.
LaTeX Font Info:    ... okay on input line 104.
LaTeX Font Info:    Checking defaults for T1/cmr/m/n on input line 104.
LaTeX Font Info:    ... okay on input line 104.
LaTeX Font Info:    Checking defaults for TS1/cmr/m/n on input line 104.
LaTeX Font Info:    ... okay on input line 104.
LaTeX Font Info:    Checking defaults for TU/lmr/m/n on input line 104.
LaTeX Font Info:    ... okay on input line 104.
LaTeX Font Info:    Checking defaults for OMX/cmex/m/n on input line 104.
LaTeX Font Info:    ... okay on input line 104.
LaTeX Font Info:    Checking defaults for U/cmr/m/n on input line 104.
LaTeX Font Info:    ... okay on input line 104.
LaTeX Font Info:    Checking defaults for PD1/pdf/m/n on input line 104.
LaTeX Font Info:    ... okay on input line 104.
LaTeX Font Info:    Checking defaults for PU/pdf/m/n on input line 104.
LaTeX Font Info:    ... okay on input line 104.

*geometry* driver: auto-detecting
*geometry* detected driver: xetex
*geometry* verbose mode - [ preamble ] result:
* driver: xetex
* paper: letterpaper
* layout: <same size as paper>
* layoutoffset:(h,v)=(0.0pt,0.0pt)
* modes: 
* h-part:(L,W,R)=(56.9055pt, 500.484pt, 56.9055pt)
* v-part:(T,H,B)=(56.9055pt, 681.15898pt, 56.9055pt)
* \paperwidth=614.295pt
* \paperheight=794.96999pt
* \textwidth=500.484pt
* \textheight=681.15898pt
* \oddsidemargin=-15.36449pt
* \evensidemargin=-15.36449pt
* \topmargin=-52.36449pt
* \headheight=12.0pt
* \headsep=25.0pt
* \topskip=12.0pt
* \footskip=30.0pt
* \marginparwidth=4.0pt
* \marginparsep=10.0pt
* \columnsep=21.33955pt
* \skip\footins=10.8pt plus 4.0pt minus 2.0pt
* \hoffset=0.0pt
* \voffset=0.0pt
* \mag=1000
* \@twocolumntrue
* \@twosidefalse
* \@mparswitchfalse
* \@reversemarginfalse
* (1in=72.27pt=25.4mm, 1cm=28.453pt)

LaTeX Font Info:    Overwriting math alphabet `\mathsf' in version `normal'
(Font)                  OT1/cmss/m/n --> TU/lmss/m/n on input line 104.
LaTeX Font Info:    Overwriting math alphabet `\mathsf' in version `bold'
(Font)                  OT1/cmss/bx/n --> TU/lmss/b/n on input line 104.
LaTeX Font Info:    Overwriting math alphabet `\mathtt' in version `normal'
(Font)                  OT1/cmtt/m/n --> TU/lmtt/m/n on input line 104.
LaTeX Font Info:    Overwriting math alphabet `\mathtt' in version `bold'
(Font)                  OT1/cmtt/m/n --> TU/lmtt/b/n on input line 104.
Package caption Info: Begin \AtBeginDocument code.
Package caption Info: hyperref package is loaded.
Package caption Info: End \AtBeginDocument code.
Package biblatex Info: Trying to load language 'english'...
Package biblatex Info: ... file 'english.lbx' found.
(/usr/local/texlive/2025/texmf-dist/tex/latex/biblatex/lbx/english.lbx
File: english.lbx 2024/03/21 v3.20 biblatex localization (PK/MW)
)
Package biblatex Info: XeTeX detected.
(biblatex)             Assuming input encoding 'utf8'.
Package biblatex Info: Automatic encoding selection.
(biblatex)             Assuming data encoding 'utf8'.
\openout3 = `main.bcf'.

Package biblatex Info: Trying to load bibliographic data...
Package biblatex Info: ... file 'main.bbl' not found.

No file main.bbl.
Package biblatex Info: Reference section=0 on input line 104.
Package biblatex Info: Reference segment=0 on input line 104.
(/usr/local/texlive/2025/texmf-dist/tex/latex/graphics/color.sty
Package: color 2024/06/23 v1.3e Standard LaTeX Color (DPC)

(/usr/local/texlive/2025/texmf-dist/tex/latex/graphics-cfg/color.cfg
File: color.cfg 2016/01/02 v1.6 sample color configuration
)
Package color Info: Driver file: xetex.def on input line 149.

(/usr/local/texlive/2025/texmf-dist/tex/latex/graphics/mathcolor.ltx))
Package hyperref Info: Link coloring ON on input line 104.

(./main.out) (./main.out)
\@outlinefile=\write4
\openout4 = `main.out'.

LaTeX Font Info:    Font shape `TU/texgyretermes-math.otf(2)/m/n' will be
(Font)              scaled to size 14.40152pt on input line 107.
LaTeX Font Info:    Font shape `TU/texgyretermes-math.otf(2)/m/n' will be
(Font)              scaled to size 10.00107pt on input line 107.
LaTeX Font Info:    Font shape `TU/texgyretermes-math.otf(2)/m/n' will be
(Font)              scaled to size 7.00075pt on input line 107.
LaTeX Font Info:    Font shape `TU/texgyretermes-math.otf(3)/m/n' will be
(Font)              scaled to size 14.39845pt on input line 107.
LaTeX Font Info:    Font shape `TU/texgyretermes-math.otf(3)/m/n' will be
(Font)              scaled to size 9.99893pt on input line 107.
LaTeX Font Info:    Font shape `TU/texgyretermes-math.otf(3)/m/n' will be
(Font)              scaled to size 6.99925pt on input line 107.
LaTeX Font Info:    Trying to load font information for U+msa on input line 107
.

(/usr/local/texlive/2025/texmf-dist/tex/latex/amsfonts/umsa.fd
File: umsa.fd 2013/01/14 v3.01 AMS symbols A
)
LaTeX Font Info:    Trying to load font information for U+msb on input line 107
.

(/usr/local/texlive/2025/texmf-dist/tex/latex/amsfonts/umsb.fd
File: umsb.fd 2013/01/14 v3.01 AMS symbols B
)

LaTeX Warning: No \author given.


Underfull \hbox (badness 6380) in paragraph at lines 124--130
\TU/TimesNewRoman(0)/m/n/12 proach for identifying patterns in numerical
 []


Underfull \hbox (badness 1005) in paragraph at lines 124--130
\TU/TimesNewRoman(0)/m/n/12 for distinguishing between predefined outcome
 []


Underfull \hbox (badness 1436) in paragraph at lines 141--151
\TU/TimesNewRoman(0)/m/n/12 necessarily lead to better classification perfor-
 []




Underfull \hbox (badness 1009) in paragraph at lines 152--161
[]\TU/TimesNewRoman(0)/m/n/12 An additional methodological concern arises
 []


Underfull \hbox (badness 3907) in paragraph at lines 171--179
\TU/TimesNewRoman(0)/m/n/12 Technique (SMOTE) and combined with ten
 []



[1


]
Underfull \hbox (badness 10000) in paragraph at lines 180--187
\TU/TimesNewRoman(0)/m/n/12 feature-source combination, feature-selection
 []


Underfull \hbox (badness 4072) in paragraph at lines 180--187
\TU/TimesNewRoman(0)/m/n/12 combined, whether SMOTE improved model
 []


Underfull \hbox (badness 3068) in paragraph at lines 180--187
\TU/TimesNewRoman(0)/m/n/12 performance, and how consistently individual
 []


Underfull \hbox (badness 2158) in paragraph at lines 180--187
\TU/TimesNewRoman(0)/m/n/12 features were selected across different patient
 []


Underfull \hbox (badness 2495) in paragraph at lines 212--217
\TU/TimesNewRoman(0)/m/n/12 diomic features. The computational analysis
 []


Underfull \hbox (badness 1648) in paragraph at lines 218--224
\TU/TimesNewRoman(0)/m/n/12 source was first evaluated separately. Multi-
 []



LaTeX Font Info:    Font shape `TU/texgyretermes-math.otf(2)/m/n' will be
(Font)              scaled to size 12.00128pt on input line 234.
LaTeX Font Info:    Font shape `TU/texgyretermes-math.otf(2)/m/n' will be
(Font)              scaled to size 8.88095pt on input line 234.
LaTeX Font Info:    Font shape `TU/texgyretermes-math.otf(2)/m/n' will be
(Font)              scaled to size 6.60071pt on input line 234.
LaTeX Font Info:    Font shape `TU/texgyretermes-math.otf(3)/m/n' will be
(Font)              scaled to size 11.99872pt on input line 234.
LaTeX Font Info:    Font shape `TU/texgyretermes-math.otf(3)/m/n' will be
(Font)              scaled to size 8.87904pt on input line 234.
LaTeX Font Info:    Font shape `TU/texgyretermes-math.otf(3)/m/n' will be
(Font)              scaled to size 6.59929pt on input line 234.

Overfull \hbox (14.97449pt too wide) detected at line 239
[][][][] [] [] [] [] [] [] [] [] [] [] [] [][] [] [][] [] [] [] [] [] [][][]
 []


Underfull \hbox (badness 4378) in paragraph at lines 256--258
[]\TU/TimesNewRoman(0)/b/n/12 Experiment 5: Complete multi-source
 []


Underfull \hbox (badness 1048) in paragraph at lines 260--265
\TU/TimesNewRoman(0)/m/n/12 workflow included dataset validation, training-
 []

File: Figs/computational_workflow.png Graphic file (type bmp)
<Figs/computational_workflow.png>

Underfull \hbox (badness 5077) in paragraph at lines 295--300
[]\TU/TimesNewRoman(0)/m/n/12 Three sequential feature-selection strategies
 []


Underfull \hbox (badness 2285) in paragraph at lines 295--300
\TU/TimesNewRoman(0)/m/n/12 machine-learning classifiers. Therefore, each
 []


Underfull \hbox (badness 1616) in paragraph at lines 306--311
\TU/TimesNewRoman(0)/m/n/12 strategy, class-balancing condition, and classi-
 []



[2]


Underfull \hbox (badness 7722) in paragraph at lines 335--335
[]\TU/TimesNewRoman(0)/b/n/14.4 Input Datasets and Prediction
 []


Underfull \hbox (badness 10000) in paragraph at lines 338--344
\TU/TimesNewRoman(0)/m/n/12 The machine-learning analysis used tabular
 []


Underfull \hbox (badness 1354) in paragraph at lines 338--344
\TU/TimesNewRoman(0)/m/n/12 comma-separated value (CSV) files containing
 []



[3]
Underfull \hbox (badness 1960) in paragraph at lines 409--414
[]\TU/TimesNewRoman(0)/m/n/12 This design prevented a model from being
 []


Underfull \hbox (badness 5133) in paragraph at lines 415--420
[]\TU/TimesNewRoman(0)/m/n/12 Five single-source datasets were available:
 []


Underfull \hbox (badness 1242) in paragraph at lines 415--420
\TU/TimesNewRoman(0)/m/n/12 ADC, Pre, Post1, Post2, and T2. The input
 []



LaTeX Font Info:    Font shape `TU/texgyretermes-math.otf(2)/m/n' will be
(Font)              scaled to size 10.95116pt on input line 434.
LaTeX Font Info:    Font shape `TU/texgyretermes-math.otf(2)/m/n' will be
(Font)              scaled to size 8.00085pt on input line 434.
LaTeX Font Info:    Font shape `TU/texgyretermes-math.otf(2)/m/n' will be
(Font)              scaled to size 6.00064pt on input line 434.
LaTeX Font Info:    Font shape `TU/texgyretermes-math.otf(3)/m/n' will be
(Font)              scaled to size 10.94882pt on input line 434.
LaTeX Font Info:    Font shape `TU/texgyretermes-math.otf(3)/m/n' will be
(Font)              scaled to size 7.99915pt on input line 434.
LaTeX Font Info:    Font shape `TU/texgyretermes-math.otf(3)/m/n' will be
(Font)              scaled to size 5.99936pt on input line 434.

Underfull \hbox (badness 10000) in paragraph at lines 463--463
[]\TU/TimesNewRoman(0)/b/n/14.4 Construction of Multi-Source
 []


Underfull \hbox (badness 5548) in paragraph at lines 504--510
\TU/TimesNewRoman(0)/m/n/12 and exported index columns beginning with
 []



[4]


Underfull \hbox (badness 7740) in paragraph at lines 606--606
[]\TU/TimesNewRoman(0)/b/n/14.4 Data Preparation and Quality
 []



[5]
Underfull \hbox (badness 6380) in paragraph at lines 615--621
[]\TU/TimesNewRoman(0)/m/n/12 Each input file was checked for the re-
 []


Underfull \hbox (badness 1521) in paragraph at lines 646--649
[]\TU/TimesNewRoman(0)/m/n/12 If two columns produced the same cleaned
 []




Underfull \hbox (badness 2293) in paragraph at lines 665--671
[]\TU/TimesNewRoman(0)/m/n/12 The workflow checked for fully duplicated
 []



[6]
Underfull \hbox (badness 6995) in paragraph at lines 710--716
\TU/TimesNewRoman(0)/m/n/12 patient-level ROI counts, class distributions,
 []


Underfull \hbox (badness 10000) in paragraph at lines 736--736
[]\TU/TimesNewRoman(0)/b/n/14.4 Patient-Aware Nested Cross-
 []


Underfull \hbox (badness 3514) in paragraph at lines 739--743
\TU/TimesNewRoman(0)/m/n/12 Model development and internal performance
 []


Underfull \hbox (badness 1014) in paragraph at lines 739--743
\TU/TimesNewRoman(0)/m/n/12 evaluation were performed using patient-aware
 []




Underfull \hbox (badness 10000) in paragraph at lines 781--787
[]\TU/TimesNewRoman(0)/m/n/12 The folds were generated using
 []


Underfull \hbox (badness 3690) in paragraph at lines 781--787
\TU/lmtt/m/n/12 StratifiedGroupKFold\TU/TimesNewRoman(0)/m/n/12 . This method k
ept
 []



[7]
Underfull \hbox (badness 3861) in paragraph at lines 818--821
[]\TU/TimesNewRoman(0)/m/n/12 After all model-development decisions had
 []


Underfull \hbox (badness 1005) in paragraph at lines 818--821
\TU/TimesNewRoman(0)/m/n/12 using the complete outer-training partition and
 []


Underfull \hbox (badness 1014) in paragraph at lines 825--829
\TU/TimesNewRoman(0)/m/n/12 Preprocessing parameters were estimated sepa-
 []


Underfull \hbox (badness 1005) in paragraph at lines 850--853
[]\TU/TimesNewRoman(0)/m/n/12 After feature selection, the retained features
 []





[8]
Underfull \hbox (badness 5077) in paragraph at lines 965--966
[]\TU/TimesNewRoman(0)/m/n/12 Three sequential feature-selection strategies
 []


Underfull \hbox (badness 1533) in paragraph at lines 983--988
[]\TU/TimesNewRoman(0)/m/n/12 All feature-selection steps were fitted using
 []




Underfull \hbox (badness 1092) in paragraph at lines 1032--1036
[]\TU/TimesNewRoman(0)/m/n/12 The correlation matrix and univariate ROC-
 []


Underfull \hbox (badness 1231) in paragraph at lines 1032--1036
\TU/TimesNewRoman(0)/m/n/12 AUC values were calculated separately within
 []



[9]
Underfull \hbox (badness 5939) in paragraph at lines 1073--1078
[]\TU/TimesNewRoman(0)/m/n/12 Mutual information can identify both lin-
 []


Underfull \hbox (badness 2376) in paragraph at lines 1073--1078
\TU/TimesNewRoman(0)/m/n/12 ture and the target. It was estimated using
 []





[10]
Underfull \hbox (badness 10000) in paragraph at lines 1203--1207
 []\TU/TimesNewRoman(0)/b/n/12 Correlation filtering followed by mRMR.[]
 []


Underfull \hbox (badness 4060) in paragraph at lines 1203--1207
\TU/TimesNewRoman(0)/m/n/12 Correlation filtering was first applied to the
 []


Underfull \hbox (badness 4096) in paragraph at lines 1203--1207
\TU/TimesNewRoman(0)/m/n/12 complete training feature matrix. The pur-
 []


Underfull \hbox (badness 2293) in paragraph at lines 1203--1207
\TU/TimesNewRoman(0)/m/n/12 correlated variables while retaining the mem-
 []


Underfull \hbox (badness 1292) in paragraph at lines 1203--1207
\TU/TimesNewRoman(0)/m/n/12 ber of each correlated group with the highest
 []


Underfull \hbox (badness 2173) in paragraph at lines 1272--1277
 []\TU/TimesNewRoman(0)/b/n/12 mRMR followed by Elastic Net.[] \TU/TimesNewRoma
n(0)/m/n/12 The third
 []


Underfull \hbox (badness 6927) in paragraph at lines 1272--1277
\TU/TimesNewRoman(0)/m/n/12 strategy reversed the order of the previous
 []




Underfull \hbox (badness 3547) in paragraph at lines 1295--1300
[]\TU/TimesNewRoman(0)/m/n/12 Although this strategy used the same two
 []


Underfull \hbox (badness 2564) in paragraph at lines 1310--1314
\TU/TimesNewRoman(0)/m/n/12 pipeline was fitted using the available outer-
 []


Underfull \hbox (badness 10000) in paragraph at lines 1336--1336
[]\TU/TimesNewRoman(0)/b/n/14.4 Automatic Selection of the
 []


Underfull \hbox (badness 1142) in paragraph at lines 1339--1344
\TU/TimesNewRoman(0)/m/n/12 available in the current outer-training partition
 []



[11]
Underfull \hbox (badness 6526) in paragraph at lines 1366--1372
[]\TU/TimesNewRoman(0)/m/n/12 The outer-training data were divided into
 []


Underfull \hbox (badness 6559) in paragraph at lines 1366--1372
\TU/TimesNewRoman(0)/m/n/12 up to three patient-aware inner folds using
 []


Underfull \hbox (badness 1325) in paragraph at lines 1366--1372
\TU/lmtt/m/n/12 StratifiedGroupKFold\TU/TimesNewRoman(0)/m/n/12 . All ROIs from
 the
 []


Underfull \hbox (badness 1147) in paragraph at lines 1379--1383
\TU/TimesNewRoman(0)/m/n/12 standard deviation were used to transform the
 []


Underfull \hbox (badness 1990) in paragraph at lines 1384--1389
[]\TU/TimesNewRoman(0)/m/n/12 A lightweight Logistic Regression classifier
 []


Underfull \hbox (badness 1635) in paragraph at lines 1384--1389
\TU/TimesNewRoman(0)/m/n/12 was used only to compare the candidate fea-
 []




Underfull \hbox (badness 3460) in paragraph at lines 1431--1436
[]\TU/TimesNewRoman(0)/m/n/12 Within each outer fold, the same Auto-$[]$-
 []



[12]
Underfull \hbox (badness 10000) in paragraph at lines 1504--1508
[]\TU/TimesNewRoman(0)/m/n/12 Feature selection was performed before
 []


Underfull \hbox (badness 1082) in paragraph at lines 1504--1508
\TU/TimesNewRoman(0)/m/n/12 SMOTE so that synthetic samples did not in-
 []


Underfull \hbox (badness 3000) in paragraph at lines 1519--1522
\TU/TimesNewRoman(0)/m/n/12 evaluation partitions had been separated. It
 []


Underfull \hbox (badness 1997) in paragraph at lines 1523--1529
\TU/TimesNewRoman(0)/m/n/12 timisation, preprocessing was fitted separately
 []


Underfull \hbox (badness 1127) in paragraph at lines 1523--1529
\TU/TimesNewRoman(0)/m/n/12 within each inner split. Missing values were
 []




Underfull \hbox (badness 1584) in paragraph at lines 1535--1541
[]\TU/TimesNewRoman(0)/m/n/12 After hyperparameter selection, the selected
 []


Underfull \hbox (badness 1533) in paragraph at lines 1535--1541
\TU/TimesNewRoman(0)/m/n/12 features were standardised using the complete
 []


Underfull \hbox (badness 2285) in paragraph at lines 1554--1557
\TU/TimesNewRoman(0)/m/n/12 monly uses five nearest minority-class neigh-
 []



[13]
Underfull \hbox (badness 4492) in paragraph at lines 1644--1648
[]\TU/TimesNewRoman(0)/m/n/12 Each classifier received the feature subset
 []


Underfull \hbox (badness 1533) in paragraph at lines 1644--1648
\TU/TimesNewRoman(0)/m/n/12 selected within the corresponding outer cross-
 []


LaTeX Font Warning: Font shape `TU/texgyretermes-math.otf(1)/b/n' undefined
(Font)              using `TU/texgyretermes-math.otf(1)/m/n' instead on input l
ine 1660.


LaTeX Font Warning: Font shape `TU/texgyretermes-math.otf(2)/b/n' undefined
(Font)              using `TU/texgyretermes-math.otf(2)/m/n' instead on input l
ine 1660.

LaTeX Font Info:    Font shape `TU/texgyretermes-math.otf(2)/b/n' will be
(Font)              scaled to size 8.88095pt on input line 1660.
LaTeX Font Info:    Font shape `TU/texgyretermes-math.otf(2)/b/n' will be
(Font)              scaled to size 6.60071pt on input line 1660.

LaTeX Font Warning: Font shape `TU/texgyretermes-math.otf(3)/b/n' undefined
(Font)              using `TU/texgyretermes-math.otf(3)/m/n' instead on input l
ine 1660.

LaTeX Font Info:    Font shape `TU/texgyretermes-math.otf(3)/b/n' will be
(Font)              scaled to size 8.87904pt on input line 1660.
LaTeX Font Info:    Font shape `TU/texgyretermes-math.otf(3)/b/n' will be
(Font)              scaled to size 6.59929pt on input line 1660.
LaTeX Font Info:    Font shape `TU/texgyretermes-math.otf(2)/b/n' will be
(Font)              scaled to size 12.00128pt on input line 1668.
LaTeX Font Info:    Font shape `TU/texgyretermes-math.otf(3)/b/n' will be
(Font)              scaled to size 11.99872pt on input line 1668.

Underfull \hbox (badness 1132) in paragraph at lines 1673--1677
\TU/TimesNewRoman(0)/m/n/12 threshold-independent metrics, including ROC-
 []


Underfull \hbox (badness 1874) in paragraph at lines 1673--1677
\TU/TimesNewRoman(0)/m/n/12 AUC and PR-AUC. Class labels were subse-
 []




Underfull \hbox (badness 1033) in paragraph at lines 1684--1691
\TU/TimesNewRoman(0)/m/n/12 Logistic Regression was used as a regularised
 []


Underfull \hbox (badness 1308) in paragraph at lines 1684--1691
\TU/TimesNewRoman(0)/m/n/12 linear classifier. It models the probability of
 []


Underfull \hbox (badness 2285) in paragraph at lines 1692--1697
[]\TU/TimesNewRoman(0)/m/n/12 The Logistic Regression classifier used the
 []


Underfull \hbox (badness 4805) in paragraph at lines 1712--1716
[]\TU/TimesNewRoman(0)/m/n/12 Both SVM classifiers used balanced class
 []


Underfull \hbox (badness 1377) in paragraph at lines 1724--1728
\TU/TimesNewRoman(0)/m/n/12 uated: Random Forest, Extra Trees, Gradient
 []



[14]
Underfull \hbox (badness 1960) in paragraph at lines 1752--1758
\TU/TimesNewRoman(0)/m/n/12 plementation. It sequentially constructs trees
 []


Underfull \hbox (badness 10000) in paragraph at lines 1759--1765
[]\TU/TimesNewRoman(0)/m/n/12 LightGBM is another gradient-boosted
 []


Underfull \hbox (badness 10000) in paragraph at lines 1759--1765
\TU/TimesNewRoman(0)/m/n/12 decision-tree implementation designed for
 []


Underfull \hbox (badness 10000) in paragraph at lines 1759--1765
\TU/TimesNewRoman(0)/m/n/12 computationally efficient model construction.
 []


Underfull \hbox (badness 1127) in paragraph at lines 1759--1765
\TU/TimesNewRoman(0)/m/n/12 learning rate, feature and observation subsam-
 []


Underfull \vbox (badness 10000) has occurred while \output is active []




Underfull \hbox (badness 10000) in paragraph at lines 1821--1821
[]|\TU/TimesNewRoman(0)/m/n/10.95 Regularised linear
 []


Underfull \hbox (badness 10000) in paragraph at lines 1826--1826
[]|\TU/TimesNewRoman(0)/m/n/10.95 Linear margin-based
 []


Underfull \hbox (badness 8038) in paragraph at lines 1839--1839
[]|\TU/TimesNewRoman(0)/m/n/10.95 Randomised tree en-
 []


Underfull \hbox (badness 10000) in paragraph at lines 1848--1848
[]|\TU/TimesNewRoman(0)/m/n/10.95 K-Nearest Neigh-
 []


Underfull \hbox (badness 10000) in paragraph at lines 1852--1852
[]|\TU/TimesNewRoman(0)/m/n/10.95 Gaussian Naive
 []


Underfull \hbox (badness 10000) in paragraph at lines 1857--1857
[]|\TU/TimesNewRoman(0)/m/n/10.95 Regularised boosted-
 []


Underfull \hbox (badness 10000) in paragraph at lines 1862--1862
[]|\TU/TimesNewRoman(0)/m/n/10.95 Gradient-boosted tree
 []


Underfull \hbox (badness 1895) in paragraph at lines 1882--1886
\TU/TimesNewRoman(0)/m/n/12 after hyperparameter selection had been com-
 []


Underfull \hbox (badness 10000) in paragraph at lines 1906--1906
[]\TU/TimesNewRoman(0)/b/n/14.4 Hyperparameter Optimisation
 []



[15] [16]
Underfull \hbox (badness 1205) in paragraph at lines 1951--1951
[]\TU/TimesNewRoman(0)/b/n/12 Inner-Loop Evaluation of Candidate
 []




Underfull \hbox (badness 2735) in paragraph at lines 1996--1998
[]\TU/TimesNewRoman(0)/m/n/12 ROC-AUC was calculated using the un-
 []


Underfull \hbox (badness 1946) in paragraph at lines 2004--2008
\TU/TimesNewRoman(0)/m/n/12 target class was excluded because ROC-AUC
 []



[17]



[18] [19]
Underfull \hbox (badness 5359) in paragraph at lines 2339--2341
\TU/TimesNewRoman(0)/m/n/12 bined into one out-of-fold prediction vector.
 []


Underfull \hbox (badness 10000) in paragraph at lines 2376--2376
[]\TU/TimesNewRoman(0)/b/n/12 Threshold-Dependent Classification
 []




Underfull \hbox (badness 4454) in paragraph at lines 2435--2437
[]\TU/TimesNewRoman(0)/m/n/12 Precision, equivalent to positive predictive
 []


Underfull \hbox (badness 1043) in paragraph at lines 2482--2485
\TU/TimesNewRoman(0)/m/n/12 classes after accounting for the agreement ex-
 []


Underfull \hbox (badness 1533) in paragraph at lines 2491--2491
[]\TU/TimesNewRoman(0)/b/n/12 Fold-Level and Pooled Metric Sum-
 []



[20]
Underfull \hbox (badness 7759) in paragraph at lines 2524--2528
[]\TU/TimesNewRoman(0)/m/n/12 Probability calibration was assessed using
 []


Underfull \hbox (badness 2073) in paragraph at lines 2529--2533
\TU/TimesNewRoman(0)/m/n/12 example, among observations assigned a pre-
 []




Underfull \hbox (badness 10000) in paragraph at lines 2556--2556
[]\TU/TimesNewRoman(0)/b/n/12 Patient-Clustered Confidence Inter-
 []


Underfull \hbox (badness 1331) in paragraph at lines 2591--2593
[]\TU/TimesNewRoman(0)/m/n/12 where $[][]$ and $[][]$ are the 2.5th and
 []


Underfull \hbox (badness 1796) in paragraph at lines 2594--2597
\TU/TimesNewRoman(0)/m/n/12 racy, balanced accuracy, precision, sensitivity,
 []



[21]
Underfull \hbox (badness 10000) in paragraph at lines 2695--2695
[]|\TU/TimesNewRoman(0)/b/n/10.95 Preferred
 []


Underfull \hbox (badness 10000) in paragraph at lines 2695--2695
[]|\TU/TimesNewRoman(0)/m/n/10.95 Balanced accu-
 []


Underfull \hbox (badness 2042) in paragraph at lines 2706--2706
[]\TU/TimesNewRoman(0)/b/n/14.4 Feature-Selection Stability and
 []


Underfull \hbox (badness 3271) in paragraph at lines 2714--2720
[]\TU/TimesNewRoman(0)/m/n/12 Model interpretation was subsequently per-
 []


Underfull \hbox (badness 6078) in paragraph at lines 2714--2720
\TU/TimesNewRoman(0)/m/n/12 formed using Shapley Additive Explanations
 []


Underfull \hbox (badness 1173) in paragraph at lines 2714--2720
\TU/TimesNewRoman(0)/m/n/12 feature across outer folds, whereas SHAP de-
 []





[22]
Underfull \hbox (badness 1371) in paragraph at lines 2818--2824
\TU/TimesNewRoman(0)/m/n/12 combined using their most frequently selected
 []





[23]
Underfull \hbox (badness 3000) in paragraph at lines 2922--2926
\TU/TimesNewRoman(0)/m/n/12 importance indicated that the classifier relied
 []


Underfull \hbox (badness 10000) in paragraph at lines 2931--2931
[]\TU/TimesNewRoman(0)/b/n/14.4 Software Implementation and
 []


Underfull \hbox (badness 1888) in paragraph at lines 2938--2944
\TU/TimesNewRoman(0)/m/n/12 tions, and performance measures were imple-
 []


Underfull \hbox (badness 2165) in paragraph at lines 2938--2944
\TU/TimesNewRoman(0)/m/n/12 mented using scikit-learn. SMOTE was im-
 []




Underfull \hbox (badness 1371) in paragraph at lines 2951--2958
\TU/TimesNewRoman(0)/m/n/12 out the workflow whenever the corresponding
 []


Underfull \hbox (badness 3942) in paragraph at lines 2976--2982
\TU/TimesNewRoman(0)/m/n/12 source, quadruple-source, and complete five-
 []



[24]
Underfull \hbox (badness 1867) in paragraph at lines 3011--3016
\TU/TimesNewRoman(0)/m/n/12 ables controlling OpenMP, OpenBLAS, MKL,
 []


Underfull \hbox (badness 1205) in paragraph at lines 3029--3033
\TU/TimesNewRoman(0)/m/n/12 output directory. The directory structure pre-
 []




Underfull \hbox (badness 10000) in paragraph at lines 3053--3058
[]\TU/TimesNewRoman(0)/m/n/12 Tabular outputs were primarily stored as
 []



[25]
Underfull \hbox (badness 10000) in paragraph at lines 3090--3090
[]\TU/TimesNewRoman(0)/b/n/14.4 Dataset Characteristics and
 []


Underfull \hbox (badness 1259) in paragraph at lines 3093--3097
\TU/TimesNewRoman(0)/m/n/12 five quadruple-source, and one complete five-
 []



File: Figs/overall_31_configuration_performance.png Graphic file (type bmp)
<Figs/overall_31_configuration_performance.png>


[26] [27]
Underfull \hbox (badness 2253) in paragraph at lines 3247--3251
[]\TU/TimesNewRoman(0)/m/n/12 ADC–Post2–T2 produced a nearly identical
 []


Underfull \hbox (badness 3250) in paragraph at lines 3252--3258
[]\TU/TimesNewRoman(0)/m/n/12 At the other integration levels, Post2 was
 []


Overfull \hbox (16.7871pt too wide) in paragraph at lines 3353--3353
 []|\TU/TimesNewRoman(0)/b/n/10.95 SMOTE| 
 []


Overfull \hbox (8.83289pt too wide) in paragraph at lines 3353--3353
[]|\TU/TimesNewRoman(0)/b/n/10.95 Classifier|  
 []


Overfull \hbox (2.57512pt too wide) in paragraph at lines 3353--3353
 []|\TU/TimesNewRoman(0)/b/n/10.95 Mean 
 []


Overfull \hbox (7.8053pt too wide) in paragraph at lines 3353--3353
[]|\TU/TimesNewRoman(0)/m/n/10.95 Quadruple|  
 []


Underfull \hbox (badness 2582) in paragraph at lines 3363--3363
[]\TU/TimesNewRoman(0)/b/n/14.4 Single-Source Classification Re-
 []


Underfull \hbox (badness 1424) in paragraph at lines 3372--3376
[]\TU/TimesNewRoman(0)/m/n/12 Post2 produced the highest mean outer-fold
 []




Underfull \hbox (badness 3302) in paragraph at lines 3385--3391
\TU/TimesNewRoman(0)/m/n/12 mRMR, SMOTE, and K-Nearest Neighbours.
 []


Underfull \hbox (badness 1688) in paragraph at lines 3385--3391
\TU/TimesNewRoman(0)/m/n/12 Post1 achieved the highest pooled ROC-AUC
 []


Underfull \hbox (badness 1533) in paragraph at lines 3401--3405
[]\TU/TimesNewRoman(0)/m/n/12 T2 produced the lowest single-source mean
 []


Underfull \hbox (badness 2443) in paragraph at lines 3406--3410
\TU/TimesNewRoman(0)/m/n/12 7.2 for Post1 to 12.4 for T2. Four of the
 []


Overfull \hbox (4.42998pt too wide) in paragraph at lines 3520--3520
[]|\TU/TimesNewRoman(0)/b/n/8 Dataset|  
 []


Overfull \hbox (7.55498pt too wide) in paragraph at lines 3520--3520
 []|\TU/TimesNewRoman(0)/b/n/8 SMOTE| 
 []


Underfull \hbox (badness 10000) in alignment at lines 3520--3520
[][][][][][][][][][] 
 []


Underfull \hbox (badness 2111) in paragraph at lines 3537--3543
\TU/TimesNewRoman(0)/m/n/12 shown in Figure [][]2[][](b), and the corresponding

 []


Underfull \hbox (badness 1033) in paragraph at lines 3544--3552
\TU/TimesNewRoman(0)/m/n/12 by mRMR, Auto-$[]$, no SMOTE, and an RBF
 []



[28]
Underfull \hbox (badness 1087) in paragraph at lines 3553--3559
[]\TU/TimesNewRoman(0)/m/n/12 ADC–Pre ranked second according to mean
 []


Underfull \vbox (badness 10000) has occurred while \output is active []




Underfull \vbox (badness 10000) has occurred while \output is active []



[29]
Underfull \hbox (badness 1005) in paragraph at lines 3570--3573
[]\TU/TimesNewRoman(0)/m/n/12 Post2–T2 achieved a mean outer-fold ROC-
 []


Underfull \hbox (badness 10000) in paragraph at lines 3574--3580
[]\TU/TimesNewRoman(0)/m/n/12 The remaining pairwise configurations
 []


Underfull \hbox (badness 10000) in paragraph at lines 3574--3580
\TU/TimesNewRoman(0)/m/n/12 achieved mean outer-fold ROC-AUC values
 []


Underfull \hbox (badness 4217) in paragraph at lines 3574--3580
\TU/TimesNewRoman(0)/m/n/12 for Post2–Pre, $[][][][][] [] [][][][][]$ for Post1
–T2,
 []


Underfull \hbox (badness 1552) in paragraph at lines 3581--3586
[]\TU/TimesNewRoman(0)/m/n/12 The four highest-ranked pairwise configura-
 []


Underfull \hbox (badness 2790) in paragraph at lines 3719--3719
[]\TU/TimesNewRoman(0)/b/n/14.4 Triple-Source Classification Re-
 []


Underfull \hbox (badness 3503) in paragraph at lines 3722--3728
\TU/TimesNewRoman(0)/m/n/12 The ten triple-source configurations produced
 []


Underfull \hbox (badness 2285) in paragraph at lines 3722--3728
\TU/TimesNewRoman(0)/m/n/12 shown in Figure [][]2[][](c), and the corresponding

 []


Underfull \hbox (badness 2521) in paragraph at lines 3729--3735
[]\TU/TimesNewRoman(0)/m/n/12 ADC–Post1–Pre achieved the highest mean
 []


Underfull \hbox (badness 2635) in paragraph at lines 3729--3735
\TU/TimesNewRoman(0)/m/n/12 outer-fold ROC-AUC among the triple-source
 []


Underfull \hbox (badness 1122) in paragraph at lines 3729--3735
\TU/TimesNewRoman(0)/m/n/12 outer-fold ROC-AUC of $[][][][][] [] [][][][][]$ an
d a
 []




Underfull \hbox (badness 1077) in paragraph at lines 3752--3757
[]\TU/TimesNewRoman(0)/m/n/12 The highest-ranked ADC–Post2–Pre pipeline
 []


Underfull \hbox (badness 3333) in paragraph at lines 3772--3778
\TU/TimesNewRoman(0)/m/n/12 classifier for three configurations. Gaussian
 []


Underfull \hbox (badness 4132) in paragraph at lines 3914--3914
[]\TU/TimesNewRoman(0)/b/n/14.4 Quadruple-Source Classification
 []


Underfull \hbox (badness 2538) in paragraph at lines 3917--3923
\TU/TimesNewRoman(0)/m/n/12 The five quadruple-source configurations pro-
 []


Underfull \vbox (badness 10000) has occurred while \output is active []



[30] [31]
Underfull \hbox (badness 10000) in paragraph at lines 3924--3929
\TU/TimesNewRoman(0)/m/n/12 outer-fold ROC-AUC among the quadruple-
 []


Underfull \hbox (badness 1112) in paragraph at lines 3924--3929
\TU/TimesNewRoman(0)/m/n/12 outer-fold ROC-AUC of $[][][][][] [] [][][][][]$ an
d a
 []


Underfull \hbox (badness 3354) in paragraph at lines 3942--3948
[]\TU/TimesNewRoman(0)/m/n/12 ADC–Post1–Post2–T2 ranked third, with a
 []


Underfull \hbox (badness 1231) in paragraph at lines 3949--3953
[]\TU/TimesNewRoman(0)/m/n/12 ADC–Pre–Post1–T2 achieved a mean outer-
 []


Underfull \hbox (badness 3407) in paragraph at lines 3954--3959
[]\TU/TimesNewRoman(0)/m/n/12 The Pre–Post1–Post2–T2 configuration pro-
 []




Underfull \hbox (badness 10000) in paragraph at lines 3960--3963
[]\TU/TimesNewRoman(0)/m/n/12 All five highest-ranked quadruple-source
 []


Underfull \hbox (badness 1540) in paragraph at lines 3960--3963
\TU/TimesNewRoman(0)/m/n/12 the ADC–Pre–Post1–T2 pipeline was obtained
 []


Underfull \hbox (badness 1226) in paragraph at lines 3964--3968
\TU/TimesNewRoman(0)/m/n/12 quadruple-source configurations. Logistic Re-
 []


Underfull \hbox (badness 10000) in paragraph at lines 4044--4044
[]|\TU/TimesNewRoman(0)/b/n/10.95 Feature selec-
 []


Overfull \hbox (8.25117pt too wide) in paragraph at lines 4044--4044
[]|\TU/TimesNewRoman(0)/b/n/10.95 SMOTE| 
 []


Underfull \hbox (badness 10000) in paragraph at lines 4044--4044
[]|\TU/TimesNewRoman(0)/b/n/10.95 Pooled
 []


Underfull \hbox (badness 10000) in paragraph at lines 4044--4044
[]|\TU/TimesNewRoman(0)/m/n/10.95 ADC–Pre–Post2–
 []


Underfull \hbox (badness 10000) in paragraph at lines 4044--4044
[]|\TU/TimesNewRoman(0)/m/n/10.95 ADC–Pre–Post1–
 []


Underfull \hbox (badness 10000) in paragraph at lines 4044--4044
[]|\TU/TimesNewRoman(0)/m/n/10.95 ADC–Post1–
 []


Underfull \hbox (badness 10000) in paragraph at lines 4044--4044
[]|\TU/TimesNewRoman(0)/m/n/10.95 Logistic Re-
 []


Underfull \hbox (badness 10000) in paragraph at lines 4044--4044
[]|\TU/TimesNewRoman(0)/m/n/10.95 ADC–Pre–Post1–
 []


Underfull \hbox (badness 10000) in paragraph at lines 4044--4044
[]|\TU/TimesNewRoman(0)/m/n/10.95 Pre–Post1–Post2–
 []


Underfull \hbox (badness 2970) in paragraph at lines 4062--4067
\TU/TimesNewRoman(0)/m/n/12 Elastic Net followed by mRMR, Auto-$[]$, no
 []


Underfull \hbox (badness 1127) in paragraph at lines 4062--4067
\TU/TimesNewRoman(0)/m/n/12 outer-fold ROC-AUC of $[][][][][] [] [][][][][]$ an
d a
 []


Underfull \hbox (badness 1448) in paragraph at lines 4062--4067
\TU/TimesNewRoman(0)/m/n/12 pooled out-of-fold ROC-AUC of 0.724. The
 []


Underfull \hbox (badness 4927) in paragraph at lines 4068--4071
[]\TU/TimesNewRoman(0)/m/n/12 The mean outer-fold PR-AUC was 0.810,
 []


Underfull \hbox (badness 2735) in paragraph at lines 4068--4071
\TU/TimesNewRoman(0)/m/n/12 whereas the pooled out-of-fold PR-AUC was
 []


Underfull \hbox (badness 4144) in paragraph at lines 4068--4071
\TU/TimesNewRoman(0)/m/n/12 confidence interval for pooled PR-AUC was
 []


Underfull \hbox (badness 1389) in paragraph at lines 4072--4075
[]\TU/TimesNewRoman(0)/m/n/12 The mean outer-fold accuracy was $[][][][][] []
 []


Underfull \hbox (badness 1009) in paragraph at lines 4081--4084
[]\TU/TimesNewRoman(0)/m/n/12 Auto-$[]$ selected an average of 12.4 features
 []



[32]
Underfull \hbox (badness 1946) in paragraph at lines 4085--4090
\TU/TimesNewRoman(0)/m/n/12 ROC-AUC was 0.089 lower than that of the
 []


Underfull \hbox (badness 1584) in paragraph at lines 4099--4106
\TU/TimesNewRoman(0)/m/n/12 selection strategy, and SMOTE condition, the
 []

File: Figs/feature_selection_strategy_comparison.pdf Graphic file (type pdf)
<use Figs/feature_selection_strategy_comparison.pdf>

Underfull \hbox (badness 2165) in paragraph at lines 4139--4145
\TU/TimesNewRoman(0)/m/n/12 respectively. The corresponding values were
 []




Underfull \hbox (badness 2126) in paragraph at lines 4146--4150
\TU/TimesNewRoman(0)/m/n/12 Elastic Net followed by mRMR was approx-
 []


Underfull \hbox (badness 2582) in paragraph at lines 4146--4150
\TU/TimesNewRoman(0)/m/n/12 imately 0.018 higher than that obtained with
 []


Underfull \hbox (badness 1960) in paragraph at lines 4158--4165
[]\TU/TimesNewRoman(0)/m/n/12 At the single-source level, Elastic Net fol-
 []


Underfull \vbox (badness 7522) has occurred while \output is active []



[33] [34]
Underfull \hbox (badness 1968) in paragraph at lines 4205--4210
\TU/TimesNewRoman(0)/m/n/12 fold ROC-AUC with SMOTE, whereas nega-
 []


Underfull \hbox (badness 7869) in paragraph at lines 4205--4210
\TU/TimesNewRoman(0)/m/n/12 out SMOTE. Figure [][]4[][] shows the resulting
 []

File: Figs/smote_effect_across_31_configurations.pdf Graphic file (type pdf)
<use Figs/smote_effect_across_31_configurations.pdf>



Underfull \hbox (badness 10000) in paragraph at lines 4309--4309
[]\TU/TimesNewRoman(0)/b/n/14.4 Comparison of Machine-
 []


Underfull \vbox (badness 10000) has occurred while \output is active []



[35] [36]
Underfull \hbox (badness 10000) in paragraph at lines 4319--4322
[]\TU/TimesNewRoman(0)/m/n/12 Figure [][]5[][] summarises the number of
 []


Underfull \hbox (badness 10000) in paragraph at lines 4319--4322
\TU/TimesNewRoman(0)/m/n/12 configuration-level selections obtained by
 []

File: Figs/classifier_win_counts_across_31_configurations.pdf Graphic file (typ
e pdf)
<use Figs/classifier_win_counts_across_31_configurations.pdf>

Underfull \hbox (badness 1062) in paragraph at lines 4350--4356
[]\TU/TimesNewRoman(0)/m/n/12 As shown in Figure [][]5[][], RBF SVM was the
 []


Underfull \hbox (badness 1622) in paragraph at lines 4357--4361
\TU/TimesNewRoman(0)/m/n/12 and Gradient Boosting did not appear in any
 []


Underfull \hbox (badness 2573) in paragraph at lines 4375--4377
[]\TU/TimesNewRoman(0)/m/n/12 Random Forest, Extra Trees, and Gradient
 []


Underfull \hbox (badness 1142) in paragraph at lines 4375--4377
\TU/TimesNewRoman(0)/m/n/12 Boosting did not appear in the highest-ranked
 []


Underfull \hbox (badness 1383) in paragraph at lines 4378--4382
\TU/TimesNewRoman(0)/m/n/12 and K-Nearest Neighbours were each selected
 []




Underfull \hbox (badness 1226) in paragraph at lines 4391--4395
\TU/TimesNewRoman(0)/m/n/12 quadruple-source configurations. Logistic Re-
 []


Underfull \hbox (badness 10000) in paragraph at lines 4405--4405
[]\TU/TimesNewRoman(0)/b/n/14.4 Detailed Performance of the
 []


Underfull \hbox (badness 10000) in paragraph at lines 4413--4419
[]\TU/TimesNewRoman(0)/m/n/12 Figure [][]6[][] presents the pooled out-of-fold
 []


Underfull \hbox (badness 8151) in paragraph at lines 4413--4419
\TU/TimesNewRoman(0)/m/n/12 discrimination, threshold-dependent classifica-
 []


Underfull \hbox (badness 3098) in paragraph at lines 4413--4419
\TU/TimesNewRoman(0)/m/n/12 who were not included in the corresponding
 []

File: Figs/best_overall_model_oof_performance.pdf Graphic file (type pdf)
<use Figs/best_overall_model_oof_performance.pdf>

Underfull \hbox (badness 1661) in paragraph at lines 4457--4462
\TU/TimesNewRoman(0)/m/n/12 corresponding to a pooled accuracy of 0.717.
 []



[37] [38] [39]
Underfull \hbox (badness 2261) in paragraph at lines 4471--4478
[]\TU/TimesNewRoman(0)/m/n/12 Auto-$[]$ retained an average of 9.6 features
 []


Underfull \hbox (badness 2042) in paragraph at lines 4490--4490
[]\TU/TimesNewRoman(0)/b/n/14.4 Feature-Selection Stability and
 []


Underfull \hbox (badness 2753) in paragraph at lines 4493--4497
\TU/TimesNewRoman(0)/m/n/12 interpretation were examined for the highest-
 []


Underfull \hbox (badness 2538) in paragraph at lines 4505--4511
[]\TU/TimesNewRoman(0)/m/n/12 A total of 13 features satisfied this recur-
 []


Overfull \hbox (24.79997pt too wide) in paragraph at lines 4505--4511
\TU/TimesNewRoman(0)/m/n/12 (\TU/lmtt/m/n/12 ADC_IH_IntensityHistogramMedian_In
tensity\TU/TimesNewRoman(0)/m/n/12 ),
 []



File: Figs/best_model_feature_stability_and_shap.pdf Graphic file (type pdf)
<use Figs/best_model_feature_stability_and_shap.pdf>

Underfull \hbox (badness 1221) in paragraph at lines 4562--4569
\TU/TimesNewRoman(0)/m/n/12 ues among the recurrent features. The Post1
 []



[40] [41]
Underfull \hbox (badness 10000) in paragraph at lines 4606--4615
\TU/TimesNewRoman(0)/m/n/12 multi-source radiomic feature representations
 []


Underfull \hbox (badness 7814) in paragraph at lines 4606--4615
\TU/TimesNewRoman(0)/m/n/12 MRI-derived feature sources were examined
 []


Underfull \hbox (badness 1292) in paragraph at lines 4606--4615
\TU/TimesNewRoman(0)/m/n/12 using the same nested cross-validation design,
 []


Underfull \hbox (badness 10000) in paragraph at lines 4606--4615
\TU/TimesNewRoman(0)/m/n/12 three sequential feature-selection strategies,
 []


Underfull \hbox (badness 10000) in paragraph at lines 4606--4615
\TU/TimesNewRoman(0)/m/n/12 optional SMOTE, and ten machine-learning
 []


Underfull \hbox (badness 3849) in paragraph at lines 4606--4615
\TU/TimesNewRoman(0)/m/n/12 from complete concatenation of all available
 []


Underfull \hbox (badness 1881) in paragraph at lines 4616--4626
\TU/TimesNewRoman(0)/m/n/12 Post1, and Pre features with Elastic Net fol-
 []


Underfull \hbox (badness 4279) in paragraph at lines 4627--4635
[]\TU/TimesNewRoman(0)/m/n/12 The comparison of feature-selection strate-
 []


Underfull \hbox (badness 3179) in paragraph at lines 4627--4635
\TU/TimesNewRoman(0)/m/n/12 gies further showed that the order in which
 []


Underfull \hbox (badness 1314) in paragraph at lines 4627--4635
\TU/TimesNewRoman(0)/m/n/12 dimensionality-reduction methods were applied
 []


Underfull \hbox (badness 2486) in paragraph at lines 4627--4635
\TU/TimesNewRoman(0)/m/n/12 was relevant to model performance. Elastic
 []


Underfull \hbox (badness 1033) in paragraph at lines 4627--4635
\TU/TimesNewRoman(0)/m/n/12 Net followed by mRMR produced the highest
 []




Underfull \hbox (badness 5696) in paragraph at lines 4636--4644
[]\TU/TimesNewRoman(0)/m/n/12 The effect of SMOTE was comparatively
 []


Underfull \hbox (badness 10000) in paragraph at lines 4636--4644
\TU/TimesNewRoman(0)/m/n/12 small and varied among source configura-
 []


Underfull \hbox (badness 2293) in paragraph at lines 4636--4644
\TU/TimesNewRoman(0)/m/n/12 configuration-level result more often than the
 []


Underfull \hbox (badness 5939) in paragraph at lines 4636--4644
\TU/TimesNewRoman(0)/m/n/12 highest-ranked model in the complete study
 []


Underfull \hbox (badness 5331) in paragraph at lines 4636--4644
\TU/TimesNewRoman(0)/m/n/12 was obtained without SMOTE. This finding
 []


Underfull \hbox (badness 2073) in paragraph at lines 4636--4644
\TU/TimesNewRoman(0)/m/n/12 that it will consistently improve classification
 []


Underfull \hbox (badness 2285) in paragraph at lines 4653--4660
[]\TU/TimesNewRoman(0)/m/n/12 The detailed analysis of the highest-ranked
 []



[42]
Underfull \hbox (badness 1635) in paragraph at lines 4703--4710
\TU/TimesNewRoman(0)/m/n/12 concatenated sources and classification perfor-
 []


Underfull \hbox (badness 1019) in paragraph at lines 4711--4720
\TU/TimesNewRoman(0)/m/n/12 complete five-source concatenation produced a
 []




Underfull \hbox (badness 1383) in paragraph at lines 4721--4731
\TU/TimesNewRoman(0)/m/n/12 proximately 145 candidate predictors, whereas
 []


Underfull \hbox (badness 1067) in paragraph at lines 4732--4741
[]\TU/TimesNewRoman(0)/m/n/12 This increasing predictor-to-patient ratio can
 []


Underfull \hbox (badness 1275) in paragraph at lines 4732--4741
\TU/TimesNewRoman(0)/m/n/12 informative subset from a progressively larger
 []



[43]
Underfull \hbox (badness 1173) in paragraph at lines 4753--4761
\TU/TimesNewRoman(0)/m/n/12 eral triple-source combinations performed sub-
 []


Underfull \hbox (badness 10000) in paragraph at lines 4800--4800
[]\TU/TimesNewRoman(0)/b/n/14.4 Influence of Feature-Selection
 []


Underfull \hbox (badness 1383) in paragraph at lines 4803--4811
\TU/TimesNewRoman(0)/m/n/12 Elastic Net followed by mRMR produced the
 []


Underfull \vbox (badness 10000) has occurred while \output is active []




Underfull \hbox (badness 10000) in paragraph at lines 4839--4851
[]\TU/TimesNewRoman(0)/m/n/12 Correlation filtering followed by mRMR
 []


Underfull \hbox (badness 5533) in paragraph at lines 4839--4851
\TU/TimesNewRoman(0)/m/n/12 Net-based strategies. The correlation stage
 []


Underfull \hbox (badness 3449) in paragraph at lines 4839--4851
\TU/TimesNewRoman(0)/m/n/12 one representative using direction-independent
 []


Underfull \hbox (badness 1983) in paragraph at lines 4839--4851
\TU/TimesNewRoman(0)/m/n/12 univariate ROC-AUC. This procedure can ef-
 []


Underfull \hbox (badness 2401) in paragraph at lines 4839--4851
\TU/TimesNewRoman(0)/m/n/12 ficiently reduce strongly redundant predictors,
 []


Underfull \hbox (badness 7486) in paragraph at lines 4839--4851
\TU/TimesNewRoman(0)/m/n/12 the subsequent multivariable selection stage.
 []


Underfull \hbox (badness 1796) in paragraph at lines 4839--4851
\TU/TimesNewRoman(0)/m/n/12 In a high-dimensional radiomic feature space,
 []


Underfull \hbox (badness 1655) in paragraph at lines 4839--4851
\TU/TimesNewRoman(0)/m/n/12 with other variables. Consequently, an early
 []


Underfull \hbox (badness 4479) in paragraph at lines 4839--4851
\TU/TimesNewRoman(0)/m/n/12 correlation filter may remove predictors that
 []



[44]
Underfull \hbox (badness 1394) in paragraph at lines 4860--4868
\TU/TimesNewRoman(0)/m/n/12 the overall highest-ranked model, mRMR fol-
 []


Underfull \hbox (badness 1400) in paragraph at lines 4889--4896
\TU/TimesNewRoman(0)/m/n/12 in classification performance. At the source-
 []


Underfull \hbox (badness 1708) in paragraph at lines 4889--4896
\TU/TimesNewRoman(0)/m/n/12 configuration level, the best SMOTE pipeline
 []


Underfull \hbox (badness 1048) in paragraph at lines 4889--4896
\TU/TimesNewRoman(0)/m/n/12 SMOTE pipeline ranked higher in 12. How-
 []


Underfull \vbox (badness 10000) has occurred while \output is active []




Underfull \hbox (badness 1221) in paragraph at lines 4897--4904
[]\TU/TimesNewRoman(0)/m/n/12 This distinction between win frequency and
 []


Underfull \hbox (badness 1163) in paragraph at lines 4897--4904
\TU/TimesNewRoman(0)/m/n/12 effect size is important. A source configura-
 []


Underfull \hbox (badness 2351) in paragraph at lines 4897--4904
\TU/TimesNewRoman(0)/m/n/12 configuration-level difference was only 0.025,
 []


Underfull \hbox (badness 5504) in paragraph at lines 4905--4914
\TU/TimesNewRoman(0)/m/n/12 consistent with the class distribution of the
 []


Underfull \hbox (badness 1259) in paragraph at lines 4924--4934
\TU/TimesNewRoman(0)/m/n/12 itive class in this study represented malignant
 []



[45]
Underfull \hbox (badness 4940) in paragraph at lines 4952--4957
[]\TU/TimesNewRoman(0)/m/n/12 Importantly, the two highest-ranked triple-
 []


Underfull \hbox (badness 10000) in paragraph at lines 4952--4957
\TU/TimesNewRoman(0)/m/n/12 source configurations, ADC–Post1–Pre and
 []


Underfull \hbox (badness 5726) in paragraph at lines 4952--4957
\TU/TimesNewRoman(0)/m/n/12 ADC–Post2–T2, were both obtained without
 []


Underfull \hbox (badness 4686) in paragraph at lines 4958--4965
[]\TU/TimesNewRoman(0)/m/n/12 Conversely, SMOTE was selected in sev-
 []


Underfull \hbox (badness 10000) in paragraph at lines 4958--4965
\TU/TimesNewRoman(0)/m/n/12 eral successful pipelines, including all five
 []


Underfull \hbox (badness 4686) in paragraph at lines 4958--4965
\TU/TimesNewRoman(0)/m/n/12 configuration-level winners in the quadruple-
 []


Underfull \hbox (badness 1629) in paragraph at lines 4958--4965
\TU/TimesNewRoman(0)/m/n/12 source analysis. Its usefulness was therefore
 []


Underfull \hbox (badness 4467) in paragraph at lines 4958--4965
\TU/TimesNewRoman(0)/m/n/12 configuration-dependent rather than uniformly
 []


Underfull \hbox (badness 1215) in paragraph at lines 4958--4965
\TU/TimesNewRoman(0)/m/n/12 absent. The results do not support removing
 []


Underfull \hbox (badness 10000) in paragraph at lines 4958--4965
\TU/TimesNewRoman(0)/m/n/12 evaluating it within the model-development
 []




Underfull \hbox (badness 7851) in paragraph at lines 4966--4975
[]\TU/TimesNewRoman(0)/m/n/12 SMOTE and decision-threshold adjustment
 []


Underfull \hbox (badness 3568) in paragraph at lines 4976--4983
\TU/TimesNewRoman(0)/m/n/12 AUC was predefined as the primary model-
 []


Underfull \hbox (badness 1043) in paragraph at lines 4976--4983
\TU/TimesNewRoman(0)/m/n/12 ranking measure. According to this criterion,
 []


Underfull \hbox (badness 10000) in paragraph at lines 4992--4992
[]\TU/TimesNewRoman(0)/b/n/14.4 Classifier Performance and
 []


Underfull \hbox (badness 1661) in paragraph at lines 4995--5003
\TU/TimesNewRoman(0)/m/n/12 figurations, and no single classifier was opti-
 []



[46]
Underfull \hbox (badness 1546) in paragraph at lines 5032--5039
\TU/TimesNewRoman(0)/m/n/12 suggests that comparatively simple regularised
 []


Underfull \hbox (badness 4013) in paragraph at lines 5040--5050
[]\TU/TimesNewRoman(0)/m/n/12 In contrast, the tree-based ensemble mod-
 []


Underfull \hbox (badness 1603) in paragraph at lines 5040--5050
\TU/TimesNewRoman(0)/m/n/12 ning pipeline. This result does not establish
 []




Underfull \hbox (badness 10000) in paragraph at lines 5061--5070
[]\TU/TimesNewRoman(0)/m/n/12 The restricted hyperparameter-optimisation
 []


Underfull \hbox (badness 3861) in paragraph at lines 5071--5077
[]\TU/TimesNewRoman(0)/m/n/12 K-Nearest Neighbours and Gaussian Naive
 []


Underfull \hbox (badness 1383) in paragraph at lines 5078--5086
[]\TU/TimesNewRoman(0)/m/n/12 The classifier results therefore reinforce the
 []


Underfull \hbox (badness 1048) in paragraph at lines 5078--5086
\TU/TimesNewRoman(0)/m/n/12 sion. The optimal classifier depended on the
 []


Underfull \hbox (badness 1087) in paragraph at lines 5078--5086
\TU/TimesNewRoman(0)/m/n/12 vided the most frequent high-performing solu-
 []


Underfull \hbox (badness 6842) in paragraph at lines 5103--5111
\TU/TimesNewRoman(0)/m/n/12 The feature-stability analysis provided infor-
 []


Underfull \hbox (badness 4072) in paragraph at lines 5103--5111
\TU/TimesNewRoman(0)/m/n/12 mation that was not captured by predictive-
 []


Underfull \hbox (badness 4621) in paragraph at lines 5103--5111
\TU/TimesNewRoman(0)/m/n/12 performance measures alone. Although the
 []


Underfull \vbox (badness 7203) has occurred while \output is active []



[47]
Underfull \hbox (badness 1635) in paragraph at lines 5112--5120
\TU/TimesNewRoman(0)/m/n/12 classification performance while selecting par-
 []




Underfull \hbox (badness 1226) in paragraph at lines 5151--5159
[]\TU/TimesNewRoman(0)/m/n/12 This distinction was apparent when feature-
 []


Underfull \hbox (badness 1430) in paragraph at lines 5151--5159
\TU/TimesNewRoman(0)/m/n/12 histogram median feature also had the largest
 []


Underfull \hbox (badness 1960) in paragraph at lines 5172--5181
[]\TU/TimesNewRoman(0)/m/n/12 The SHAP analysis indicated that the full-
 []



[48]
Underfull \hbox (badness 5954) in paragraph at lines 5213--5220
\TU/TimesNewRoman(0)/m/n/12 Several aspects of the computational design
 []


Underfull \hbox (badness 1769) in paragraph at lines 5221--5230
[]\TU/TimesNewRoman(0)/m/n/12 Second, model development was performed
 []


Underfull \hbox (badness 10000) in paragraph at lines 5221--5230
\TU/TimesNewRoman(0)/m/n/12 within a nested cross-validation framework.
 []


Underfull \hbox (badness 1043) in paragraph at lines 5221--5230
\TU/TimesNewRoman(0)/m/n/12 Hyperparameter optimisation, feature selection,
 []


Underfull \hbox (badness 1412) in paragraph at lines 5221--5230
\TU/TimesNewRoman(0)/m/n/12 feature-count selection, preprocessing, and the
 []


Underfull \hbox (badness 7273) in paragraph at lines 5221--5230
\TU/TimesNewRoman(0)/m/n/12 estimate of performance on unseen patients
 []


Underfull \hbox (badness 1810) in paragraph at lines 5221--5230
\TU/TimesNewRoman(0)/m/n/12 than procedures in which feature selection or
 []




Underfull \hbox (badness 1092) in paragraph at lines 5269--5279
\TU/TimesNewRoman(0)/m/n/12 dependent external test cohort. Nested cross-
 []


Underfull \hbox (badness 1371) in paragraph at lines 5269--5279
\TU/TimesNewRoman(0)/m/n/12 figurations and modelling strategies were ulti-
 []



[49]
Underfull \hbox (badness 2126) in paragraph at lines 5280--5290
\TU/TimesNewRoman(0)/m/n/12 tiple candidate feature counts, and 31 source
 []


Underfull \hbox (badness 2213) in paragraph at lines 5299--5306
[]\TU/TimesNewRoman(0)/m/n/12 Feature-selection stability represents another
 []




Underfull \hbox (badness 2980) in paragraph at lines 5315--5322
[]\TU/TimesNewRoman(0)/m/n/12 Calibration and threshold-dependent metrics
 []


Underfull \hbox (badness 1286) in paragraph at lines 5323--5330
\TU/TimesNewRoman(0)/m/n/12 features, nor does it demonstrate clinical util-
 []


Underfull \hbox (badness 1418) in paragraph at lines 5323--5330
\TU/TimesNewRoman(0)/m/n/12 ity. The reported results should therefore be
 []


Underfull \hbox (badness 1019) in paragraph at lines 5323--5330
\TU/TimesNewRoman(0)/m/n/12 considered evidence regarding the comparative
 []


Underfull \hbox (badness 2197) in paragraph at lines 5331--5336
\TU/TimesNewRoman(0)/m/n/12 patient-aware nested cross-validation, training-
 []


Underfull \hbox (badness 3058) in paragraph at lines 5331--5336
\TU/TimesNewRoman(0)/m/n/12 only preprocessing, systematic comparison of
 []


Underfull \hbox (badness 1383) in paragraph at lines 5348--5356
\TU/TimesNewRoman(0)/m/n/12 The next priority is independent validation of
 []



[50]
Underfull \hbox (badness 1418) in paragraph at lines 5357--5366
\TU/TimesNewRoman(0)/m/n/12 quence, automatic feature-count selection, and
 []


Underfull \hbox (badness 1571) in paragraph at lines 5384--5396
\TU/TimesNewRoman(0)/m/n/12 feature concatenation, which was intentionally
 []


Underfull \hbox (badness 2753) in paragraph at lines 5384--5396
\TU/TimesNewRoman(0)/m/n/12 ison of all 31 source combinations. Future
 []


Underfull \hbox (badness 1661) in paragraph at lines 5384--5396
\TU/TimesNewRoman(0)/m/n/12 specific information before integration. Such
 []




Underfull \hbox (badness 1881) in paragraph at lines 5397--5405
[]\TU/TimesNewRoman(0)/m/n/12 More extensive hyperparameter optimisation
 []


Underfull \hbox (badness 1087) in paragraph at lines 5416--5423
[]\TU/TimesNewRoman(0)/m/n/12 The feature-stability analysis should also be
 []


Underfull \hbox (badness 1038) in paragraph at lines 5416--5423
\TU/TimesNewRoman(0)/m/n/12 repeated in independent data. Reproducibility
 []


Underfull \hbox (badness 2941) in paragraph at lines 5424--5432
[]\TU/TimesNewRoman(0)/m/n/12 Similarly, SHAP-based model interpretation
 []


Underfull \hbox (badness 2012) in paragraph at lines 5433--5441
\TU/TimesNewRoman(0)/m/n/12 development performance from prospective or
 []



[51]
Underfull \hbox (badness 3009) in paragraph at lines 5463--5473
\TU/TimesNewRoman(0)/m/n/12 feature sources within a patient-aware nested
 []


Underfull \hbox (badness 2261) in paragraph at lines 5474--5481
\TU/TimesNewRoman(0)/m/n/12 selection strategy, class-balancing choice, and
 []


Underfull \hbox (badness 2790) in paragraph at lines 5482--5490
\TU/TimesNewRoman(0)/m/n/12 classification setting. However, the selected
 []


Underfull \hbox (badness 3492) in paragraph at lines 5482--5490
\TU/TimesNewRoman(0)/m/n/12 ADC–Post1–Pre pipeline remains a candidate
 []





[52] (./main.aux)
 ***********
LaTeX2e <2024-11-01> patch level 2
L3 programming layer <2025-01-18>
 ***********


LaTeX Font Warning: Some font shapes were not available, defaults substituted.

Package rerunfilecheck Info: File `main.out' has not changed.
(rerunfilecheck)             Checksum: 4CE3E4F03126BCB2C07138C023123878;17456.
Package logreq Info: Writing requests to 'main.run.xml'.
\openout1 = `main.run.xml'.

 ) 
Here is how much of TeX's memory you used:
 26676 strings out of 473832
 509590 string characters out of 5729482
 1537135 words of memory out of 5000000
 49408 multiletter control sequences out of 15000+600000
 570457 words of font info for 148 fonts, out of 8000000 for 9000
 1348 hyphenation exceptions out of 8191
 79i,23n,107p,1619b,3906s stack positions out of 10000i,1000n,20000p,200000b,200000s

Output written on main.pdf (52 pages).
