
Executing:   0%|          | 0/91 [00:00<?, ?cell/s]
Executing:   1%|          | 1/91 [00:00<01:03,  1.41cell/s]
Executing:   4%|▍         | 4/91 [00:01<00:38,  2.28cell/s]
Executing:   8%|▊         | 7/91 [00:02<00:27,  3.02cell/s]
Executing:  12%|█▏        | 11/91 [00:02<00:14,  5.63cell/s]
Executing:  18%|█▊        | 16/91 [00:02<00:07,  9.41cell/s]
Executing:  22%|██▏       | 20/91 [00:05<00:21,  3.37cell/s]
Executing:  26%|██▋       | 24/91 [00:05<00:13,  4.83cell/s]
Executing:  31%|███       | 28/91 [00:05<00:09,  6.49cell/s]
Executing:  35%|███▌      | 32/91 [00:05<00:06,  8.82cell/s]
Executing:  38%|███▊      | 35/91 [00:05<00:05, 10.69cell/s]
Executing:  38%|███▊      | 35/91 [00:20<00:05, 10.69cell/s]
Executing:  40%|███▉      | 36/91 [01:22<07:36,  8.29s/cell]
Executing:  41%|████      | 37/91 [10:21<1:11:04, 78.97s/cell]
Executing:  42%|████▏     | 38/91 [10:21<58:38, 66.38s/cell]  
Executing:  45%|████▌     | 41/91 [10:22<32:53, 39.47s/cell]
Executing:  47%|████▋     | 43/91 [10:22<22:48, 28.50s/cell]
Executing:  49%|████▉     | 45/91 [10:22<15:39, 20.42s/cell]
Executing:  52%|█████▏    | 47/91 [10:23<10:40, 14.56s/cell]
Executing:  53%|█████▎    | 48/91 [10:35<10:07, 14.13s/cell]
Executing:  54%|█████▍    | 49/91 [10:35<07:58, 11.39s/cell]
Executing:  55%|█████▍    | 50/91 [10:35<06:06,  8.93s/cell]
Executing:  56%|█████▌    | 51/91 [10:35<04:33,  6.84s/cell]
Executing:  57%|█████▋    | 52/91 [10:37<03:35,  5.52s/cell]
Executing:  58%|█████▊    | 53/91 [10:37<02:35,  4.10s/cell]
Executing:  59%|█████▉    | 54/91 [10:37<01:51,  3.01s/cell]
Executing:  60%|██████    | 55/91 [10:42<02:02,  3.41s/cell]
Executing:  62%|██████▏   | 56/91 [10:42<01:26,  2.47s/cell]
Executing:  63%|██████▎   | 57/91 [10:42<01:01,  1.80s/cell]
Executing:  64%|██████▎   | 58/91 [10:42<00:44,  1.34s/cell]
Executing:  65%|██████▍   | 59/91 [10:42<00:31,  1.02cell/s]
Executing:  66%|██████▌   | 60/91 [10:43<00:22,  1.36cell/s]
Executing:  67%|██████▋   | 61/91 [10:43<00:16,  1.79cell/s]
Executing:  68%|██████▊   | 62/91 [10:43<00:12,  2.25cell/s]
Executing:  69%|██████▉   | 63/91 [10:43<00:10,  2.76cell/s]
Executing:  70%|███████   | 64/91 [10:44<00:16,  1.62cell/s]
Executing:  71%|███████▏  | 65/91 [10:46<00:22,  1.18cell/s]
Executing:  73%|███████▎  | 66/91 [10:47<00:25,  1.00s/cell]
Executing:  74%|███████▎  | 67/91 [10:47<00:18,  1.29cell/s]
Executing:  75%|███████▍  | 68/91 [10:47<00:13,  1.65cell/s]
Executing:  76%|███████▌  | 69/91 [10:53<00:44,  2.02s/cell]
Executing:  77%|███████▋  | 70/91 [10:53<00:30,  1.46s/cell]
Executing:  78%|███████▊  | 71/91 [10:53<00:23,  1.18s/cell]
Executing:  79%|███████▉  | 72/91 [10:54<00:16,  1.14cell/s]
Executing:  80%|████████  | 73/91 [10:54<00:11,  1.50cell/s]
Executing:  81%|████████▏ | 74/91 [10:54<00:08,  1.92cell/s]
Executing:  82%|████████▏ | 75/91 [10:54<00:06,  2.41cell/s]
Executing:  84%|████████▎ | 76/91 [10:54<00:05,  2.90cell/s]
Executing:  85%|████████▍ | 77/91 [10:55<00:04,  3.40cell/s]
Executing:  86%|████████▌ | 78/91 [10:55<00:03,  3.91cell/s]
Executing:  87%|████████▋ | 79/91 [10:55<00:02,  4.34cell/s]
Executing:  88%|████████▊ | 80/91 [10:55<00:02,  4.77cell/s]
Executing:  89%|████████▉ | 81/91 [10:55<00:01,  5.18cell/s]
Executing:  90%|█████████ | 82/91 [10:55<00:01,  5.39cell/s]
Executing:  91%|█████████ | 83/91 [10:55<00:01,  5.51cell/s]
Executing:  92%|█████████▏| 84/91 [10:56<00:01,  5.61cell/s]
Executing:  93%|█████████▎| 85/91 [10:56<00:01,  5.63cell/s]
Executing:  95%|█████████▍| 86/91 [10:56<00:00,  5.83cell/s]
Executing:  96%|█████████▌| 87/91 [10:56<00:00,  5.51cell/s]
Executing:  97%|█████████▋| 88/91 [10:56<00:00,  5.49cell/s]
Executing:  98%|█████████▊| 89/91 [10:57<00:00,  5.44cell/s]
Executing:  99%|█████████▉| 90/91 [10:57<00:00,  5.57cell/s]
Executing: 100%|██████████| 91/91 [10:57<00:00,  5.74cell/s]
Executing: 100%|██████████| 91/91 [10:58<00:00,  7.23s/cell]
