
Executing:   0%|          | 0/91 [00:00<?, ?cell/s]
Executing:   1%|          | 1/91 [00:00<01:10,  1.27cell/s]
Executing:   4%|▍         | 4/91 [00:01<00:35,  2.45cell/s]
Executing:   8%|▊         | 7/91 [00:02<00:25,  3.30cell/s]
Executing:  13%|█▎        | 12/91 [00:02<00:11,  6.91cell/s]
Executing:  19%|█▊        | 17/91 [00:02<00:06, 11.15cell/s]
Executing:  23%|██▎       | 21/91 [00:05<00:18,  3.74cell/s]
Executing:  27%|██▋       | 25/91 [00:05<00:12,  5.28cell/s]
Executing:  32%|███▏      | 29/91 [00:05<00:08,  7.24cell/s]
Executing:  35%|███▌      | 32/91 [00:05<00:06,  8.78cell/s]
Executing:  38%|███▊      | 35/91 [00:05<00:05, 10.82cell/s]
Executing:  38%|███▊      | 35/91 [00:20<00:05, 10.82cell/s]
Executing:  40%|███▉      | 36/91 [01:19<07:44,  8.44s/cell]
Executing:  41%|████      | 37/91 [10:21<1:14:01, 82.24s/cell]
Executing:  42%|████▏     | 38/91 [10:21<1:00:41, 68.70s/cell]
Executing:  45%|████▌     | 41/91 [10:22<33:35, 40.31s/cell]  
Executing:  47%|████▋     | 43/91 [10:22<23:10, 28.96s/cell]
Executing:  49%|████▉     | 45/91 [10:23<15:50, 20.67s/cell]
Executing:  52%|█████▏    | 47/91 [10:23<10:46, 14.69s/cell]
Executing:  53%|█████▎    | 48/91 [10:35<10:14, 14.29s/cell]
Executing:  54%|█████▍    | 49/91 [10:36<08:03, 11.51s/cell]
Executing:  55%|█████▍    | 50/91 [10:36<06:09,  9.01s/cell]
Executing:  56%|█████▌    | 51/91 [10:36<04:35,  6.90s/cell]
Executing:  57%|█████▋    | 52/91 [10:38<03:37,  5.57s/cell]
Executing:  58%|█████▊    | 53/91 [10:38<02:36,  4.13s/cell]
Executing:  59%|█████▉    | 54/91 [10:38<01:52,  3.03s/cell]
Executing:  60%|██████    | 55/91 [10:42<02:03,  3.43s/cell]
Executing:  62%|██████▏   | 56/91 [10:42<01:27,  2.49s/cell]
Executing:  63%|██████▎   | 57/91 [10:43<01:01,  1.81s/cell]
Executing:  64%|██████▎   | 58/91 [10:43<00:43,  1.32s/cell]
Executing:  65%|██████▍   | 59/91 [10:43<00:31,  1.02cell/s]
Executing:  66%|██████▌   | 60/91 [10:43<00:23,  1.30cell/s]
Executing:  67%|██████▋   | 61/91 [10:43<00:17,  1.70cell/s]
Executing:  68%|██████▊   | 62/91 [10:44<00:13,  2.19cell/s]
Executing:  69%|██████▉   | 63/91 [10:44<00:10,  2.71cell/s]
Executing:  70%|███████   | 64/91 [10:45<00:17,  1.56cell/s]
Executing:  71%|███████▏  | 65/91 [10:46<00:23,  1.11cell/s]
Executing:  73%|███████▎  | 66/91 [10:48<00:26,  1.05s/cell]
Executing:  74%|███████▎  | 67/91 [10:48<00:19,  1.23cell/s]
Executing:  75%|███████▍  | 68/91 [10:48<00:14,  1.62cell/s]
PermutationExplainer explainer:  36%|███▌      | 42/117 [00:00<?, ?it/s]

PermutationExplainer explainer:  38%|███▊      | 44/117 [00:10<00:07, 10.23it/s]

PermutationExplainer explainer:  39%|███▉      | 46/117 [00:10<00:10,  6.55it/s]

PermutationExplainer explainer:  40%|████      | 47/117 [00:10<00:11,  6.07it/s]

PermutationExplainer explainer:  41%|████      | 48/117 [00:11<00:11,  5.77it/s]

PermutationExplainer explainer:  42%|████▏     | 49/117 [00:11<00:12,  5.66it/s]

PermutationExplainer explainer:  43%|████▎     | 50/117 [00:11<00:12,  5.52it/s]

PermutationExplainer explainer:  44%|████▎     | 51/117 [00:11<00:12,  5.45it/s]

PermutationExplainer explainer:  44%|████▍     | 52/117 [00:11<00:12,  5.38it/s]

PermutationExplainer explainer:  45%|████▌     | 53/117 [00:11<00:11,  5.34it/s]

PermutationExplainer explainer:  46%|████▌     | 54/117 [00:12<00:11,  5.30it/s]

PermutationExplainer explainer:  47%|████▋     | 55/117 [00:12<00:11,  5.25it/s]

PermutationExplainer explainer:  48%|████▊     | 56/117 [00:12<00:11,  5.23it/s]

PermutationExplainer explainer:  49%|████▊     | 57/117 [00:12<00:11,  5.21it/s]

PermutationExplainer explainer:  50%|████▉     | 58/117 [00:12<00:11,  5.22it/s]

PermutationExplainer explainer:  50%|█████     | 59/117 [00:13<00:11,  5.22it/s]

PermutationExplainer explainer:  51%|█████▏    | 60/117 [00:13<00:11,  4.90it/s]

PermutationExplainer explainer:  52%|█████▏    | 61/117 [00:13<00:11,  4.93it/s]

PermutationExplainer explainer:  53%|█████▎    | 62/117 [00:13<00:10,  5.00it/s]

PermutationExplainer explainer:  54%|█████▍    | 63/117 [00:13<00:10,  5.06it/s]

PermutationExplainer explainer:  55%|█████▍    | 64/117 [00:14<00:10,  5.10it/s]

PermutationExplainer explainer:  56%|█████▌    | 65/117 [00:14<00:10,  5.13it/s]

PermutationExplainer explainer:  56%|█████▋    | 66/117 [00:14<00:09,  5.13it/s]

PermutationExplainer explainer:  57%|█████▋    | 67/117 [00:14<00:09,  5.15it/s]

PermutationExplainer explainer:  58%|█████▊    | 68/117 [00:14<00:09,  5.18it/s]

PermutationExplainer explainer:  59%|█████▉    | 69/117 [00:15<00:09,  5.16it/s]

PermutationExplainer explainer:  60%|█████▉    | 70/117 [00:15<00:09,  5.17it/s]

PermutationExplainer explainer:  61%|██████    | 71/117 [00:15<00:08,  5.18it/s]

PermutationExplainer explainer:  62%|██████▏   | 72/117 [00:15<00:08,  5.14it/s]

PermutationExplainer explainer:  62%|██████▏   | 73/117 [00:15<00:08,  5.16it/s]

PermutationExplainer explainer:  63%|██████▎   | 74/117 [00:16<00:08,  5.18it/s]

PermutationExplainer explainer:  64%|██████▍   | 75/117 [00:16<00:08,  5.21it/s]

PermutationExplainer explainer:  65%|██████▍   | 76/117 [00:16<00:07,  5.20it/s]

PermutationExplainer explainer:  66%|██████▌   | 77/117 [00:16<00:08,  4.92it/s]

PermutationExplainer explainer:  67%|██████▋   | 78/117 [00:16<00:07,  4.97it/s]

PermutationExplainer explainer:  68%|██████▊   | 79/117 [00:17<00:07,  5.03it/s]

PermutationExplainer explainer:  68%|██████▊   | 80/117 [00:17<00:07,  5.05it/s]

PermutationExplainer explainer:  69%|██████▉   | 81/117 [00:17<00:07,  5.09it/s]

PermutationExplainer explainer:  70%|███████   | 82/117 [00:17<00:06,  5.11it/s]

PermutationExplainer explainer:  71%|███████   | 83/117 [00:17<00:06,  5.12it/s]

PermutationExplainer explainer:  72%|███████▏  | 84/117 [00:18<00:06,  5.14it/s]

PermutationExplainer explainer:  73%|███████▎  | 85/117 [00:18<00:06,  5.16it/s]

PermutationExplainer explainer:  74%|███████▎  | 86/117 [00:18<00:05,  5.18it/s]

PermutationExplainer explainer:  74%|███████▍  | 87/117 [00:18<00:05,  5.20it/s]

PermutationExplainer explainer:  75%|███████▌  | 88/117 [00:18<00:05,  5.21it/s]

PermutationExplainer explainer:  76%|███████▌  | 89/117 [00:19<00:05,  5.22it/s]

PermutationExplainer explainer:  77%|███████▋  | 90/117 [00:19<00:05,  5.21it/s]

PermutationExplainer explainer:  78%|███████▊  | 91/117 [00:19<00:04,  5.22it/s]

PermutationExplainer explainer:  79%|███████▊  | 92/117 [00:19<00:04,  5.22it/s]

PermutationExplainer explainer:  79%|███████▉  | 93/117 [00:19<00:04,  5.23it/s]

PermutationExplainer explainer:  80%|████████  | 94/117 [00:19<00:04,  4.92it/s]

PermutationExplainer explainer:  81%|████████  | 95/117 [00:20<00:04,  4.98it/s]

PermutationExplainer explainer:  82%|████████▏ | 96/117 [00:20<00:04,  5.06it/s]

PermutationExplainer explainer:  83%|████████▎ | 97/117 [00:20<00:03,  5.13it/s]

PermutationExplainer explainer:  84%|████████▍ | 98/117 [00:20<00:03,  5.19it/s]

PermutationExplainer explainer:  85%|████████▍ | 99/117 [00:20<00:03,  5.22it/s]

PermutationExplainer explainer:  85%|████████▌ | 100/117 [00:21<00:03,  5.22it/s]

PermutationExplainer explainer:  86%|████████▋ | 101/117 [00:21<00:03,  5.23it/s]

PermutationExplainer explainer:  87%|████████▋ | 102/117 [00:21<00:02,  5.22it/s]

PermutationExplainer explainer:  88%|████████▊ | 103/117 [00:21<00:02,  4.95it/s]

PermutationExplainer explainer:  89%|████████▉ | 104/117 [00:21<00:02,  4.99it/s]

PermutationExplainer explainer:  90%|████████▉ | 105/117 [00:22<00:02,  5.03it/s]

PermutationExplainer explainer:  91%|█████████ | 106/117 [00:22<00:02,  5.08it/s]

PermutationExplainer explainer:  91%|█████████▏| 107/117 [00:22<00:01,  5.14it/s]

PermutationExplainer explainer:  92%|█████████▏| 108/117 [00:22<00:01,  5.13it/s]

PermutationExplainer explainer:  93%|█████████▎| 109/117 [00:22<00:01,  5.15it/s]

PermutationExplainer explainer:  94%|█████████▍| 110/117 [00:23<00:01,  5.12it/s]

PermutationExplainer explainer:  95%|█████████▍| 111/117 [00:23<00:01,  4.84it/s]

PermutationExplainer explainer:  96%|█████████▌| 112/117 [00:23<00:01,  4.93it/s]

PermutationExplainer explainer:  97%|█████████▋| 113/117 [00:23<00:00,  5.03it/s]

PermutationExplainer explainer:  97%|█████████▋| 114/117 [00:23<00:00,  5.08it/s]

PermutationExplainer explainer:  98%|█████████▊| 115/117 [00:24<00:00,  5.10it/s]

PermutationExplainer explainer:  99%|█████████▉| 116/117 [00:24<00:00,  5.11it/s]

PermutationExplainer explainer: 100%|██████████| 117/117 [00:24<00:00,  5.15it/s]

PermutationExplainer explainer: 118it [00:24,  5.19it/s]                         

PermutationExplainer explainer: 118it [00:24,  3.08it/s]



Executing:  76%|███████▌  | 69/91 [11:16<03:09,  8.62s/cell]
Executing:  77%|███████▋  | 70/91 [11:16<02:07,  6.08s/cell]
Executing:  78%|███████▊  | 71/91 [11:16<01:28,  4.42s/cell]
Executing:  79%|███████▉  | 72/91 [11:16<00:59,  3.15s/cell]
Executing:  80%|████████  | 73/91 [11:17<00:40,  2.26s/cell]
Executing:  81%|████████▏ | 74/91 [11:17<00:27,  1.64s/cell]
Executing:  82%|████████▏ | 75/91 [11:17<00:19,  1.20s/cell]
Executing:  84%|████████▎ | 76/91 [11:17<00:13,  1.12cell/s]
Executing:  85%|████████▍ | 77/91 [11:17<00:09,  1.47cell/s]
Executing:  86%|████████▌ | 78/91 [11:18<00:06,  1.89cell/s]
Executing:  87%|████████▋ | 79/91 [11:18<00:05,  2.36cell/s]
Executing:  88%|████████▊ | 80/91 [11:18<00:03,  2.83cell/s]
Executing:  89%|████████▉ | 81/91 [11:18<00:03,  3.33cell/s]
Executing:  90%|█████████ | 82/91 [11:18<00:02,  3.74cell/s]
Executing:  91%|█████████ | 83/91 [11:18<00:01,  4.11cell/s]
Executing:  92%|█████████▏| 84/91 [11:19<00:01,  4.38cell/s]
Executing:  93%|█████████▎| 85/91 [11:19<00:01,  4.66cell/s]
Executing:  95%|█████████▍| 86/91 [11:19<00:01,  4.97cell/s]
Executing:  96%|█████████▌| 87/91 [11:19<00:00,  4.95cell/s]
Executing:  97%|█████████▋| 88/91 [11:19<00:00,  5.00cell/s]
Executing:  98%|█████████▊| 89/91 [11:20<00:00,  5.26cell/s]
Executing:  99%|█████████▉| 90/91 [11:20<00:00,  5.52cell/s]
Executing: 100%|██████████| 91/91 [11:20<00:00,  5.73cell/s]
Executing: 100%|██████████| 91/91 [11:23<00:00,  7.51s/cell]
