
Executing:   0%|          | 0/91 [00:00<?, ?cell/s]
Executing:   1%|          | 1/91 [00:00<01:11,  1.26cell/s]
Executing:   4%|▍         | 4/91 [00:01<00:36,  2.39cell/s]
Executing:   8%|▊         | 7/91 [00:02<00:26,  3.22cell/s]
Executing:  13%|█▎        | 12/91 [00:02<00:11,  6.75cell/s]
Executing:  19%|█▊        | 17/91 [00:02<00:06, 10.92cell/s]
Executing:  23%|██▎       | 21/91 [00:05<00:19,  3.67cell/s]
Executing:  27%|██▋       | 25/91 [00:05<00:12,  5.19cell/s]
Executing:  32%|███▏      | 29/91 [00:05<00:08,  7.10cell/s]
Executing:  35%|███▌      | 32/91 [00:05<00:06,  8.60cell/s]
Executing:  38%|███▊      | 35/91 [00:05<00:05, 10.55cell/s]
Executing:  38%|███▊      | 35/91 [00:20<00:05, 10.55cell/s]
Executing:  40%|███▉      | 36/91 [01:23<08:07,  8.87s/cell]
Executing:  41%|████      | 37/91 [10:32<1:15:15, 83.61s/cell]
Executing:  42%|████▏     | 38/91 [10:33<1:01:41, 69.85s/cell]
Executing:  45%|████▌     | 41/91 [10:33<34:08, 40.97s/cell]  
Executing:  47%|████▋     | 43/91 [10:33<23:32, 29.42s/cell]
Executing:  49%|████▉     | 45/91 [10:34<16:05, 21.00s/cell]
Executing:  52%|█████▏    | 47/91 [10:34<10:56, 14.92s/cell]
Executing:  53%|█████▎    | 48/91 [10:46<10:19, 14.40s/cell]
Executing:  54%|█████▍    | 49/91 [10:46<08:06, 11.59s/cell]
Executing:  55%|█████▍    | 50/91 [10:46<06:11,  9.07s/cell]
Executing:  56%|█████▌    | 51/91 [10:46<04:37,  6.93s/cell]
Executing:  57%|█████▋    | 52/91 [10:48<03:36,  5.54s/cell]
Executing:  58%|█████▊    | 53/91 [10:48<02:36,  4.11s/cell]
Executing:  59%|█████▉    | 54/91 [10:48<01:51,  3.01s/cell]
Executing:  60%|██████    | 55/91 [10:52<01:59,  3.32s/cell]
Executing:  62%|██████▏   | 56/91 [10:52<01:25,  2.43s/cell]
Executing:  63%|██████▎   | 57/91 [10:53<01:00,  1.77s/cell]
Executing:  64%|██████▎   | 58/91 [10:53<00:42,  1.30s/cell]
Executing:  65%|██████▍   | 59/91 [10:53<00:30,  1.05cell/s]
Executing:  66%|██████▌   | 60/91 [10:53<00:22,  1.39cell/s]
Executing:  67%|██████▋   | 61/91 [10:53<00:16,  1.83cell/s]
Executing:  68%|██████▊   | 62/91 [10:53<00:12,  2.34cell/s]
Executing:  69%|██████▉   | 63/91 [10:53<00:09,  2.86cell/s]
Executing:  70%|███████   | 64/91 [10:55<00:16,  1.66cell/s]
Executing:  71%|███████▏  | 65/91 [10:56<00:21,  1.21cell/s]
Executing:  73%|███████▎  | 66/91 [10:57<00:24,  1.03cell/s]
Executing:  74%|███████▎  | 67/91 [10:58<00:17,  1.33cell/s]
Executing:  75%|███████▍  | 68/91 [10:58<00:13,  1.75cell/s]
ExactExplainer explainer:  19%|█▉        | 22/117 [00:00<?, ?it/s]

ExactExplainer explainer:  21%|██        | 24/117 [00:10<00:17,  5.35it/s]

ExactExplainer explainer:  21%|██▏       | 25/117 [00:10<00:24,  3.78it/s]

ExactExplainer explainer:  22%|██▏       | 26/117 [00:11<00:27,  3.29it/s]

ExactExplainer explainer:  23%|██▎       | 27/117 [00:11<00:30,  2.94it/s]

ExactExplainer explainer:  24%|██▍       | 28/117 [00:12<00:31,  2.87it/s]

ExactExplainer explainer:  25%|██▍       | 29/117 [00:12<00:31,  2.77it/s]

ExactExplainer explainer:  26%|██▌       | 30/117 [00:12<00:33,  2.57it/s]

ExactExplainer explainer:  26%|██▋       | 31/117 [00:13<00:32,  2.62it/s]

ExactExplainer explainer:  27%|██▋       | 32/117 [00:13<00:32,  2.63it/s]

ExactExplainer explainer:  28%|██▊       | 33/117 [00:14<00:32,  2.60it/s]

ExactExplainer explainer:  29%|██▉       | 34/117 [00:14<00:31,  2.64it/s]

ExactExplainer explainer:  30%|██▉       | 35/117 [00:14<00:30,  2.65it/s]

ExactExplainer explainer:  31%|███       | 36/117 [00:15<00:30,  2.66it/s]

ExactExplainer explainer:  32%|███▏      | 37/117 [00:15<00:30,  2.66it/s]

ExactExplainer explainer:  32%|███▏      | 38/117 [00:15<00:29,  2.64it/s]

ExactExplainer explainer:  33%|███▎      | 39/117 [00:16<00:29,  2.67it/s]

ExactExplainer explainer:  34%|███▍      | 40/117 [00:16<00:28,  2.67it/s]

ExactExplainer explainer:  35%|███▌      | 41/117 [00:17<00:28,  2.65it/s]

ExactExplainer explainer:  36%|███▌      | 42/117 [00:17<00:28,  2.64it/s]

ExactExplainer explainer:  37%|███▋      | 43/117 [00:17<00:28,  2.58it/s]

ExactExplainer explainer:  38%|███▊      | 44/117 [00:18<00:28,  2.60it/s]

ExactExplainer explainer:  38%|███▊      | 45/117 [00:18<00:27,  2.64it/s]

ExactExplainer explainer:  39%|███▉      | 46/117 [00:18<00:26,  2.66it/s]

ExactExplainer explainer:  40%|████      | 47/117 [00:19<00:26,  2.68it/s]

ExactExplainer explainer:  41%|████      | 48/117 [00:19<00:26,  2.65it/s]

ExactExplainer explainer:  42%|████▏     | 49/117 [00:20<00:25,  2.64it/s]

ExactExplainer explainer:  43%|████▎     | 50/117 [00:20<00:25,  2.62it/s]

ExactExplainer explainer:  44%|████▎     | 51/117 [00:20<00:24,  2.65it/s]

ExactExplainer explainer:  44%|████▍     | 52/117 [00:21<00:24,  2.65it/s]

ExactExplainer explainer:  45%|████▌     | 53/117 [00:21<00:24,  2.65it/s]

ExactExplainer explainer:  46%|████▌     | 54/117 [00:21<00:23,  2.67it/s]

ExactExplainer explainer:  47%|████▋     | 55/117 [00:22<00:23,  2.65it/s]

ExactExplainer explainer:  48%|████▊     | 56/117 [00:22<00:22,  2.66it/s]

ExactExplainer explainer:  49%|████▊     | 57/117 [00:23<00:22,  2.67it/s]

ExactExplainer explainer:  50%|████▉     | 58/117 [00:23<00:22,  2.61it/s]

ExactExplainer explainer:  50%|█████     | 59/117 [00:23<00:22,  2.56it/s]

ExactExplainer explainer:  51%|█████▏    | 60/117 [00:24<00:22,  2.58it/s]

ExactExplainer explainer:  52%|█████▏    | 61/117 [00:24<00:21,  2.62it/s]

ExactExplainer explainer:  53%|█████▎    | 62/117 [00:24<00:20,  2.67it/s]

ExactExplainer explainer:  54%|█████▍    | 63/117 [00:25<00:20,  2.66it/s]

ExactExplainer explainer:  55%|█████▍    | 64/117 [00:25<00:19,  2.66it/s]

ExactExplainer explainer:  56%|█████▌    | 65/117 [00:26<00:19,  2.62it/s]

ExactExplainer explainer:  56%|█████▋    | 66/117 [00:26<00:19,  2.64it/s]

ExactExplainer explainer:  57%|█████▋    | 67/117 [00:26<00:18,  2.66it/s]

ExactExplainer explainer:  58%|█████▊    | 68/117 [00:27<00:18,  2.66it/s]

ExactExplainer explainer:  59%|█████▉    | 69/117 [00:27<00:17,  2.68it/s]

ExactExplainer explainer:  60%|█████▉    | 70/117 [00:28<00:17,  2.64it/s]

ExactExplainer explainer:  61%|██████    | 71/117 [00:28<00:17,  2.67it/s]

ExactExplainer explainer:  62%|██████▏   | 72/117 [00:28<00:16,  2.68it/s]

ExactExplainer explainer:  62%|██████▏   | 73/117 [00:29<00:16,  2.68it/s]

ExactExplainer explainer:  63%|██████▎   | 74/117 [00:29<00:15,  2.70it/s]

ExactExplainer explainer:  64%|██████▍   | 75/117 [00:29<00:16,  2.62it/s]

ExactExplainer explainer:  65%|██████▍   | 76/117 [00:30<00:15,  2.63it/s]

ExactExplainer explainer:  66%|██████▌   | 77/117 [00:30<00:15,  2.66it/s]

ExactExplainer explainer:  67%|██████▋   | 78/117 [00:31<00:14,  2.63it/s]

ExactExplainer explainer:  68%|██████▊   | 79/117 [00:31<00:14,  2.64it/s]

ExactExplainer explainer:  68%|██████▊   | 80/117 [00:31<00:13,  2.67it/s]

ExactExplainer explainer:  69%|██████▉   | 81/117 [00:32<00:13,  2.64it/s]

ExactExplainer explainer:  70%|███████   | 82/117 [00:32<00:13,  2.62it/s]

ExactExplainer explainer:  71%|███████   | 83/117 [00:32<00:13,  2.61it/s]

ExactExplainer explainer:  72%|███████▏  | 84/117 [00:33<00:12,  2.59it/s]

ExactExplainer explainer:  73%|███████▎  | 85/117 [00:33<00:12,  2.62it/s]

ExactExplainer explainer:  74%|███████▎  | 86/117 [00:34<00:11,  2.66it/s]

ExactExplainer explainer:  74%|███████▍  | 87/117 [00:34<00:11,  2.66it/s]

ExactExplainer explainer:  75%|███████▌  | 88/117 [00:34<00:10,  2.69it/s]

ExactExplainer explainer:  76%|███████▌  | 89/117 [00:35<00:10,  2.69it/s]

ExactExplainer explainer:  77%|███████▋  | 90/117 [00:35<00:10,  2.64it/s]

ExactExplainer explainer:  78%|███████▊  | 91/117 [00:35<00:09,  2.66it/s]

ExactExplainer explainer:  79%|███████▊  | 92/117 [00:36<00:09,  2.67it/s]

ExactExplainer explainer:  79%|███████▉  | 93/117 [00:36<00:08,  2.72it/s]

ExactExplainer explainer:  80%|████████  | 94/117 [00:37<00:08,  2.70it/s]

ExactExplainer explainer:  81%|████████  | 95/117 [00:37<00:08,  2.71it/s]

ExactExplainer explainer:  82%|████████▏ | 96/117 [00:37<00:07,  2.69it/s]

ExactExplainer explainer:  83%|████████▎ | 97/117 [00:38<00:07,  2.67it/s]

ExactExplainer explainer:  84%|████████▍ | 98/117 [00:38<00:07,  2.71it/s]

ExactExplainer explainer:  85%|████████▍ | 99/117 [00:38<00:06,  2.70it/s]

ExactExplainer explainer:  85%|████████▌ | 100/117 [00:39<00:06,  2.74it/s]

ExactExplainer explainer:  86%|████████▋ | 101/117 [00:39<00:05,  2.72it/s]

ExactExplainer explainer:  87%|████████▋ | 102/117 [00:39<00:05,  2.72it/s]

ExactExplainer explainer:  88%|████████▊ | 103/117 [00:40<00:05,  2.71it/s]

ExactExplainer explainer:  89%|████████▉ | 104/117 [00:40<00:04,  2.70it/s]

ExactExplainer explainer:  90%|████████▉ | 105/117 [00:41<00:04,  2.70it/s]

ExactExplainer explainer:  91%|█████████ | 106/117 [00:41<00:04,  2.62it/s]

ExactExplainer explainer:  91%|█████████▏| 107/117 [00:41<00:03,  2.63it/s]

ExactExplainer explainer:  92%|█████████▏| 108/117 [00:42<00:03,  2.62it/s]

ExactExplainer explainer:  93%|█████████▎| 109/117 [00:42<00:03,  2.65it/s]

ExactExplainer explainer:  94%|█████████▍| 110/117 [00:43<00:02,  2.63it/s]

ExactExplainer explainer:  95%|█████████▍| 111/117 [00:43<00:02,  2.65it/s]

ExactExplainer explainer:  96%|█████████▌| 112/117 [00:43<00:01,  2.66it/s]

ExactExplainer explainer:  97%|█████████▋| 113/117 [00:44<00:01,  2.68it/s]

ExactExplainer explainer:  97%|█████████▋| 114/117 [00:44<00:01,  2.69it/s]

ExactExplainer explainer:  98%|█████████▊| 115/117 [00:44<00:00,  2.69it/s]

ExactExplainer explainer:  99%|█████████▉| 116/117 [00:45<00:00,  2.70it/s]

ExactExplainer explainer: 100%|██████████| 117/117 [00:45<00:00,  2.70it/s]

ExactExplainer explainer: 118it [00:45,  2.71it/s]                         

ExactExplainer explainer: 118it [00:45,  2.09it/s]



Executing:  76%|███████▌  | 69/91 [11:46<05:27, 14.88s/cell]
Executing:  77%|███████▋  | 70/91 [11:46<03:39, 10.46s/cell]
Executing:  78%|███████▊  | 71/91 [11:47<02:29,  7.48s/cell]
Executing:  79%|███████▉  | 72/91 [11:47<01:40,  5.29s/cell]
Executing:  80%|████████  | 73/91 [11:47<01:07,  3.75s/cell]
Executing:  81%|████████▏ | 74/91 [11:47<00:45,  2.67s/cell]
Executing:  82%|████████▏ | 75/91 [11:47<00:30,  1.92s/cell]
Executing:  84%|████████▎ | 76/91 [11:47<00:20,  1.39s/cell]
Executing:  85%|████████▍ | 77/91 [11:48<00:14,  1.02s/cell]
Executing:  86%|████████▌ | 78/91 [11:48<00:09,  1.31cell/s]
Executing:  87%|████████▋ | 79/91 [11:48<00:07,  1.70cell/s]
Executing:  88%|████████▊ | 80/91 [11:48<00:05,  2.16cell/s]
Executing:  89%|████████▉ | 81/91 [11:48<00:03,  2.64cell/s]
Executing:  90%|█████████ | 82/91 [11:48<00:02,  3.11cell/s]
Executing:  91%|█████████ | 83/91 [11:49<00:02,  3.56cell/s]
Executing:  92%|█████████▏| 84/91 [11:49<00:01,  3.89cell/s]
Executing:  93%|█████████▎| 85/91 [11:49<00:01,  4.25cell/s]
Executing:  95%|█████████▍| 86/91 [11:49<00:01,  4.59cell/s]
Executing:  96%|█████████▌| 87/91 [11:49<00:00,  4.59cell/s]
Executing:  97%|█████████▋| 88/91 [11:50<00:00,  4.89cell/s]
Executing:  98%|█████████▊| 89/91 [11:50<00:00,  5.23cell/s]
Executing:  99%|█████████▉| 90/91 [11:50<00:00,  5.53cell/s]
Executing: 100%|██████████| 91/91 [11:50<00:00,  5.74cell/s]
Executing: 100%|██████████| 91/91 [11:53<00:00,  7.84s/cell]
