
Executing:   0%|          | 0/91 [00:00<?, ?cell/s]
Executing:   1%|          | 1/91 [00:00<01:11,  1.26cell/s]
Executing:   4%|▍         | 4/91 [00:01<00:36,  2.40cell/s]
Executing:   8%|▊         | 7/91 [00:02<00:25,  3.31cell/s]
Executing:  13%|█▎        | 12/91 [00:02<00:11,  6.92cell/s]
Executing:  19%|█▊        | 17/91 [00:02<00:06, 11.17cell/s]
Executing:  23%|██▎       | 21/91 [00:05<00:19,  3.65cell/s]
Executing:  27%|██▋       | 25/91 [00:05<00:12,  5.16cell/s]
Executing:  32%|███▏      | 29/91 [00:05<00:08,  7.08cell/s]
Executing:  35%|███▌      | 32/91 [00:05<00:06,  8.57cell/s]
Executing:  38%|███▊      | 35/91 [00:05<00:05, 10.55cell/s]
Executing:  38%|███▊      | 35/91 [00:20<00:05, 10.55cell/s]
Executing:  40%|███▉      | 36/91 [01:20<07:47,  8.49s/cell]
Executing:  41%|████      | 37/91 [10:12<1:12:52, 80.98s/cell]
Executing:  42%|████▏     | 38/91 [10:13<59:45, 67.65s/cell]  
Executing:  45%|████▌     | 41/91 [10:13<33:05, 39.71s/cell]
Executing:  47%|████▋     | 43/91 [10:14<22:49, 28.53s/cell]
Executing:  49%|████▉     | 45/91 [10:14<15:37, 20.38s/cell]
Executing:  52%|█████▏    | 47/91 [10:14<10:38, 14.50s/cell]
Executing:  53%|█████▎    | 48/91 [10:28<10:13, 14.27s/cell]
Executing:  54%|█████▍    | 49/91 [10:28<08:02, 11.48s/cell]
Executing:  55%|█████▍    | 50/91 [10:28<06:08,  8.99s/cell]
Executing:  56%|█████▌    | 51/91 [10:28<04:35,  6.88s/cell]
Executing:  57%|█████▋    | 52/91 [10:30<03:35,  5.53s/cell]
Executing:  58%|█████▊    | 53/91 [10:30<02:35,  4.10s/cell]
Executing:  59%|█████▉    | 54/91 [10:30<01:51,  3.02s/cell]
Executing:  60%|██████    | 55/91 [10:34<02:03,  3.44s/cell]
Executing:  62%|██████▏   | 56/91 [10:35<01:27,  2.50s/cell]
Executing:  63%|██████▎   | 57/91 [10:35<01:01,  1.81s/cell]
Executing:  64%|██████▎   | 58/91 [10:35<00:44,  1.35s/cell]
Executing:  65%|██████▍   | 59/91 [10:35<00:31,  1.01cell/s]
Executing:  66%|██████▌   | 60/91 [10:35<00:23,  1.35cell/s]
Executing:  67%|██████▋   | 61/91 [10:35<00:16,  1.77cell/s]
Executing:  68%|██████▊   | 62/91 [10:36<00:12,  2.28cell/s]
Executing:  69%|██████▉   | 63/91 [10:36<00:10,  2.77cell/s]
Executing:  70%|███████   | 64/91 [10:37<00:16,  1.61cell/s]
Executing:  71%|███████▏  | 65/91 [10:39<00:23,  1.12cell/s]
Executing:  73%|███████▎  | 66/91 [10:40<00:25,  1.03s/cell]
Executing:  74%|███████▎  | 67/91 [10:40<00:19,  1.24cell/s]
Executing:  75%|███████▍  | 68/91 [10:40<00:14,  1.62cell/s]
Executing:  76%|███████▌  | 69/91 [10:49<01:07,  3.06s/cell]
Executing:  77%|███████▋  | 70/91 [10:49<00:46,  2.19s/cell]
Executing:  78%|███████▊  | 71/91 [10:50<00:34,  1.70s/cell]
Executing:  79%|███████▉  | 72/91 [10:50<00:23,  1.25s/cell]
Executing:  80%|████████  | 73/91 [10:50<00:16,  1.08cell/s]
Executing:  81%|████████▏ | 74/91 [10:50<00:11,  1.42cell/s]
Executing:  82%|████████▏ | 75/91 [10:51<00:08,  1.83cell/s]
Executing:  84%|████████▎ | 76/91 [10:51<00:06,  2.29cell/s]
Executing:  85%|████████▍ | 77/91 [10:51<00:05,  2.78cell/s]
Executing:  86%|████████▌ | 78/91 [10:51<00:04,  3.25cell/s]
Executing:  87%|████████▋ | 79/91 [10:51<00:03,  3.65cell/s]
Executing:  88%|████████▊ | 80/91 [10:51<00:02,  4.05cell/s]
Executing:  89%|████████▉ | 81/91 [10:52<00:02,  4.41cell/s]
Executing:  90%|█████████ | 82/91 [10:52<00:01,  4.64cell/s]
Executing:  91%|█████████ | 83/91 [10:52<00:01,  4.83cell/s]
Executing:  92%|█████████▏| 84/91 [10:52<00:01,  4.97cell/s]
Executing:  93%|█████████▎| 85/91 [10:52<00:01,  5.13cell/s]
Executing:  95%|█████████▍| 86/91 [10:53<00:00,  5.41cell/s]
Executing:  96%|█████████▌| 87/91 [10:53<00:00,  5.34cell/s]
Executing:  97%|█████████▋| 88/91 [10:53<00:00,  5.58cell/s]
Executing:  98%|█████████▊| 89/91 [10:53<00:00,  5.78cell/s]
Executing:  99%|█████████▉| 90/91 [10:53<00:00,  5.93cell/s]
Executing: 100%|██████████| 91/91 [10:53<00:00,  6.02cell/s]
Executing: 100%|██████████| 91/91 [10:54<00:00,  7.19s/cell]
