
Executing:   0%|          | 0/91 [00:00<?, ?cell/s]
Executing:   1%|          | 1/91 [00:00<01:08,  1.32cell/s]
Executing:   4%|▍         | 4/91 [00:01<00:39,  2.19cell/s]
Executing:   8%|▊         | 7/91 [00:02<00:33,  2.48cell/s]
Executing:  13%|█▎        | 12/91 [00:03<00:15,  5.26cell/s]
Executing:  18%|█▊        | 16/91 [00:03<00:09,  7.94cell/s]
Executing:  21%|██        | 19/91 [00:03<00:08,  8.53cell/s]
Executing:  24%|██▍       | 22/91 [00:07<00:32,  2.10cell/s]
Executing:  30%|██▉       | 27/91 [00:07<00:18,  3.46cell/s]
Executing:  33%|███▎      | 30/91 [00:07<00:13,  4.36cell/s]
Executing:  38%|███▊      | 35/91 [00:07<00:08,  6.52cell/s]
Executing:  38%|███▊      | 35/91 [00:20<00:08,  6.52cell/s]
Executing:  40%|███▉      | 36/91 [01:39<08:24,  9.18s/cell]
Executing:  41%|████      | 37/91 [20:43<2:14:39, 149.63s/cell]
Executing:  42%|████▏     | 38/91 [20:44<1:52:24, 127.25s/cell]
Executing:  44%|████▍     | 40/91 [20:45<1:15:50, 89.23s/cell] 
Executing:  46%|████▌     | 42/91 [20:46<51:09, 62.63s/cell]  
Executing:  47%|████▋     | 43/91 [20:47<41:20, 51.69s/cell]
Executing:  48%|████▊     | 44/91 [20:47<32:25, 41.39s/cell]
Executing:  49%|████▉     | 45/91 [20:48<24:45, 32.30s/cell]
Executing:  51%|█████     | 46/91 [20:49<18:28, 24.63s/cell]
Executing:  52%|█████▏    | 47/91 [20:49<13:33, 18.49s/cell]
Executing:  53%|█████▎    | 48/91 [21:07<13:00, 18.15s/cell]
Executing:  54%|█████▍    | 49/91 [21:07<09:16, 13.25s/cell]
Executing:  55%|█████▍    | 50/91 [21:08<06:35,  9.65s/cell]
Executing:  56%|█████▌    | 51/91 [21:08<04:41,  7.04s/cell]
Executing:  57%|█████▋    | 52/91 [21:10<03:38,  5.59s/cell]
Executing:  58%|█████▊    | 53/91 [21:11<02:38,  4.17s/cell]
Executing:  59%|█████▉    | 54/91 [21:12<01:56,  3.14s/cell]
Executing:  60%|██████    | 55/91 [21:18<02:28,  4.12s/cell]
Executing:  62%|██████▏   | 56/91 [21:19<01:49,  3.13s/cell]
Executing:  63%|██████▎   | 57/91 [21:20<01:21,  2.39s/cell]
Executing:  64%|██████▎   | 58/91 [21:20<01:00,  1.83s/cell]
Executing:  65%|██████▍   | 59/91 [21:21<00:46,  1.47s/cell]
Executing:  66%|██████▌   | 60/91 [21:21<00:36,  1.19s/cell]
Executing:  67%|██████▋   | 61/91 [21:22<00:30,  1.02s/cell]
Executing:  68%|██████▊   | 62/91 [21:23<00:25,  1.13cell/s]
Executing:  69%|██████▉   | 63/91 [21:23<00:22,  1.23cell/s]
Executing:  70%|███████   | 64/91 [21:25<00:29,  1.07s/cell]
Executing:  71%|███████▏  | 65/91 [21:27<00:33,  1.31s/cell]
Executing:  73%|███████▎  | 66/91 [21:29<00:37,  1.49s/cell]
Executing:  74%|███████▎  | 67/91 [21:29<00:29,  1.21s/cell]
Executing:  75%|███████▍  | 68/91 [21:30<00:22,  1.00cell/s]
PermutationExplainer explainer:  42%|████▏     | 47/113 [00:00<?, ?it/s]

PermutationExplainer explainer:  43%|████▎     | 49/113 [00:10<00:05, 11.52it/s]

PermutationExplainer explainer:  45%|████▌     | 51/113 [00:10<00:08,  7.54it/s]

PermutationExplainer explainer:  46%|████▌     | 52/113 [00:10<00:08,  6.99it/s]

PermutationExplainer explainer:  47%|████▋     | 53/113 [00:10<00:08,  6.77it/s]

PermutationExplainer explainer:  48%|████▊     | 54/113 [00:11<00:09,  6.49it/s]

PermutationExplainer explainer:  49%|████▊     | 55/113 [00:11<00:09,  6.32it/s]

PermutationExplainer explainer:  50%|████▉     | 56/113 [00:11<00:09,  6.21it/s]

PermutationExplainer explainer:  50%|█████     | 57/113 [00:11<00:09,  5.98it/s]

PermutationExplainer explainer:  51%|█████▏    | 58/113 [00:11<00:09,  5.92it/s]

PermutationExplainer explainer:  52%|█████▏    | 59/113 [00:11<00:08,  6.09it/s]

PermutationExplainer explainer:  53%|█████▎    | 60/113 [00:12<00:08,  6.07it/s]

PermutationExplainer explainer:  54%|█████▍    | 61/113 [00:12<00:08,  6.12it/s]

PermutationExplainer explainer:  55%|█████▍    | 62/113 [00:12<00:08,  6.24it/s]

PermutationExplainer explainer:  56%|█████▌    | 63/113 [00:12<00:07,  6.33it/s]

PermutationExplainer explainer:  57%|█████▋    | 64/113 [00:12<00:07,  6.42it/s]

PermutationExplainer explainer:  58%|█████▊    | 65/113 [00:12<00:07,  6.43it/s]

PermutationExplainer explainer:  58%|█████▊    | 66/113 [00:12<00:07,  6.37it/s]

PermutationExplainer explainer:  59%|█████▉    | 67/113 [00:13<00:07,  6.36it/s]

PermutationExplainer explainer:  60%|██████    | 68/113 [00:13<00:07,  5.82it/s]

PermutationExplainer explainer:  61%|██████    | 69/113 [00:13<00:08,  5.13it/s]

PermutationExplainer explainer:  62%|██████▏   | 70/113 [00:13<00:07,  5.45it/s]

PermutationExplainer explainer:  63%|██████▎   | 71/113 [00:13<00:07,  5.70it/s]

PermutationExplainer explainer:  64%|██████▎   | 72/113 [00:14<00:07,  5.64it/s]

PermutationExplainer explainer:  65%|██████▍   | 73/113 [00:14<00:07,  5.71it/s]

PermutationExplainer explainer:  65%|██████▌   | 74/113 [00:14<00:07,  5.43it/s]

PermutationExplainer explainer:  66%|██████▋   | 75/113 [00:14<00:06,  5.67it/s]

PermutationExplainer explainer:  67%|██████▋   | 76/113 [00:14<00:06,  5.78it/s]

PermutationExplainer explainer:  68%|██████▊   | 77/113 [00:14<00:06,  5.91it/s]

PermutationExplainer explainer:  69%|██████▉   | 78/113 [00:15<00:05,  5.84it/s]

PermutationExplainer explainer:  70%|██████▉   | 79/113 [00:15<00:05,  5.86it/s]

PermutationExplainer explainer:  71%|███████   | 80/113 [00:15<00:05,  5.93it/s]

PermutationExplainer explainer:  72%|███████▏  | 81/113 [00:15<00:05,  5.94it/s]

PermutationExplainer explainer:  73%|███████▎  | 82/113 [00:15<00:05,  6.08it/s]

PermutationExplainer explainer:  73%|███████▎  | 83/113 [00:15<00:04,  6.07it/s]

PermutationExplainer explainer:  74%|███████▍  | 84/113 [00:16<00:04,  6.13it/s]

PermutationExplainer explainer:  75%|███████▌  | 85/113 [00:16<00:04,  6.28it/s]

PermutationExplainer explainer:  76%|███████▌  | 86/113 [00:16<00:04,  6.34it/s]

PermutationExplainer explainer:  77%|███████▋  | 87/113 [00:16<00:04,  6.40it/s]

PermutationExplainer explainer:  78%|███████▊  | 88/113 [00:16<00:03,  6.37it/s]

PermutationExplainer explainer:  79%|███████▉  | 89/113 [00:16<00:03,  6.28it/s]

PermutationExplainer explainer:  80%|███████▉  | 90/113 [00:17<00:03,  6.33it/s]

PermutationExplainer explainer:  81%|████████  | 91/113 [00:17<00:03,  6.15it/s]

PermutationExplainer explainer:  81%|████████▏ | 92/113 [00:17<00:03,  5.97it/s]

PermutationExplainer explainer:  82%|████████▏ | 93/113 [00:17<00:03,  6.05it/s]

PermutationExplainer explainer:  83%|████████▎ | 94/113 [00:17<00:03,  6.09it/s]

PermutationExplainer explainer:  84%|████████▍ | 95/113 [00:17<00:03,  5.91it/s]

PermutationExplainer explainer:  85%|████████▍ | 96/113 [00:18<00:02,  6.01it/s]

PermutationExplainer explainer:  86%|████████▌ | 97/113 [00:18<00:02,  6.05it/s]

PermutationExplainer explainer:  87%|████████▋ | 98/113 [00:18<00:02,  6.12it/s]

PermutationExplainer explainer:  88%|████████▊ | 99/113 [00:18<00:02,  5.74it/s]

PermutationExplainer explainer:  88%|████████▊ | 100/113 [00:18<00:02,  5.20it/s]

PermutationExplainer explainer:  89%|████████▉ | 101/113 [00:18<00:02,  5.33it/s]

PermutationExplainer explainer:  90%|█████████ | 102/113 [00:19<00:02,  5.40it/s]

PermutationExplainer explainer:  91%|█████████ | 103/113 [00:19<00:01,  5.48it/s]

PermutationExplainer explainer:  92%|█████████▏| 104/113 [00:19<00:01,  5.54it/s]

PermutationExplainer explainer:  93%|█████████▎| 105/113 [00:19<00:01,  5.55it/s]

PermutationExplainer explainer:  94%|█████████▍| 106/113 [00:19<00:01,  5.46it/s]

PermutationExplainer explainer:  95%|█████████▍| 107/113 [00:20<00:01,  5.60it/s]

PermutationExplainer explainer:  96%|█████████▌| 108/113 [00:20<00:00,  5.64it/s]

PermutationExplainer explainer:  96%|█████████▋| 109/113 [00:20<00:00,  5.52it/s]

PermutationExplainer explainer:  97%|█████████▋| 110/113 [00:20<00:00,  5.55it/s]

PermutationExplainer explainer:  98%|█████████▊| 111/113 [00:20<00:00,  5.68it/s]

PermutationExplainer explainer:  99%|█████████▉| 112/113 [00:20<00:00,  5.67it/s]

PermutationExplainer explainer: 100%|██████████| 113/113 [00:21<00:00,  5.75it/s]

PermutationExplainer explainer: 114it [00:21,  5.76it/s]                         

PermutationExplainer explainer: 114it [00:21,  3.15it/s]



Executing:  76%|███████▌  | 69/91 [21:54<02:58,  8.10s/cell]
Executing:  77%|███████▋  | 70/91 [21:55<02:02,  5.81s/cell]
Executing:  78%|███████▊  | 71/91 [21:56<01:26,  4.34s/cell]
Executing:  79%|███████▉  | 72/91 [21:56<01:00,  3.16s/cell]
Executing:  80%|████████  | 73/91 [21:57<00:42,  2.34s/cell]
Executing:  81%|████████▏ | 74/91 [21:57<00:30,  1.80s/cell]
Executing:  82%|████████▏ | 75/91 [21:58<00:22,  1.39s/cell]
Executing:  84%|████████▎ | 76/91 [21:58<00:16,  1.09s/cell]
Executing:  85%|████████▍ | 77/91 [21:58<00:12,  1.13cell/s]
Executing:  86%|████████▌ | 78/91 [21:59<00:10,  1.25cell/s]
Executing:  87%|████████▋ | 79/91 [22:00<00:08,  1.37cell/s]
Executing:  88%|████████▊ | 80/91 [22:00<00:07,  1.46cell/s]
Executing:  89%|████████▉ | 81/91 [22:01<00:06,  1.56cell/s]
Executing:  90%|█████████ | 82/91 [22:01<00:05,  1.62cell/s]
Executing:  91%|█████████ | 83/91 [22:02<00:04,  1.68cell/s]
Executing:  92%|█████████▏| 84/91 [22:02<00:04,  1.70cell/s]
Executing:  93%|█████████▎| 85/91 [22:03<00:03,  1.74cell/s]
Executing:  95%|█████████▍| 86/91 [22:04<00:02,  1.68cell/s]
Executing:  96%|█████████▌| 87/91 [22:04<00:02,  1.60cell/s]
Executing:  97%|█████████▋| 88/91 [22:05<00:01,  1.56cell/s]
Executing:  98%|█████████▊| 89/91 [22:05<00:01,  1.74cell/s]
Executing:  99%|█████████▉| 90/91 [22:06<00:00,  1.70cell/s]
Executing: 100%|██████████| 91/91 [22:06<00:00,  1.85cell/s]
Executing: 100%|██████████| 91/91 [22:09<00:00, 14.61s/cell]
