
Executing:   0%|          | 0/92 [00:00<?, ?cell/s]
Executing:   1%|          | 1/92 [00:00<01:11,  1.28cell/s]
Executing:   4%|▍         | 4/92 [00:02<00:42,  2.05cell/s]
Executing:   8%|▊         | 7/92 [00:02<00:28,  2.94cell/s]
Executing:  13%|█▎        | 12/92 [00:02<00:12,  6.23cell/s]
Executing:  18%|█▊        | 17/92 [00:02<00:07, 10.14cell/s]
Executing:  23%|██▎       | 21/92 [00:05<00:21,  3.36cell/s]
Executing:  27%|██▋       | 25/92 [00:05<00:14,  4.77cell/s]
Executing:  30%|███       | 28/92 [00:05<00:10,  5.94cell/s]
Executing:  36%|███▌      | 33/92 [00:06<00:06,  8.82cell/s]
Executing:  38%|███▊      | 35/92 [00:20<00:06,  8.82cell/s]
Executing:  39%|███▉      | 36/92 [01:27<06:19,  6.78s/cell]
Executing:  40%|████      | 37/92 [15:31<1:26:40, 94.56s/cell]
Executing:  41%|████▏     | 38/92 [15:31<1:14:04, 82.31s/cell]
Executing:  45%|████▍     | 41/92 [15:33<45:03, 53.01s/cell]  
Executing:  47%|████▋     | 43/92 [15:34<32:22, 39.64s/cell]
Executing:  49%|████▉     | 45/92 [15:35<22:53, 29.23s/cell]
Executing:  50%|█████     | 46/92 [15:36<18:52, 24.62s/cell]
Executing:  51%|█████     | 47/92 [15:36<15:07, 20.17s/cell]
Executing:  52%|█████▏    | 48/92 [15:55<14:31, 19.81s/cell]
Executing:  53%|█████▎    | 49/92 [15:55<10:59, 15.34s/cell]
Executing:  54%|█████▍    | 50/92 [15:55<08:08, 11.63s/cell]
Executing:  55%|█████▌    | 51/92 [15:56<05:56,  8.70s/cell]
Executing:  57%|█████▋    | 52/92 [15:58<04:35,  6.89s/cell]
Executing:  58%|█████▊    | 53/92 [15:58<03:17,  5.07s/cell]
Executing:  59%|█████▊    | 54/92 [15:59<02:21,  3.72s/cell]
Executing:  60%|█████▉    | 55/92 [16:03<02:26,  3.96s/cell]
Executing:  61%|██████    | 56/92 [16:04<01:44,  2.90s/cell]
Executing:  62%|██████▏   | 57/92 [16:04<01:16,  2.18s/cell]
Executing:  63%|██████▎   | 58/92 [16:04<00:55,  1.63s/cell]
Executing:  64%|██████▍   | 59/92 [16:05<00:41,  1.25s/cell]
Executing:  65%|██████▌   | 60/92 [16:05<00:31,  1.02cell/s]
Executing:  66%|██████▋   | 61/92 [16:05<00:24,  1.27cell/s]
Executing:  67%|██████▋   | 62/92 [16:06<00:19,  1.53cell/s]
Executing:  68%|██████▊   | 63/92 [16:06<00:16,  1.74cell/s]
Executing:  70%|██████▉   | 64/92 [16:08<00:23,  1.18cell/s]
Executing:  71%|███████   | 65/92 [16:09<00:30,  1.13s/cell]
Executing:  72%|███████▏  | 66/92 [16:12<00:37,  1.44s/cell]
Executing:  73%|███████▎  | 67/92 [16:12<00:28,  1.14s/cell]
Executing:  74%|███████▍  | 68/92 [16:13<00:27,  1.16s/cell]
Executing:  75%|███████▌  | 69/92 [16:14<00:21,  1.09cell/s]
Executing:  76%|███████▌  | 70/92 [16:21<01:00,  2.74s/cell]
Executing:  77%|███████▋  | 71/92 [16:21<00:43,  2.07s/cell]
Executing:  78%|███████▊  | 72/92 [16:22<00:33,  1.67s/cell]
Executing:  79%|███████▉  | 73/92 [16:22<00:24,  1.28s/cell]
Executing:  80%|████████  | 74/92 [16:22<00:17,  1.00cell/s]
Executing:  82%|████████▏ | 75/92 [16:23<00:13,  1.24cell/s]
Executing:  83%|████████▎ | 76/92 [16:23<00:10,  1.49cell/s]
Executing:  84%|████████▎ | 77/92 [16:24<00:08,  1.72cell/s]
Executing:  85%|████████▍ | 78/92 [16:24<00:08,  1.63cell/s]
Executing:  86%|████████▌ | 79/92 [16:25<00:07,  1.80cell/s]
Executing:  87%|████████▋ | 80/92 [16:25<00:06,  1.91cell/s]
Executing:  88%|████████▊ | 81/92 [16:25<00:05,  2.08cell/s]
Executing:  89%|████████▉ | 82/92 [16:26<00:04,  2.21cell/s]
Executing:  90%|█████████ | 83/92 [16:26<00:03,  2.28cell/s]
Executing:  91%|█████████▏| 84/92 [16:27<00:03,  2.26cell/s]
Executing:  92%|█████████▏| 85/92 [16:27<00:03,  2.32cell/s]
Executing:  93%|█████████▎| 86/92 [16:28<00:02,  2.29cell/s]
Executing:  95%|█████████▍| 87/92 [16:28<00:02,  2.40cell/s]
Executing:  96%|█████████▌| 88/92 [16:28<00:01,  2.30cell/s]
Executing:  97%|█████████▋| 89/92 [16:29<00:01,  2.38cell/s]
Executing:  98%|█████████▊| 90/92 [16:29<00:00,  2.53cell/s]
Executing:  99%|█████████▉| 91/92 [16:30<00:00,  2.62cell/s]
Executing: 100%|██████████| 92/92 [16:30<00:00,  2.71cell/s]
Executing: 100%|██████████| 92/92 [16:31<00:00, 10.77s/cell]
