
Executing:   0%|          | 0/91 [00:00<?, ?cell/s]
Executing:   1%|          | 1/91 [00:00<01:12,  1.24cell/s]
Executing:   4%|▍         | 4/91 [00:01<00:36,  2.39cell/s]
Executing:   8%|▊         | 7/91 [00:02<00:25,  3.31cell/s]
Executing:  13%|█▎        | 12/91 [00:02<00:11,  6.92cell/s]
Executing:  19%|█▊        | 17/91 [00:02<00:06, 11.16cell/s]
Executing:  23%|██▎       | 21/91 [00:05<00:19,  3.64cell/s]
Executing:  27%|██▋       | 25/91 [00:05<00:12,  5.15cell/s]
Executing:  31%|███       | 28/91 [00:05<00:09,  6.40cell/s]
Executing:  36%|███▋      | 33/91 [00:05<00:06,  9.46cell/s]
Executing:  38%|███▊      | 35/91 [00:20<00:05,  9.46cell/s]
Executing:  40%|███▉      | 36/91 [01:20<05:42,  6.23s/cell]
Executing:  41%|████      | 37/91 [19:49<1:49:44, 121.93s/cell]
Executing:  42%|████▏     | 38/91 [19:50<1:33:42, 106.08s/cell]
Executing:  45%|████▌     | 41/91 [19:50<56:47, 68.15s/cell]   
Executing:  47%|████▋     | 43/91 [19:51<40:42, 50.88s/cell]
Executing:  49%|████▉     | 45/91 [19:51<28:39, 37.37s/cell]
Executing:  52%|█████▏    | 47/91 [19:52<19:54, 27.14s/cell]
Executing:  53%|█████▎    | 48/91 [43:40<3:04:44, 257.77s/cell]
Executing:  54%|█████▍    | 49/91 [43:41<2:26:07, 208.74s/cell]
Executing:  55%|█████▍    | 50/91 [43:41<1:52:11, 164.17s/cell]
Executing:  56%|█████▌    | 51/91 [43:41<1:23:52, 125.81s/cell]
Executing:  57%|█████▋    | 52/91 [43:43<1:01:33, 94.70s/cell] 
Executing:  58%|█████▊    | 53/91 [43:43<44:12, 69.80s/cell]  
Executing:  59%|█████▉    | 54/91 [43:43<31:18, 50.76s/cell]
Executing:  60%|██████    | 55/91 [43:47<22:33, 37.59s/cell]
Executing:  62%|██████▏   | 56/91 [43:47<15:41, 26.91s/cell]
Executing:  63%|██████▎   | 57/91 [43:47<10:51, 19.16s/cell]
Executing:  64%|██████▎   | 58/91 [43:48<07:29, 13.61s/cell]
Executing:  65%|██████▍   | 59/91 [43:48<05:11,  9.74s/cell]
Executing:  66%|██████▌   | 60/91 [43:48<03:34,  6.92s/cell]
Executing:  67%|██████▋   | 61/91 [43:49<02:27,  4.93s/cell]
Executing:  68%|██████▊   | 62/91 [43:49<01:42,  3.53s/cell]
Executing:  69%|██████▉   | 63/91 [43:49<01:11,  2.55s/cell]
Executing:  70%|███████   | 64/91 [43:50<00:58,  2.16s/cell]
Executing:  71%|███████▏  | 65/91 [43:52<00:50,  1.94s/cell]
Executing:  73%|███████▎  | 66/91 [43:53<00:43,  1.75s/cell]
Executing:  74%|███████▎  | 67/91 [43:53<00:32,  1.34s/cell]
Executing:  75%|███████▍  | 68/91 [43:54<00:23,  1.01s/cell]
Executing:  76%|███████▌  | 69/91 [43:59<00:50,  2.28s/cell]
Executing:  77%|███████▋  | 70/91 [43:59<00:34,  1.66s/cell]
Executing:  78%|███████▊  | 71/91 [44:00<00:27,  1.36s/cell]
Executing:  79%|███████▉  | 72/91 [44:00<00:19,  1.02s/cell]
Executing:  80%|████████  | 73/91 [44:00<00:14,  1.28cell/s]
Executing:  81%|████████▏ | 74/91 [44:01<00:10,  1.60cell/s]
Executing:  82%|████████▏ | 75/91 [44:01<00:08,  1.98cell/s]
Executing:  84%|████████▎ | 76/91 [44:01<00:06,  2.37cell/s]
Executing:  85%|████████▍ | 77/91 [44:01<00:05,  2.77cell/s]
Executing:  86%|████████▌ | 78/91 [44:01<00:04,  3.13cell/s]
Executing:  87%|████████▋ | 79/91 [44:02<00:03,  3.41cell/s]
Executing:  88%|████████▊ | 80/91 [44:02<00:03,  3.62cell/s]
Executing:  89%|████████▉ | 81/91 [44:02<00:02,  3.78cell/s]
Executing:  90%|█████████ | 82/91 [44:02<00:02,  3.81cell/s]
Executing:  91%|█████████ | 83/91 [44:03<00:02,  3.84cell/s]
Executing:  92%|█████████▏| 84/91 [44:03<00:01,  3.94cell/s]
Executing:  93%|█████████▎| 85/91 [44:03<00:01,  3.89cell/s]
Executing:  95%|█████████▍| 86/91 [44:03<00:01,  4.11cell/s]
Executing:  96%|█████████▌| 87/91 [44:04<00:00,  4.15cell/s]
Executing:  97%|█████████▋| 88/91 [44:04<00:00,  4.33cell/s]
Executing:  98%|█████████▊| 89/91 [44:04<00:00,  4.47cell/s]
Executing:  99%|█████████▉| 90/91 [44:04<00:00,  4.58cell/s]
Executing: 100%|██████████| 91/91 [44:04<00:00,  4.67cell/s]
Executing: 100%|██████████| 91/91 [44:05<00:00, 29.07s/cell]
