
Executing:   0%|          | 0/91 [00:00<?, ?cell/s]
Executing:   1%|          | 1/91 [00:00<01:10,  1.28cell/s]
Executing:   4%|▍         | 4/91 [00:01<00:35,  2.47cell/s]
Executing:   8%|▊         | 7/91 [00:02<00:25,  3.34cell/s]
Executing:  13%|█▎        | 12/91 [00:02<00:11,  7.00cell/s]
Executing:  19%|█▊        | 17/91 [00:02<00:06, 11.31cell/s]
Executing:  23%|██▎       | 21/91 [00:05<00:19,  3.64cell/s]
Executing:  27%|██▋       | 25/91 [00:05<00:12,  5.15cell/s]
Executing:  31%|███       | 28/91 [00:05<00:09,  6.42cell/s]
Executing:  36%|███▋      | 33/91 [00:05<00:06,  9.47cell/s]
Executing:  38%|███▊      | 35/91 [00:20<00:05,  9.47cell/s]
Executing:  40%|███▉      | 36/91 [01:20<05:41,  6.22s/cell]
Executing:  41%|████      | 37/91 [11:22<1:01:53, 68.76s/cell]
Executing:  42%|████▏     | 38/91 [11:23<52:51, 59.84s/cell]  
Executing:  45%|████▌     | 41/91 [11:23<32:03, 38.48s/cell]
Executing:  47%|████▋     | 43/91 [11:24<22:59, 28.75s/cell]
Executing:  49%|████▉     | 45/91 [11:24<16:12, 21.14s/cell]
Executing:  52%|█████▏    | 47/91 [11:25<11:16, 15.37s/cell]
Executing:  53%|█████▎    | 48/91 [11:36<10:34, 14.76s/cell]
Executing:  54%|█████▍    | 49/91 [11:37<08:23, 11.99s/cell]
Executing:  55%|█████▍    | 50/91 [11:37<06:28,  9.48s/cell]
Executing:  56%|█████▌    | 51/91 [11:37<04:52,  7.31s/cell]
Executing:  57%|█████▋    | 52/91 [11:39<03:49,  5.89s/cell]
Executing:  58%|█████▊    | 53/91 [11:39<02:47,  4.41s/cell]
Executing:  59%|█████▉    | 54/91 [11:39<02:00,  3.26s/cell]
Executing:  60%|██████    | 55/91 [11:43<02:06,  3.52s/cell]
Executing:  62%|██████▏   | 56/91 [11:44<01:30,  2.58s/cell]
Executing:  63%|██████▎   | 57/91 [11:44<01:04,  1.89s/cell]
Executing:  64%|██████▎   | 58/91 [11:44<00:46,  1.40s/cell]
Executing:  65%|██████▍   | 59/91 [11:44<00:33,  1.05s/cell]
Executing:  66%|██████▌   | 60/91 [11:44<00:24,  1.24cell/s]
Executing:  67%|██████▋   | 61/91 [11:45<00:18,  1.60cell/s]
Executing:  68%|██████▊   | 62/91 [11:45<00:14,  1.99cell/s]
Executing:  69%|██████▉   | 63/91 [11:45<00:11,  2.38cell/s]
Executing:  70%|███████   | 64/91 [11:46<00:18,  1.50cell/s]
Executing:  71%|███████▏  | 65/91 [11:48<00:23,  1.11cell/s]
Executing:  73%|███████▎  | 66/91 [11:49<00:25,  1.04s/cell]
Executing:  74%|███████▎  | 67/91 [11:49<00:19,  1.23cell/s]
Executing:  75%|███████▍  | 68/91 [11:50<00:14,  1.57cell/s]
Executing:  76%|███████▌  | 69/91 [11:55<00:47,  2.18s/cell]
Executing:  77%|███████▋  | 70/91 [11:56<00:33,  1.59s/cell]
Executing:  78%|███████▊  | 71/91 [11:56<00:25,  1.27s/cell]
Executing:  79%|███████▉  | 72/91 [11:56<00:18,  1.04cell/s]
Executing:  80%|████████  | 73/91 [11:57<00:13,  1.36cell/s]
Executing:  81%|████████▏ | 74/91 [11:57<00:09,  1.72cell/s]
Executing:  82%|████████▏ | 75/91 [11:57<00:07,  2.13cell/s]
Executing:  84%|████████▎ | 76/91 [11:57<00:05,  2.56cell/s]
Executing:  85%|████████▍ | 77/91 [11:57<00:04,  2.96cell/s]
Executing:  86%|████████▌ | 78/91 [11:58<00:03,  3.31cell/s]
Executing:  87%|████████▋ | 79/91 [11:58<00:03,  3.25cell/s]
Executing:  88%|████████▊ | 80/91 [11:58<00:03,  3.48cell/s]
Executing:  89%|████████▉ | 81/91 [11:58<00:02,  3.74cell/s]
Executing:  90%|█████████ | 82/91 [11:59<00:02,  3.91cell/s]
Executing:  91%|█████████ | 83/91 [11:59<00:02,  3.95cell/s]
Executing:  92%|█████████▏| 84/91 [11:59<00:01,  3.99cell/s]
Executing:  93%|█████████▎| 85/91 [11:59<00:01,  4.10cell/s]
Executing:  95%|█████████▍| 86/91 [12:00<00:01,  4.27cell/s]
Executing:  96%|█████████▌| 87/91 [12:00<00:00,  4.25cell/s]
Executing:  97%|█████████▋| 88/91 [12:00<00:00,  4.38cell/s]
Executing:  98%|█████████▊| 89/91 [12:00<00:00,  4.51cell/s]
Executing:  99%|█████████▉| 90/91 [12:00<00:00,  4.58cell/s]
Executing: 100%|██████████| 91/91 [12:01<00:00,  4.61cell/s]
Executing: 100%|██████████| 91/91 [12:01<00:00,  7.93s/cell]
