
Executing:   0%|          | 0/91 [00:00<?, ?cell/s]
Executing:   1%|          | 1/91 [00:00<01:07,  1.34cell/s]
Executing:   4%|▍         | 4/91 [00:01<00:38,  2.28cell/s]
Executing:   8%|▊         | 7/91 [00:02<00:27,  3.06cell/s]
Executing:  13%|█▎        | 12/91 [00:02<00:12,  6.40cell/s]
Executing:  19%|█▊        | 17/91 [00:02<00:07, 10.29cell/s]
Executing:  22%|██▏       | 20/91 [00:05<00:24,  2.87cell/s]
Executing:  26%|██▋       | 24/91 [00:05<00:15,  4.20cell/s]
Executing:  31%|███       | 28/91 [00:06<00:10,  5.74cell/s]
Executing:  35%|███▌      | 32/91 [00:06<00:07,  7.89cell/s]
Executing:  38%|███▊      | 35/91 [00:06<00:05,  9.63cell/s]
Executing:  38%|███▊      | 35/91 [00:20<00:05,  9.63cell/s]
Executing:  40%|███▉      | 36/91 [01:25<08:00,  8.73s/cell]
Executing:  41%|████      | 37/91 [13:31<1:34:28, 104.97s/cell]
Executing:  42%|████▏     | 38/91 [13:32<1:17:50, 88.13s/cell] 
Executing:  45%|████▌     | 41/91 [13:32<43:33, 52.27s/cell]  
Executing:  47%|████▋     | 43/91 [13:33<30:10, 37.73s/cell]
Executing:  49%|████▉     | 45/91 [13:34<20:43, 27.02s/cell]
Executing:  51%|█████     | 46/91 [13:34<16:51, 22.49s/cell]
Executing:  52%|█████▏    | 47/91 [13:34<13:18, 18.15s/cell]
Executing:  53%|█████▎    | 48/91 [13:47<12:14, 17.09s/cell]
Executing:  54%|█████▍    | 49/91 [13:48<09:09, 13.09s/cell]
Executing:  55%|█████▍    | 50/91 [13:48<06:43,  9.83s/cell]
Executing:  56%|█████▌    | 51/91 [13:48<04:51,  7.28s/cell]
Executing:  57%|█████▋    | 52/91 [13:50<03:43,  5.73s/cell]
Executing:  58%|█████▊    | 53/91 [13:50<02:39,  4.19s/cell]
Executing:  59%|█████▉    | 54/91 [13:50<01:53,  3.06s/cell]
Executing:  60%|██████    | 55/91 [13:55<02:07,  3.54s/cell]
Executing:  62%|██████▏   | 56/91 [13:55<01:31,  2.61s/cell]
Executing:  63%|██████▎   | 57/91 [13:56<01:04,  1.91s/cell]
Executing:  64%|██████▎   | 58/91 [13:56<00:46,  1.42s/cell]
Executing:  65%|██████▍   | 59/91 [13:56<00:33,  1.06s/cell]
Executing:  66%|██████▌   | 60/91 [13:56<00:25,  1.21cell/s]
Executing:  67%|██████▋   | 61/91 [13:57<00:19,  1.51cell/s]
Executing:  68%|██████▊   | 62/91 [13:57<00:15,  1.85cell/s]
Executing:  69%|██████▉   | 63/91 [13:57<00:13,  2.14cell/s]
Executing:  70%|███████   | 64/91 [13:59<00:20,  1.33cell/s]
Executing:  71%|███████▏  | 65/91 [14:00<00:25,  1.01cell/s]
Executing:  73%|███████▎  | 66/91 [14:02<00:28,  1.14s/cell]
Executing:  74%|███████▎  | 67/91 [14:02<00:21,  1.11cell/s]
Executing:  75%|███████▍  | 68/91 [14:02<00:16,  1.41cell/s]
ExactExplainer explainer:  20%|██        | 23/113 [00:00<?, ?it/s]

ExactExplainer explainer:  22%|██▏       | 25/113 [00:10<00:16,  5.43it/s]

ExactExplainer explainer:  23%|██▎       | 26/113 [00:10<00:22,  3.80it/s]

ExactExplainer explainer:  24%|██▍       | 27/113 [00:11<00:24,  3.56it/s]

ExactExplainer explainer:  25%|██▍       | 28/113 [00:11<00:25,  3.40it/s]

ExactExplainer explainer:  26%|██▌       | 29/113 [00:11<00:27,  3.05it/s]

ExactExplainer explainer:  27%|██▋       | 30/113 [00:12<00:26,  3.09it/s]

ExactExplainer explainer:  27%|██▋       | 31/113 [00:12<00:26,  3.07it/s]

ExactExplainer explainer:  28%|██▊       | 32/113 [00:12<00:26,  3.09it/s]

ExactExplainer explainer:  29%|██▉       | 33/113 [00:13<00:25,  3.09it/s]

ExactExplainer explainer:  30%|███       | 34/113 [00:13<00:25,  3.09it/s]

ExactExplainer explainer:  31%|███       | 35/113 [00:13<00:25,  3.12it/s]

ExactExplainer explainer:  32%|███▏      | 36/113 [00:14<00:24,  3.13it/s]

ExactExplainer explainer:  33%|███▎      | 37/113 [00:14<00:24,  3.14it/s]

ExactExplainer explainer:  34%|███▎      | 38/113 [00:14<00:23,  3.15it/s]

ExactExplainer explainer:  35%|███▍      | 39/113 [00:15<00:23,  3.17it/s]

ExactExplainer explainer:  35%|███▌      | 40/113 [00:15<00:22,  3.19it/s]

ExactExplainer explainer:  36%|███▋      | 41/113 [00:15<00:22,  3.17it/s]

ExactExplainer explainer:  37%|███▋      | 42/113 [00:16<00:22,  3.16it/s]

ExactExplainer explainer:  38%|███▊      | 43/113 [00:16<00:22,  3.18it/s]

ExactExplainer explainer:  39%|███▉      | 44/113 [00:16<00:21,  3.17it/s]

ExactExplainer explainer:  40%|███▉      | 45/113 [00:17<00:21,  3.20it/s]

ExactExplainer explainer:  41%|████      | 46/113 [00:17<00:20,  3.20it/s]

ExactExplainer explainer:  42%|████▏     | 47/113 [00:17<00:20,  3.18it/s]

ExactExplainer explainer:  42%|████▏     | 48/113 [00:17<00:20,  3.20it/s]

ExactExplainer explainer:  43%|████▎     | 49/113 [00:18<00:19,  3.21it/s]

ExactExplainer explainer:  44%|████▍     | 50/113 [00:18<00:19,  3.20it/s]

ExactExplainer explainer:  45%|████▌     | 51/113 [00:18<00:19,  3.20it/s]

ExactExplainer explainer:  46%|████▌     | 52/113 [00:19<00:19,  3.19it/s]

ExactExplainer explainer:  47%|████▋     | 53/113 [00:19<00:18,  3.20it/s]

ExactExplainer explainer:  48%|████▊     | 54/113 [00:19<00:18,  3.21it/s]

ExactExplainer explainer:  49%|████▊     | 55/113 [00:20<00:18,  3.16it/s]

ExactExplainer explainer:  50%|████▉     | 56/113 [00:20<00:17,  3.21it/s]

ExactExplainer explainer:  50%|█████     | 57/113 [00:20<00:17,  3.25it/s]

ExactExplainer explainer:  51%|█████▏    | 58/113 [00:21<00:17,  3.23it/s]

ExactExplainer explainer:  52%|█████▏    | 59/113 [00:21<00:16,  3.26it/s]

ExactExplainer explainer:  53%|█████▎    | 60/113 [00:21<00:16,  3.25it/s]

ExactExplainer explainer:  54%|█████▍    | 61/113 [00:21<00:15,  3.26it/s]

ExactExplainer explainer:  55%|█████▍    | 62/113 [00:22<00:15,  3.27it/s]

ExactExplainer explainer:  56%|█████▌    | 63/113 [00:22<00:15,  3.27it/s]

ExactExplainer explainer:  57%|█████▋    | 64/113 [00:22<00:15,  3.25it/s]

ExactExplainer explainer:  58%|█████▊    | 65/113 [00:23<00:14,  3.25it/s]

ExactExplainer explainer:  58%|█████▊    | 66/113 [00:23<00:14,  3.22it/s]

ExactExplainer explainer:  59%|█████▉    | 67/113 [00:23<00:14,  3.20it/s]

ExactExplainer explainer:  60%|██████    | 68/113 [00:24<00:14,  3.20it/s]

ExactExplainer explainer:  61%|██████    | 69/113 [00:24<00:13,  3.20it/s]

ExactExplainer explainer:  62%|██████▏   | 70/113 [00:24<00:13,  3.22it/s]

ExactExplainer explainer:  63%|██████▎   | 71/113 [00:25<00:13,  3.23it/s]

ExactExplainer explainer:  64%|██████▎   | 72/113 [00:25<00:12,  3.23it/s]

ExactExplainer explainer:  65%|██████▍   | 73/113 [00:25<00:12,  3.21it/s]

ExactExplainer explainer:  65%|██████▌   | 74/113 [00:26<00:11,  3.26it/s]

ExactExplainer explainer:  66%|██████▋   | 75/113 [00:26<00:11,  3.27it/s]

ExactExplainer explainer:  67%|██████▋   | 76/113 [00:26<00:11,  3.08it/s]

ExactExplainer explainer:  68%|██████▊   | 77/113 [00:26<00:11,  3.14it/s]

ExactExplainer explainer:  69%|██████▉   | 78/113 [00:27<00:11,  3.16it/s]

ExactExplainer explainer:  70%|██████▉   | 79/113 [00:27<00:10,  3.21it/s]

ExactExplainer explainer:  71%|███████   | 80/113 [00:27<00:10,  3.21it/s]

ExactExplainer explainer:  72%|███████▏  | 81/113 [00:28<00:10,  3.16it/s]

ExactExplainer explainer:  73%|███████▎  | 82/113 [00:28<00:09,  3.15it/s]

ExactExplainer explainer:  73%|███████▎  | 83/113 [00:28<00:09,  3.16it/s]

ExactExplainer explainer:  74%|███████▍  | 84/113 [00:29<00:09,  3.18it/s]

ExactExplainer explainer:  75%|███████▌  | 85/113 [00:29<00:08,  3.18it/s]

ExactExplainer explainer:  76%|███████▌  | 86/113 [00:29<00:08,  3.20it/s]

ExactExplainer explainer:  77%|███████▋  | 87/113 [00:30<00:08,  3.24it/s]

ExactExplainer explainer:  78%|███████▊  | 88/113 [00:30<00:07,  3.24it/s]

ExactExplainer explainer:  79%|███████▉  | 89/113 [00:30<00:07,  3.24it/s]

ExactExplainer explainer:  80%|███████▉  | 90/113 [00:31<00:07,  3.27it/s]

ExactExplainer explainer:  81%|████████  | 91/113 [00:31<00:06,  3.26it/s]

ExactExplainer explainer:  81%|████████▏ | 92/113 [00:31<00:06,  3.25it/s]

ExactExplainer explainer:  82%|████████▏ | 93/113 [00:31<00:06,  3.24it/s]

ExactExplainer explainer:  83%|████████▎ | 94/113 [00:32<00:05,  3.26it/s]

ExactExplainer explainer:  84%|████████▍ | 95/113 [00:32<00:05,  3.28it/s]

ExactExplainer explainer:  85%|████████▍ | 96/113 [00:32<00:05,  3.25it/s]

ExactExplainer explainer:  86%|████████▌ | 97/113 [00:33<00:04,  3.25it/s]

ExactExplainer explainer:  87%|████████▋ | 98/113 [00:33<00:04,  3.26it/s]

ExactExplainer explainer:  88%|████████▊ | 99/113 [00:33<00:04,  3.25it/s]

ExactExplainer explainer:  88%|████████▊ | 100/113 [00:34<00:04,  3.24it/s]

ExactExplainer explainer:  89%|████████▉ | 101/113 [00:34<00:03,  3.24it/s]

ExactExplainer explainer:  90%|█████████ | 102/113 [00:34<00:03,  3.25it/s]

ExactExplainer explainer:  91%|█████████ | 103/113 [00:35<00:03,  3.25it/s]

ExactExplainer explainer:  92%|█████████▏| 104/113 [00:35<00:02,  3.27it/s]

ExactExplainer explainer:  93%|█████████▎| 105/113 [00:35<00:02,  3.28it/s]

ExactExplainer explainer:  94%|█████████▍| 106/113 [00:35<00:02,  3.28it/s]

ExactExplainer explainer:  95%|█████████▍| 107/113 [00:36<00:01,  3.28it/s]

ExactExplainer explainer:  96%|█████████▌| 108/113 [00:36<00:01,  3.27it/s]

ExactExplainer explainer:  96%|█████████▋| 109/113 [00:36<00:01,  3.30it/s]

ExactExplainer explainer:  97%|█████████▋| 110/113 [00:37<00:00,  3.31it/s]

ExactExplainer explainer:  98%|█████████▊| 111/113 [00:37<00:00,  3.30it/s]

ExactExplainer explainer:  99%|█████████▉| 112/113 [00:37<00:00,  3.31it/s]

ExactExplainer explainer: 100%|██████████| 113/113 [00:38<00:00,  3.30it/s]

ExactExplainer explainer: 114it [00:38,  3.31it/s]                         

ExactExplainer explainer: 114it [00:38,  2.37it/s]



Executing:  76%|███████▌  | 69/91 [14:43<04:40, 12.73s/cell]
Executing:  77%|███████▋  | 70/91 [14:43<03:08,  8.98s/cell]
Executing:  78%|███████▊  | 71/91 [14:44<02:08,  6.45s/cell]
Executing:  79%|███████▉  | 72/91 [14:44<01:27,  4.58s/cell]
Executing:  80%|████████  | 73/91 [14:44<00:59,  3.28s/cell]
Executing:  81%|████████▏ | 74/91 [14:44<00:40,  2.36s/cell]
Executing:  82%|████████▏ | 75/91 [14:45<00:27,  1.72s/cell]
Executing:  84%|████████▎ | 76/91 [14:45<00:19,  1.27s/cell]
Executing:  85%|████████▍ | 77/91 [14:45<00:13,  1.05cell/s]
Executing:  86%|████████▌ | 78/91 [14:45<00:09,  1.36cell/s]
Executing:  87%|████████▋ | 79/91 [14:46<00:07,  1.69cell/s]
Executing:  88%|████████▊ | 80/91 [14:46<00:05,  2.07cell/s]
Executing:  89%|████████▉ | 81/91 [14:46<00:04,  2.44cell/s]
Executing:  90%|█████████ | 82/91 [14:46<00:03,  2.79cell/s]
Executing:  91%|█████████ | 83/91 [14:47<00:02,  3.05cell/s]
Executing:  92%|█████████▏| 84/91 [14:47<00:02,  3.22cell/s]
Executing:  93%|█████████▎| 85/91 [14:47<00:01,  3.43cell/s]
Executing:  95%|█████████▍| 86/91 [14:47<00:01,  3.68cell/s]
Executing:  96%|█████████▌| 87/91 [14:48<00:01,  3.75cell/s]
Executing:  97%|█████████▋| 88/91 [14:48<00:00,  3.91cell/s]
Executing:  98%|█████████▊| 89/91 [14:48<00:00,  4.06cell/s]
Executing:  99%|█████████▉| 90/91 [14:48<00:00,  4.14cell/s]
Executing: 100%|██████████| 91/91 [14:48<00:00,  4.21cell/s]
Executing: 100%|██████████| 91/91 [14:51<00:00,  9.80s/cell]
