
Executing:   0%|          | 0/91 [00:00<?, ?cell/s]
Executing:   1%|          | 1/91 [00:00<01:10,  1.28cell/s]
Executing:   4%|▍         | 4/91 [00:01<00:38,  2.26cell/s]
Executing:   8%|▊         | 7/91 [00:02<00:26,  3.13cell/s]
Executing:  13%|█▎        | 12/91 [00:02<00:12,  6.58cell/s]
Executing:  19%|█▊        | 17/91 [00:02<00:06, 10.61cell/s]
Executing:  22%|██▏       | 20/91 [00:05<00:21,  3.24cell/s]
Executing:  26%|██▋       | 24/91 [00:05<00:14,  4.73cell/s]
Executing:  31%|███       | 28/91 [00:05<00:09,  6.44cell/s]
Executing:  35%|███▌      | 32/91 [00:05<00:06,  8.79cell/s]
Executing:  38%|███▊      | 35/91 [00:05<00:05, 10.70cell/s]
Executing:  38%|███▊      | 35/91 [00:20<00:05, 10.70cell/s]
Executing:  40%|███▉      | 36/91 [01:20<07:31,  8.21s/cell]
Executing:  41%|████      | 37/91 [12:46<1:29:13, 99.14s/cell]
Executing:  42%|████▏     | 38/91 [12:46<1:13:31, 83.24s/cell]
Executing:  45%|████▌     | 41/91 [12:47<41:08, 49.37s/cell]  
Executing:  47%|████▋     | 43/91 [12:48<28:30, 35.63s/cell]
Executing:  49%|████▉     | 45/91 [12:48<19:34, 25.54s/cell]
Executing:  51%|█████     | 46/91 [12:49<15:56, 21.26s/cell]
Executing:  52%|█████▏    | 47/91 [12:49<12:35, 17.16s/cell]
Executing:  53%|█████▎    | 48/91 [13:01<11:28, 16.02s/cell]
Executing:  54%|█████▍    | 49/91 [13:01<08:35, 12.27s/cell]
Executing:  55%|█████▍    | 50/91 [13:01<06:17,  9.22s/cell]
Executing:  56%|█████▌    | 51/91 [13:01<04:33,  6.83s/cell]
Executing:  57%|█████▋    | 52/91 [13:03<03:30,  5.39s/cell]
Executing:  58%|█████▊    | 53/91 [13:03<02:29,  3.94s/cell]
Executing:  59%|█████▉    | 54/91 [13:03<01:46,  2.88s/cell]
Executing:  60%|██████    | 55/91 [13:08<02:02,  3.41s/cell]
Executing:  62%|██████▏   | 56/91 [13:08<01:26,  2.48s/cell]
Executing:  63%|██████▎   | 57/91 [13:09<01:01,  1.81s/cell]
Executing:  64%|██████▎   | 58/91 [13:09<00:44,  1.35s/cell]
Executing:  65%|██████▍   | 59/91 [13:09<00:32,  1.01s/cell]
Executing:  66%|██████▌   | 60/91 [13:09<00:24,  1.28cell/s]
Executing:  67%|██████▋   | 61/91 [13:10<00:18,  1.60cell/s]
Executing:  68%|██████▊   | 62/91 [13:10<00:14,  1.97cell/s]
Executing:  69%|██████▉   | 63/91 [13:10<00:11,  2.33cell/s]
Executing:  70%|███████   | 64/91 [13:11<00:19,  1.41cell/s]
Executing:  71%|███████▏  | 65/91 [13:13<00:25,  1.03cell/s]
Executing:  73%|███████▎  | 66/91 [13:15<00:27,  1.12s/cell]
Executing:  74%|███████▎  | 67/91 [13:15<00:21,  1.12cell/s]
Executing:  75%|███████▍  | 68/91 [13:15<00:16,  1.39cell/s]
Executing:  76%|███████▌  | 69/91 [13:21<00:47,  2.17s/cell]
Executing:  77%|███████▋  | 70/91 [13:21<00:33,  1.58s/cell]
Executing:  78%|███████▊  | 71/91 [13:22<00:25,  1.28s/cell]
Executing:  79%|███████▉  | 72/91 [13:22<00:18,  1.03cell/s]
Executing:  80%|████████  | 73/91 [13:22<00:13,  1.32cell/s]
Executing:  81%|████████▏ | 74/91 [13:22<00:10,  1.65cell/s]
Executing:  82%|████████▏ | 75/91 [13:23<00:08,  1.98cell/s]
Executing:  84%|████████▎ | 76/91 [13:23<00:06,  2.33cell/s]
Executing:  85%|████████▍ | 77/91 [13:23<00:05,  2.66cell/s]
Executing:  86%|████████▌ | 78/91 [13:23<00:04,  2.98cell/s]
Executing:  87%|████████▋ | 79/91 [13:24<00:03,  3.23cell/s]
Executing:  88%|████████▊ | 80/91 [13:24<00:03,  3.46cell/s]
Executing:  89%|████████▉ | 81/91 [13:24<00:02,  3.66cell/s]
Executing:  90%|█████████ | 82/91 [13:24<00:02,  3.79cell/s]
Executing:  91%|█████████ | 83/91 [13:25<00:02,  3.91cell/s]
Executing:  92%|█████████▏| 84/91 [13:25<00:01,  3.94cell/s]
Executing:  93%|█████████▎| 85/91 [13:25<00:01,  3.99cell/s]
Executing:  95%|█████████▍| 86/91 [13:25<00:01,  4.10cell/s]
Executing:  96%|█████████▌| 87/91 [13:25<00:00,  4.05cell/s]
Executing:  97%|█████████▋| 88/91 [13:26<00:00,  4.15cell/s]
Executing:  98%|█████████▊| 89/91 [13:26<00:00,  4.26cell/s]
Executing:  99%|█████████▉| 90/91 [13:26<00:00,  4.35cell/s]
Executing: 100%|██████████| 91/91 [13:26<00:00,  4.40cell/s]
Executing: 100%|██████████| 91/91 [13:27<00:00,  8.87s/cell]
