
Executing:   0%|          | 0/91 [00:00<?, ?cell/s]
Executing:   1%|          | 1/91 [00:00<01:10,  1.28cell/s]
Executing:   4%|▍         | 4/91 [00:02<00:42,  2.05cell/s]
Executing:   8%|▊         | 7/91 [00:02<00:28,  2.93cell/s]
Executing:  13%|█▎        | 12/91 [00:02<00:12,  6.16cell/s]
Executing:  19%|█▊        | 17/91 [00:02<00:07,  9.95cell/s]
Executing:  22%|██▏       | 20/91 [00:05<00:23,  3.05cell/s]
Executing:  26%|██▋       | 24/91 [00:05<00:15,  4.45cell/s]
Executing:  31%|███       | 28/91 [00:05<00:10,  6.04cell/s]
Executing:  35%|███▌      | 32/91 [00:06<00:07,  8.30cell/s]
Executing:  38%|███▊      | 35/91 [00:06<00:05, 10.15cell/s]
Executing:  38%|███▊      | 35/91 [00:20<00:05, 10.15cell/s]
Executing:  40%|███▉      | 36/91 [01:24<07:54,  8.63s/cell]
Executing:  41%|████      | 37/91 [27:01<3:12:14, 213.60s/cell]
Executing:  42%|████▏     | 38/91 [27:01<2:38:22, 179.29s/cell]
Executing:  45%|████▌     | 41/91 [27:02<1:28:31, 106.23s/cell]
Executing:  47%|████▋     | 43/91 [27:02<1:01:15, 76.58s/cell] 
Executing:  49%|████▉     | 45/91 [27:03<41:59, 54.77s/cell]  
Executing:  51%|█████     | 46/91 [27:03<34:10, 45.57s/cell]
Executing:  52%|█████▏    | 47/91 [27:03<26:56, 36.74s/cell]
Executing:  53%|█████▎    | 48/91 [27:16<22:31, 31.43s/cell]
Executing:  54%|█████▍    | 49/91 [27:16<16:49, 24.03s/cell]
Executing:  55%|█████▍    | 50/91 [27:16<12:18, 18.00s/cell]
Executing:  56%|█████▌    | 51/91 [27:17<08:51, 13.28s/cell]
Executing:  57%|█████▋    | 52/91 [27:18<06:31, 10.04s/cell]
Executing:  58%|█████▊    | 53/91 [27:18<04:36,  7.27s/cell]
Executing:  59%|█████▉    | 54/91 [27:18<03:14,  5.25s/cell]
Executing:  60%|██████    | 55/91 [27:23<02:59,  4.97s/cell]
Executing:  62%|██████▏   | 56/91 [27:23<02:05,  3.58s/cell]
Executing:  63%|██████▎   | 57/91 [27:23<01:27,  2.59s/cell]
Executing:  64%|██████▎   | 58/91 [27:23<01:02,  1.89s/cell]
Executing:  65%|██████▍   | 59/91 [27:24<00:44,  1.40s/cell]
Executing:  66%|██████▌   | 60/91 [27:24<00:32,  1.06s/cell]
Executing:  67%|██████▋   | 61/91 [27:24<00:24,  1.22cell/s]
Executing:  68%|██████▊   | 62/91 [27:24<00:18,  1.54cell/s]
Executing:  69%|██████▉   | 63/91 [27:25<00:14,  1.88cell/s]
Executing:  70%|███████   | 64/91 [27:26<00:20,  1.30cell/s]
Executing:  71%|███████▏  | 65/91 [27:28<00:25,  1.01cell/s]
Executing:  73%|███████▎  | 66/91 [27:29<00:29,  1.19s/cell]
Executing:  74%|███████▎  | 67/91 [27:30<00:22,  1.06cell/s]
Executing:  75%|███████▍  | 68/91 [27:30<00:17,  1.34cell/s]
Executing:  76%|███████▌  | 69/91 [27:36<00:50,  2.29s/cell]
Executing:  77%|███████▋  | 70/91 [27:36<00:35,  1.68s/cell]
Executing:  78%|███████▊  | 71/91 [27:37<00:27,  1.35s/cell]
Executing:  79%|███████▉  | 72/91 [27:37<00:19,  1.02s/cell]
Executing:  80%|████████  | 73/91 [27:37<00:14,  1.25cell/s]
Executing:  81%|████████▏ | 74/91 [27:37<00:10,  1.58cell/s]
Executing:  82%|████████▏ | 75/91 [27:38<00:08,  1.95cell/s]
Executing:  84%|████████▎ | 76/91 [27:38<00:06,  2.22cell/s]
Executing:  85%|████████▍ | 77/91 [27:38<00:05,  2.61cell/s]
Executing:  86%|████████▌ | 78/91 [27:38<00:04,  2.96cell/s]
Executing:  87%|████████▋ | 79/91 [27:39<00:03,  3.26cell/s]
Executing:  88%|████████▊ | 80/91 [27:39<00:03,  3.50cell/s]
Executing:  89%|████████▉ | 81/91 [27:39<00:02,  3.74cell/s]
Executing:  90%|█████████ | 82/91 [27:39<00:02,  3.88cell/s]
Executing:  91%|█████████ | 83/91 [27:40<00:02,  3.98cell/s]
Executing:  92%|█████████▏| 84/91 [27:40<00:01,  3.98cell/s]
Executing:  93%|█████████▎| 85/91 [27:40<00:01,  3.86cell/s]
Executing:  95%|█████████▍| 86/91 [27:40<00:01,  3.84cell/s]
Executing:  96%|█████████▌| 87/91 [27:41<00:01,  3.79cell/s]
Executing:  97%|█████████▋| 88/91 [27:41<00:00,  3.91cell/s]
Executing:  98%|█████████▊| 89/91 [27:41<00:00,  4.03cell/s]
Executing:  99%|█████████▉| 90/91 [27:41<00:00,  4.05cell/s]
Executing: 100%|██████████| 91/91 [27:42<00:00,  4.07cell/s]
Executing: 100%|██████████| 91/91 [27:42<00:00, 18.27s/cell]
