
Executing:   0%|          | 0/91 [00:00<?, ?cell/s]
Executing:   1%|          | 1/91 [00:00<01:11,  1.26cell/s]
Executing:   4%|▍         | 4/91 [00:02<00:43,  2.01cell/s]
Executing:   8%|▊         | 7/91 [00:02<00:29,  2.89cell/s]
Executing:  13%|█▎        | 12/91 [00:02<00:12,  6.09cell/s]
Executing:  19%|█▊        | 17/91 [00:02<00:07,  9.91cell/s]
Executing:  22%|██▏       | 20/91 [00:05<00:22,  3.13cell/s]
Executing:  26%|██▋       | 24/91 [00:05<00:14,  4.57cell/s]
Executing:  31%|███       | 28/91 [00:05<00:10,  6.21cell/s]
Executing:  35%|███▌      | 32/91 [00:06<00:06,  8.51cell/s]
Executing:  38%|███▊      | 35/91 [00:06<00:05, 10.38cell/s]
Executing:  38%|███▊      | 35/91 [00:20<00:05, 10.38cell/s]
Executing:  40%|███▉      | 36/91 [01:22<07:41,  8.39s/cell]
Executing:  41%|████      | 37/91 [11:25<1:19:20, 88.15s/cell]
Executing:  42%|████▏     | 38/91 [11:25<1:05:22, 74.02s/cell]
Executing:  45%|████▌     | 41/91 [11:26<36:35, 43.92s/cell]  
Executing:  47%|████▋     | 43/91 [11:27<25:21, 31.70s/cell]
Executing:  49%|████▉     | 45/91 [11:27<17:24, 22.72s/cell]
Executing:  51%|█████     | 46/91 [11:27<14:10, 18.90s/cell]
Executing:  52%|█████▏    | 47/91 [11:28<11:11, 15.26s/cell]
Executing:  53%|█████▎    | 48/91 [11:39<10:22, 14.49s/cell]
Executing:  54%|█████▍    | 49/91 [11:39<07:46, 11.10s/cell]
Executing:  55%|█████▍    | 50/91 [11:40<05:41,  8.34s/cell]
Executing:  56%|█████▌    | 51/91 [11:40<04:07,  6.18s/cell]
Executing:  57%|█████▋    | 52/91 [11:41<03:10,  4.89s/cell]
Executing:  58%|█████▊    | 53/91 [11:42<02:15,  3.58s/cell]
Executing:  59%|█████▉    | 54/91 [11:42<01:36,  2.61s/cell]
Executing:  60%|██████    | 55/91 [11:46<01:48,  3.02s/cell]
Executing:  62%|██████▏   | 56/91 [11:46<01:17,  2.22s/cell]
Executing:  63%|██████▎   | 57/91 [11:46<00:55,  1.63s/cell]
Executing:  64%|██████▎   | 58/91 [11:47<00:39,  1.21s/cell]
Executing:  65%|██████▍   | 59/91 [11:47<00:29,  1.10cell/s]
Executing:  66%|██████▌   | 60/91 [11:47<00:21,  1.42cell/s]
Executing:  67%|██████▋   | 61/91 [11:47<00:16,  1.80cell/s]
Executing:  68%|██████▊   | 62/91 [11:47<00:13,  2.11cell/s]
Executing:  69%|██████▉   | 63/91 [11:48<00:11,  2.51cell/s]
Executing:  70%|███████   | 64/91 [11:49<00:17,  1.53cell/s]
Executing:  71%|███████▏  | 65/91 [11:50<00:23,  1.13cell/s]
Executing:  73%|███████▎  | 66/91 [11:52<00:25,  1.02s/cell]
Executing:  74%|███████▎  | 67/91 [11:52<00:19,  1.25cell/s]
Executing:  75%|███████▍  | 68/91 [11:52<00:14,  1.60cell/s]
Executing:  76%|███████▌  | 69/91 [11:57<00:44,  2.00s/cell]
Executing:  77%|███████▋  | 70/91 [11:58<00:30,  1.47s/cell]
Executing:  78%|███████▊  | 71/91 [11:58<00:23,  1.19s/cell]
Executing:  79%|███████▉  | 72/91 [11:58<00:17,  1.11cell/s]
Executing:  80%|████████  | 73/91 [11:59<00:12,  1.43cell/s]
Executing:  81%|████████▏ | 74/91 [11:59<00:09,  1.79cell/s]
Executing:  82%|████████▏ | 75/91 [11:59<00:07,  2.16cell/s]
Executing:  84%|████████▎ | 76/91 [11:59<00:05,  2.52cell/s]
Executing:  85%|████████▍ | 77/91 [12:00<00:04,  2.92cell/s]
Executing:  86%|████████▌ | 78/91 [12:00<00:03,  3.30cell/s]
Executing:  87%|████████▋ | 79/91 [12:00<00:03,  3.58cell/s]
Executing:  88%|████████▊ | 80/91 [12:00<00:02,  3.86cell/s]
Executing:  89%|████████▉ | 81/91 [12:00<00:02,  4.08cell/s]
Executing:  90%|█████████ | 82/91 [12:01<00:02,  4.18cell/s]
Executing:  91%|█████████ | 83/91 [12:01<00:01,  4.18cell/s]
Executing:  92%|█████████▏| 84/91 [12:01<00:01,  4.24cell/s]
Executing:  93%|█████████▎| 85/91 [12:01<00:01,  4.07cell/s]
Executing:  95%|█████████▍| 86/91 [12:02<00:01,  4.07cell/s]
Executing:  96%|█████████▌| 87/91 [12:02<00:01,  3.94cell/s]
Executing:  97%|█████████▋| 88/91 [12:02<00:00,  3.95cell/s]
Executing:  98%|█████████▊| 89/91 [12:02<00:00,  4.05cell/s]
Executing:  99%|█████████▉| 90/91 [12:03<00:00,  4.10cell/s]
Executing: 100%|██████████| 91/91 [12:03<00:00,  4.16cell/s]
Executing: 100%|██████████| 91/91 [12:03<00:00,  7.96s/cell]
