
Executing:   0%|          | 0/91 [00:00<?, ?cell/s]
Executing:   1%|          | 1/91 [00:00<01:12,  1.25cell/s]
Executing:   4%|▍         | 4/91 [00:01<00:39,  2.21cell/s]
Executing:   8%|▊         | 7/91 [00:02<00:27,  3.11cell/s]
Executing:  13%|█▎        | 12/91 [00:02<00:12,  6.53cell/s]
Executing:  19%|█▊        | 17/91 [00:02<00:06, 10.58cell/s]
Executing:  22%|██▏       | 20/91 [00:05<00:21,  3.30cell/s]
Executing:  26%|██▋       | 24/91 [00:05<00:13,  4.80cell/s]
Executing:  31%|███       | 28/91 [00:05<00:09,  6.53cell/s]
Executing:  36%|███▋      | 33/91 [00:05<00:06,  9.50cell/s]
Executing:  38%|███▊      | 35/91 [00:20<00:05,  9.50cell/s]
Executing:  40%|███▉      | 36/91 [01:22<05:46,  6.29s/cell]
Executing:  41%|████      | 37/91 [12:43<1:08:09, 75.73s/cell]
Executing:  42%|████▏     | 38/91 [12:43<58:20, 66.05s/cell]  
Executing:  45%|████▌     | 41/91 [12:44<35:35, 42.70s/cell]
Executing:  47%|████▋     | 43/91 [12:44<25:35, 31.99s/cell]
Executing:  49%|████▉     | 45/91 [12:45<18:04, 23.57s/cell]
Executing:  52%|█████▏    | 47/91 [12:45<12:34, 17.16s/cell]
Executing:  53%|█████▎    | 48/91 [12:58<11:43, 16.37s/cell]
Executing:  54%|█████▍    | 49/91 [12:58<09:18, 13.31s/cell]
Executing:  55%|█████▍    | 50/91 [12:58<07:11, 10.52s/cell]
Executing:  56%|█████▌    | 51/91 [12:58<05:24,  8.11s/cell]
Executing:  57%|█████▋    | 52/91 [13:00<04:11,  6.46s/cell]
Executing:  58%|█████▊    | 53/91 [13:00<03:03,  4.82s/cell]
Executing:  59%|█████▉    | 54/91 [13:00<02:12,  3.58s/cell]
Executing:  60%|██████    | 55/91 [13:05<02:20,  3.91s/cell]
Executing:  62%|██████▏   | 56/91 [13:06<01:40,  2.88s/cell]
Executing:  63%|██████▎   | 57/91 [13:06<01:11,  2.10s/cell]
Executing:  64%|██████▎   | 58/91 [13:06<00:51,  1.55s/cell]
Executing:  65%|██████▍   | 59/91 [13:06<00:36,  1.15s/cell]
Executing:  66%|██████▌   | 60/91 [13:06<00:27,  1.14cell/s]
Executing:  67%|██████▋   | 61/91 [13:07<00:20,  1.48cell/s]
Executing:  68%|██████▊   | 62/91 [13:07<00:15,  1.85cell/s]
Executing:  69%|██████▉   | 63/91 [13:07<00:12,  2.25cell/s]
Executing:  70%|███████   | 64/91 [13:08<00:18,  1.45cell/s]
Executing:  71%|███████▏  | 65/91 [13:10<00:24,  1.07cell/s]
Executing:  73%|███████▎  | 66/91 [13:11<00:26,  1.07s/cell]
Executing:  74%|███████▎  | 67/91 [13:11<00:20,  1.18cell/s]
Executing:  75%|███████▍  | 68/91 [13:12<00:15,  1.50cell/s]
Executing:  76%|███████▌  | 69/91 [13:18<00:49,  2.27s/cell]
Executing:  77%|███████▋  | 70/91 [13:18<00:34,  1.66s/cell]
Executing:  78%|███████▊  | 71/91 [13:19<00:26,  1.34s/cell]
Executing:  79%|███████▉  | 72/91 [13:19<00:19,  1.01s/cell]
Executing:  80%|████████  | 73/91 [13:19<00:14,  1.27cell/s]
Executing:  81%|████████▏ | 74/91 [13:19<00:10,  1.59cell/s]
Executing:  82%|████████▏ | 75/91 [13:20<00:08,  1.95cell/s]
Executing:  84%|████████▎ | 76/91 [13:20<00:06,  2.31cell/s]
Executing:  85%|████████▍ | 77/91 [13:20<00:05,  2.66cell/s]
Executing:  86%|████████▌ | 78/91 [13:20<00:04,  2.96cell/s]
Executing:  87%|████████▋ | 79/91 [13:21<00:03,  3.21cell/s]
Executing:  88%|████████▊ | 80/91 [13:21<00:03,  3.48cell/s]
Executing:  89%|████████▉ | 81/91 [13:21<00:02,  3.73cell/s]
Executing:  90%|█████████ | 82/91 [13:21<00:02,  3.86cell/s]
Executing:  91%|█████████ | 83/91 [13:22<00:02,  3.84cell/s]
Executing:  92%|█████████▏| 84/91 [13:22<00:01,  3.87cell/s]
Executing:  93%|█████████▎| 85/91 [13:22<00:01,  3.92cell/s]
Executing:  95%|█████████▍| 86/91 [13:22<00:01,  4.02cell/s]
Executing:  96%|█████████▌| 87/91 [13:23<00:01,  3.93cell/s]
Executing:  97%|█████████▋| 88/91 [13:23<00:00,  4.02cell/s]
Executing:  98%|█████████▊| 89/91 [13:23<00:00,  4.07cell/s]
Executing:  99%|█████████▉| 90/91 [13:23<00:00,  4.17cell/s]
Executing: 100%|██████████| 91/91 [13:23<00:00,  4.19cell/s]
Executing: 100%|██████████| 91/91 [13:24<00:00,  8.84s/cell]
